Archive member included to satisfy reference by file (symbol)

/opt/intelFPGA/20.1.1/nios2eds/bin/gnu/H-x86_64-pc-linux-gnu/bin/../lib/gcc/nios2-elf/10.1.1/../../../../../H-x86_64-pc-linux-gnu/nios2-elf/lib/mhw-mulx/libc.a(lib_a-memcpy.o)
                              obj/default/hello_ucosii.o (memcpy)
/opt/intelFPGA/20.1.1/nios2eds/bin/gnu/H-x86_64-pc-linux-gnu/bin/../lib/gcc/nios2-elf/10.1.1/../../../../../H-x86_64-pc-linux-gnu/nios2-elf/lib/mhw-mulx/libc.a(lib_a-printf.o)
                              obj/default/hello_ucosii.o (printf)
/opt/intelFPGA/20.1.1/nios2eds/bin/gnu/H-x86_64-pc-linux-gnu/bin/../lib/gcc/nios2-elf/10.1.1/../../../../../H-x86_64-pc-linux-gnu/nios2-elf/lib/mhw-mulx/libc.a(lib_a-puts.o)
                              obj/default/hello_ucosii.o (puts)
/opt/intelFPGA/20.1.1/nios2eds/bin/gnu/H-x86_64-pc-linux-gnu/bin/../lib/gcc/nios2-elf/10.1.1/../../../../../H-x86_64-pc-linux-gnu/nios2-elf/lib/mhw-mulx/libc.a(lib_a-rand.o)
                              obj/default/hello_ucosii.o (srand)
/opt/intelFPGA/20.1.1/nios2eds/bin/gnu/H-x86_64-pc-linux-gnu/bin/../lib/gcc/nios2-elf/10.1.1/../../../../../H-x86_64-pc-linux-gnu/nios2-elf/lib/mhw-mulx/libc.a(lib_a-strlen.o)
                              /opt/intelFPGA/20.1.1/nios2eds/bin/gnu/H-x86_64-pc-linux-gnu/bin/../lib/gcc/nios2-elf/10.1.1/../../../../../H-x86_64-pc-linux-gnu/nios2-elf/lib/mhw-mulx/libc.a(lib_a-puts.o) (strlen)
/opt/intelFPGA/20.1.1/nios2eds/bin/gnu/H-x86_64-pc-linux-gnu/bin/../lib/gcc/nios2-elf/10.1.1/../../../../../H-x86_64-pc-linux-gnu/nios2-elf/lib/mhw-mulx/libc.a(lib_a-time.o)
                              obj/default/hello_ucosii.o (time)
/opt/intelFPGA/20.1.1/nios2eds/bin/gnu/H-x86_64-pc-linux-gnu/bin/../lib/gcc/nios2-elf/10.1.1/../../../../../H-x86_64-pc-linux-gnu/nios2-elf/lib/mhw-mulx/libc.a(lib_a-vfprintf.o)
                              /opt/intelFPGA/20.1.1/nios2eds/bin/gnu/H-x86_64-pc-linux-gnu/bin/../lib/gcc/nios2-elf/10.1.1/../../../../../H-x86_64-pc-linux-gnu/nios2-elf/lib/mhw-mulx/libc.a(lib_a-printf.o) (___vfprintf_internal_r)
/opt/intelFPGA/20.1.1/nios2eds/bin/gnu/H-x86_64-pc-linux-gnu/bin/../lib/gcc/nios2-elf/10.1.1/../../../../../H-x86_64-pc-linux-gnu/nios2-elf/lib/mhw-mulx/libc.a(lib_a-wsetup.o)
                              /opt/intelFPGA/20.1.1/nios2eds/bin/gnu/H-x86_64-pc-linux-gnu/bin/../lib/gcc/nios2-elf/10.1.1/../../../../../H-x86_64-pc-linux-gnu/nios2-elf/lib/mhw-mulx/libc.a(lib_a-vfprintf.o) (__swsetup_r)
/opt/intelFPGA/20.1.1/nios2eds/bin/gnu/H-x86_64-pc-linux-gnu/bin/../lib/gcc/nios2-elf/10.1.1/../../../../../H-x86_64-pc-linux-gnu/nios2-elf/lib/mhw-mulx/libc.a(lib_a-dtoa.o)
                              /opt/intelFPGA/20.1.1/nios2eds/bin/gnu/H-x86_64-pc-linux-gnu/bin/../lib/gcc/nios2-elf/10.1.1/../../../../../H-x86_64-pc-linux-gnu/nios2-elf/lib/mhw-mulx/libc.a(lib_a-vfprintf.o) (_dtoa_r)
/opt/intelFPGA/20.1.1/nios2eds/bin/gnu/H-x86_64-pc-linux-gnu/bin/../lib/gcc/nios2-elf/10.1.1/../../../../../H-x86_64-pc-linux-gnu/nios2-elf/lib/mhw-mulx/libc.a(lib_a-fflush.o)
                              /opt/intelFPGA/20.1.1/nios2eds/bin/gnu/H-x86_64-pc-linux-gnu/bin/../lib/gcc/nios2-elf/10.1.1/../../../../../H-x86_64-pc-linux-gnu/nios2-elf/lib/mhw-mulx/libc.a(lib_a-vfprintf.o) (_fflush_r)
/opt/intelFPGA/20.1.1/nios2eds/bin/gnu/H-x86_64-pc-linux-gnu/bin/../lib/gcc/nios2-elf/10.1.1/../../../../../H-x86_64-pc-linux-gnu/nios2-elf/lib/mhw-mulx/libc.a(lib_a-findfp.o)
                              /opt/intelFPGA/20.1.1/nios2eds/bin/gnu/H-x86_64-pc-linux-gnu/bin/../lib/gcc/nios2-elf/10.1.1/../../../../../H-x86_64-pc-linux-gnu/nios2-elf/lib/mhw-mulx/libc.a(lib_a-puts.o) (__sinit)
/opt/intelFPGA/20.1.1/nios2eds/bin/gnu/H-x86_64-pc-linux-gnu/bin/../lib/gcc/nios2-elf/10.1.1/../../../../../H-x86_64-pc-linux-gnu/nios2-elf/lib/mhw-mulx/libc.a(lib_a-freer.o)
                              /opt/intelFPGA/20.1.1/nios2eds/bin/gnu/H-x86_64-pc-linux-gnu/bin/../lib/gcc/nios2-elf/10.1.1/../../../../../H-x86_64-pc-linux-gnu/nios2-elf/lib/mhw-mulx/libc.a(lib_a-wsetup.o) (_free_r)
/opt/intelFPGA/20.1.1/nios2eds/bin/gnu/H-x86_64-pc-linux-gnu/bin/../lib/gcc/nios2-elf/10.1.1/../../../../../H-x86_64-pc-linux-gnu/nios2-elf/lib/mhw-mulx/libc.a(lib_a-fvwrite.o)
                              /opt/intelFPGA/20.1.1/nios2eds/bin/gnu/H-x86_64-pc-linux-gnu/bin/../lib/gcc/nios2-elf/10.1.1/../../../../../H-x86_64-pc-linux-gnu/nios2-elf/lib/mhw-mulx/libc.a(lib_a-puts.o) (__sfvwrite_r)
/opt/intelFPGA/20.1.1/nios2eds/bin/gnu/H-x86_64-pc-linux-gnu/bin/../lib/gcc/nios2-elf/10.1.1/../../../../../H-x86_64-pc-linux-gnu/nios2-elf/lib/mhw-mulx/libc.a(lib_a-fwalk.o)
                              /opt/intelFPGA/20.1.1/nios2eds/bin/gnu/H-x86_64-pc-linux-gnu/bin/../lib/gcc/nios2-elf/10.1.1/../../../../../H-x86_64-pc-linux-gnu/nios2-elf/lib/mhw-mulx/libc.a(lib_a-findfp.o) (_fwalk)
/opt/intelFPGA/20.1.1/nios2eds/bin/gnu/H-x86_64-pc-linux-gnu/bin/../lib/gcc/nios2-elf/10.1.1/../../../../../H-x86_64-pc-linux-gnu/nios2-elf/lib/mhw-mulx/libc.a(lib_a-gettimeofdayr.o)
[...]
Memory Configuration

Name             Origin             Length             Attributes
reset            0x0000000000000000 0x0000000000000020
SDRAM            0x0000000000000020 0x0000000003ffffe0
VGA_Subsystem_Char_Buf_Subsystem_Onchip_SRAM 0x0000000009000000 0x0000000000002000
*default*        0x0000000000000000 0xffffffffffffffff

Linker script and memory map

LOAD ../ucosii_binary_game_hal_part2_bsp//obj/HAL/src/crt0.o
LOAD obj/default/hello_ucosii.o
LOAD /opt/intelFPGA/20.1.1/nios2eds/bin/gnu/H-x86_64-pc-linux-gnu/bin/../lib/gcc/nios2-elf/10.1.1/../../../../../H-x86_64-pc-linux-gnu/nios2-elf/lib/mhw-mulx/libstdc++.a
LOAD /opt/intelFPGA/20.1.1/nios2eds/bin/gnu/H-x86_64-pc-linux-gnu/bin/../lib/gcc/nios2-elf/10.1.1/../../../../../H-x86_64-pc-linux-gnu/nios2-elf/lib/mhw-mulx/libm.a
LOAD /opt/intelFPGA/20.1.1/nios2eds/bin/gnu/H-x86_64-pc-linux-gnu/bin/../lib/gcc/nios2-elf/10.1.1/mhw-mulx/libgcc.a
START GROUP
LOAD /opt/intelFPGA/20.1.1/nios2eds/bin/gnu/H-x86_64-pc-linux-gnu/bin/../lib/gcc/nios2-elf/10.1.1/../../../../../H-x86_64-pc-linux-gnu/nios2-elf/lib/mhw-mulx/libc.a
LOAD /opt/intelFPGA/20.1.1/nios2eds/bin/gnu/H-x86_64-pc-linux-gnu/bin/../lib/gcc/nios2-elf/10.1.1/mhw-mulx/libgcc.a
LOAD ../ucosii_binary_game_hal_part2_bsp//libucosii_bsp.a
LOAD /opt/intelFPGA/20.1.1/nios2eds/bin/gnu/H-x86_64-pc-linux-gnu/bin/../lib/gcc/nios2-elf/10.1.1/../../../../../H-x86_64-pc-linux-gnu/nios2-elf/lib/mhw-mulx/libm.a
END GROUP
LOAD /opt/intelFPGA/20.1.1/nios2eds/bin/gnu/H-x86_64-pc-linux-gnu/bin/../lib/gcc/nios2-elf/10.1.1/mhw-mulx/libgcc.a
                0x0000000000000000                __alt_mem_SDRAM = 0x0
                0x0000000009000000                __alt_mem_VGA_Subsystem_Char_Buf_Subsystem_Onchip_SRAM = 0x9000000

.entry          0x0000000000000000       0x20
 *(.entry)
 .entry         0x0000000000000000       0x20 ../ucosii_binary_game_hal_part2_bsp//obj/HAL/src/crt0.o
                0x0000000000000000                __reset

.exceptions     0x0000000000000020      0x21c
                0x0000000000000020                PROVIDE (__ram_exceptions_start = ABSOLUTE (.))
                0x0000000000000020                . = ALIGN (0x20)
 *(.irq)
 *(.exceptions.entry.label)
 .exceptions.entry.label
                0x0000000000000020        0x0 ../ucosii_binary_game_hal_part2_bsp//libucosii_bsp.a(alt_irq_entry.o)
                0x0000000000000020                alt_irq_entry
 .exceptions.entry.label
                0x0000000000000020        0x0 ../ucosii_binary_game_hal_part2_bsp//libucosii_bsp.a(alt_exception_entry.o)
                0x0000000000000020                alt_exception
 *(.exceptions.entry.user)
 *(.exceptions.entry.ecc_fatal)
 *(.exceptions.entry)
 .exceptions.entry
                0x0000000000000020       0x54 ../ucosii_binary_game_hal_part2_bsp//libucosii_bsp.a(alt_exception_entry.o)
 *(.exceptions.irqtest.user)
 *(.exceptions.irqtest)
 .exceptions.irqtest
                0x0000000000000074       0x10 ../ucosii_binary_game_hal_part2_bsp//libucosii_bsp.a(alt_irq_entry.o)
 *(.exceptions.irqhandler.user)
 *(.exceptions.irqhandler)
 .exceptions.irqhandler
                0x0000000000000084        0x4 ../ucosii_binary_game_hal_part2_bsp//libucosii_bsp.a(alt_irq_entry.o)
 *(.exceptions.irqreturn.user)
 *(.exceptions.irqreturn)
 .exceptions.irqreturn
                0x0000000000000088        0x4 ../ucosii_binary_game_hal_part2_bsp//libucosii_bsp.a(alt_irq_entry.o)
 *(.exceptions.notirq.label)
 .exceptions.notirq.label
                0x000000000000008c        0x0 ../ucosii_binary_game_hal_part2_bsp//libucosii_bsp.a(alt_irq_entry.o)
 *(.exceptions.notirq.user)
 *(.exceptions.notirq)
 .exceptions.notirq
                0x000000000000008c        0x8 ../ucosii_binary_game_hal_part2_bsp//libucosii_bsp.a(alt_exception_entry.o)
 *(.exceptions.soft.user)
 *(.exceptions.soft)
 *(.exceptions.unknown.user)
 *(.exceptions.unknown)
 .exceptions.unknown
                0x0000000000000094       0x14 ../ucosii_binary_game_hal_part2_bsp//libucosii_bsp.a(alt_exception_entry.o)
 *(.exceptions.exit.label)
 .exceptions.exit.label
                0x00000000000000a8        0x0 ../ucosii_binary_game_hal_part2_bsp//libucosii_bsp.a(alt_irq_entry.o)
 .exceptions.exit.label
                0x00000000000000a8        0x0 ../ucosii_binary_game_hal_part2_bsp//libucosii_bsp.a(alt_exception_entry.o)
 *(.exceptions.exit.user)
 *(.exceptions.exit)
 .exceptions.exit
                0x00000000000000a8       0x54 ../ucosii_binary_game_hal_part2_bsp//libucosii_bsp.a(alt_exception_entry.o)
 *(.exceptions)
 .exceptions    0x00000000000000fc       0xcc ../ucosii_binary_game_hal_part2_bsp//libucosii_bsp.a(alt_irq_handler.o)
                0x00000000000000fc                alt_irq_handler
 .exceptions    0x00000000000001c8       0x74 ../ucosii_binary_game_hal_part2_bsp//libucosii_bsp.a(alt_instruction_exception_entry.o)
                0x00000000000001c8                alt_instruction_exception_entry
                0x000000000000023c                PROVIDE (__ram_exceptions_end = ABSOLUTE (.))
                0x0000000000000020                PROVIDE (__flash_exceptions_start = LOADADDR (.exceptions))

.text           0x000000000000023c    0x1b55c
                [!provide]                        PROVIDE (stext = ABSOLUTE (.))
 *(.interp)
 *(.hash)
 *(.dynsym)
 *(.dynstr)
 *(.gnu.version)
 *(.gnu.version_d)
 *(.gnu.version_r)
 *(.rel.init)
 *(.rela.init)
 *(.rel.text .rel.text.* .rel.gnu.linkonce.t.*)
 *(.rela.text .rela.text.* .rela.gnu.linkonce.t.*)
 *(.rel.fini)
 *(.rela.fini)
 *(.rel.rodata .rel.rodata.* .rel.gnu.linkonce.r.*)
 *(.rela.rodata .rela.rodata.* .rela.gnu.linkonce.r.*)
 *(.rel.data .rel.data.* .rel.gnu.linkonce.d.*)
 *(.rela.data .rela.data.* .rela.gnu.linkonce.d.*)
 *(.rel.tdata .rel.tdata.* .rel.gnu.linkonce.td.*)
 *(.rela.tdata .rela.tdata.* .rela.gnu.linkonce.td.*)
 *(.rel.tbss .rel.tbss.* .rel.gnu.linkonce.tb.*)
 *(.rela.tbss .rela.tbss.* .rela.gnu.linkonce.tb.*)
 *(.rel.ctors)
 *(.rela.ctors)
 *(.rel.dtors)
 *(.rela.dtors)
 *(.rel.got)
 *(.rela.got)
 *(.rel.sdata .rel.sdata.* .rel.gnu.linkonce.s.*)
 *(.rela.sdata .rela.sdata.* .rela.gnu.linkonce.s.*)
 *(.rel.sbss .rel.sbss.* .rel.gnu.linkonce.sb.*)
 *(.rela.sbss .rela.sbss.* .rela.gnu.linkonce.sb.*)
 *(.rel.sdata2 .rel.sdata2.* .rel.gnu.linkonce.s2.*)
 *(.rela.sdata2 .rela.sdata2.* .rela.gnu.linkonce.s2.*)
 *(.rel.sbss2 .rel.sbss2.* .rel.gnu.linkonce.sb2.*)
 *(.rela.sbss2 .rela.sbss2.* .rela.gnu.linkonce.sb2.*)
 *(.rel.bss .rel.bss.* .rel.gnu.linkonce.b.*)
 *(.rela.bss .rela.bss.* .rela.gnu.linkonce.b.*)
 *(.rel.plt)
 *(.rela.plt)
 *(.rel.dyn)
 *(.init)
 *(.plt)
 *(.text .stub .text.* .gnu.linkonce.t.*)
 .text          0x000000000000023c       0x3c ../ucosii_binary_game_hal_part2_bsp//obj/HAL/src/crt0.o
                0x000000000000023c                _start
 .text          0x0000000000000278      0xec0 obj/default/hello_ucosii.o
                0x0000000000000278                DEC_TO_HEX
                0x0000000000000368                POWER_OFF_RESET
                0x000000000000043c                power_switch_task
                0x000000000000048c                pushbutton_task
                0x0000000000000570                keys_task
                0x0000000000000764                timer_counter_task
                0x0000000000000824                game_task
                0x0000000000000a7c                lcdhex_display_task
                0x0000000000000edc                main
 .text          0x0000000000001138        0x0 /opt/intelFPGA/20.1.1/nios2eds/bin/gnu/H-x86_64-pc-linux-gnu/bin/../lib/gcc/nios2-elf/10.1.1/../../../../../H-x86_64-pc-linux-gnu/nios2-elf/lib/mhw-mulx/libc.a(lib_a-memcpy.o)
 .text.memcpy   0x0000000000001138      0x100 /opt/intelFPGA/20.1.1/nios2eds/bin/gnu/H-x86_64-pc-linux-gnu/bin/../lib/gcc/nios2-elf/10.1.1/../../../../../H-x86_64-pc-linux-gnu/nios2-elf/lib/mhw-mulx/libc.a(lib_a-memcpy.o)
                0x0000000000001138                memcpy
 .text          0x0000000000001238        0x0 /opt/intelFPGA/20.1.1/nios2eds/bin/gnu/H-x86_64-pc-linux-gnu/bin/../lib/gcc/nios2-elf/10.1.1/../../../../../H-x86_64-pc-linux-gnu/nios2-elf/lib/mhw-mulx/libc.a(lib_a-printf.o)
 .text._printf_r
                0x0000000000001238       0x30 /opt/intelFPGA/20.1.1/nios2eds/bin/gnu/H-x86_64-pc-linux-gnu/bin/../lib/gcc/nios2-elf/10.1.1/../../../../../H-x86_64-pc-linux-gnu/nios2-elf/lib/mhw-mulx/libc.a(lib_a-printf.o)
                0x0000000000001238                _printf_r
 .text.printf   0x0000000000001268       0x38 /opt/intelFPGA/20.1.1/nios2eds/bin/gnu/H-x86_64-pc-linux-gnu/bin/../lib/gcc/nios2-elf/10.1.1/../../../../../H-x86_64-pc-linux-gnu/nios2-elf/lib/mhw-mulx/libc.a(lib_a-printf.o)
                0x0000000000001268                printf
 .text          0x00000000000012a0        0x0 /opt/intelFPGA/20.1.1/nios2eds/bin/gnu/H-x86_64-pc-linux-gnu/bin/../lib/gcc/nios2-elf/10.1.1/../../../../../H-x86_64-pc-linux-gnu/nios2-elf/lib/mhw-mulx/libc.a(lib_a-puts.o)
 .text._puts_r  0x00000000000012a0       0xcc /opt/intelFPGA/20.1.1/nios2eds/bin/gnu/H-x86_64-pc-linux-gnu/bin/../lib/gcc/nios2-elf/10.1.1/../../../../../H-x86_64-pc-linux-gnu/nios2-elf/lib/mhw-mulx/libc.a(lib_a-puts.o)
                0x00000000000012a0                _puts_r
 .text.puts     0x000000000000136c       0x10 /opt/intelFPGA/20.1.1/nios2eds/bin/gnu/H-x86_64-pc-linux-gnu/bin/../lib/gcc/nios2-elf/10.1.1/../../../../../H-x86_64-pc-linux-gnu/nios2-elf/lib/mhw-mulx/libc.a(lib_a-puts.o)
                0x000000000000136c                puts
 .text          0x000000000000137c        0x0 /opt/intelFPGA/20.1.1/nios2eds/bin/gnu/H-x86_64-pc-linux-gnu/bin/../lib/gcc/nios2-elf/10.1.1/../../../../../H-x86_64-pc-linux-gnu/nios2-elf/lib/mhw-mulx/libc.a(lib_a-rand.o)
 .text.srand    0x000000000000137c       0x14 /opt/intelFPGA/20.1.1/nios2eds/bin/gnu/H-x86_64-pc-linux-gnu/bin/../lib/gcc/nios2-elf/10.1.1/../../../../../H-x86_64-pc-linux-gnu/nios2-elf/lib/mhw-mulx/libc.a(lib_a-rand.o)
                0x000000000000137c                srand
 .text.rand     0x0000000000001390       0x5c /opt/intelFPGA/20.1.1/nios2eds/bin/gnu/H-x86_64-pc-linux-gnu/bin/../lib/gcc/nios2-elf/10.1.1/../../../../../H-x86_64-pc-linux-gnu/nios2-elf/lib/mhw-mulx/libc.a(lib_a-rand.o)
                0x0000000000001390                rand
 .text          0x00000000000013ec        0x0 /opt/intelFPGA/20.1.1/nios2eds/bin/gnu/H-x86_64-pc-linux-gnu/bin/../lib/gcc/nios2-elf/10.1.1/../../../../../H-x86_64-pc-linux-gnu/nios2-elf/lib/mhw-mulx/libc.a(lib_a-strlen.o)
 .text.strlen   0x00000000000013ec       0x98 /opt/intelFPGA/20.1.1/nios2eds/bin/gnu/H-x86_64-pc-linux-gnu/bin/../lib/gcc/nios2-elf/10.1.1/../../../../../H-x86_64-pc-linux-gnu/nios2-elf/lib/mhw-mulx/libc.a(lib_a-strlen.o)
                0x00000000000013ec                strlen
 .text          0x0000000000001484        0x0 /opt/intelFPGA/20.1.1/nios2eds/bin/gnu/H-x86_64-pc-linux-gnu/bin/../lib/gcc/nios2-elf/10.1.1/../../../../../H-x86_64-pc-linux-gnu/nios2-elf/lib/mhw-mulx/libc.a(lib_a-time.o)
 .text.time     0x0000000000001484       0x58 /opt/intelFPGA/20.1.1/nios2eds/bin/gnu/H-x86_64-pc-linux-gnu/bin/../lib/gcc/nios2-elf/10.1.1/../../../../../H-x86_64-pc-linux-gnu/nios2-elf/lib/mhw-mulx/libc.a(lib_a-time.o)
                0x0000000000001484                time
 .text          0x00000000000014dc        0x0 /opt/intelFPGA/20.1.1/nios2eds/bin/gnu/H-x86_64-pc-linux-gnu/bin/../lib/gcc/nios2-elf/10.1.1/../../../../../H-x86_64-pc-linux-gnu/nios2-elf/lib/mhw-mulx/libc.a(lib_a-vfprintf.o)
 .text.___vfprintf_internal_r
                0x00000000000014dc     0x20f4 /opt/intelFPGA/20.1.1/nios2eds/bin/gnu/H-x86_64-pc-linux-gnu/bin/../lib/gcc/nios2-elf/10.1.1/../../../../../H-x86_64-pc-linux-gnu/nios2-elf/lib/mhw-mulx/libc.a(lib_a-vfprintf.o)
                0x00000000000014dc                ___vfprintf_internal_r
 .text.__vfprintf_internal
                0x00000000000035d0       0x1c /opt/intelFPGA/20.1.1/nios2eds/bin/gnu/H-x86_64-pc-linux-gnu/bin/../lib/gcc/nios2-elf/10.1.1/../../../../../H-x86_64-pc-linux-gnu/nios2-elf/lib/mhw-mulx/libc.a(lib_a-vfprintf.o)
                0x00000000000035d0                __vfprintf_internal
 .text.__sbprintf
                0x00000000000035ec       0xc0 /opt/intelFPGA/20.1.1/nios2eds/bin/gnu/H-x86_64-pc-linux-gnu/bin/../lib/gcc/nios2-elf/10.1.1/../../../../../H-x86_64-pc-linux-gnu/nios2-elf/lib/mhw-mulx/libc.a(lib_a-vfprintf.o)
 .text          0x00000000000036ac        0x0 /opt/intelFPGA/20.1.1/nios2eds/bin/gnu/H-x86_64-pc-linux-gnu/bin/../lib/gcc/nios2-elf/10.1.1/../../../../../H-x86_64-pc-linux-gnu/nios2-elf/lib/mhw-mulx/libc.a(lib_a-wsetup.o)
 .text.__swsetup_r
                0x00000000000036ac      0x164 /opt/intelFPGA/20.1.1/nios2eds/bin/gnu/H-x86_64-pc-linux-gnu/bin/../lib/gcc/nios2-elf/10.1.1/../../../../../H-x86_64-pc-linux-gnu/nios2-elf/lib/mhw-mulx/libc.a(lib_a-wsetup.o)
                0x00000000000036ac                __swsetup_r
 .text          0x0000000000003810        0x0 /opt/intelFPGA/20.1.1/nios2eds/bin/gnu/H-x86_64-pc-linux-gnu/bin/../lib/gcc/nios2-elf/10.1.1/../../../../../H-x86_64-pc-linux-gnu/nios2-elf/lib/mhw-mulx/libc.a(lib_a-dtoa.o)
 .text.quorem   0x0000000000003810      0x1fc /opt/intelFPGA/20.1.1/nios2eds/bin/gnu/H-x86_64-pc-linux-gnu/bin/../lib/gcc/nios2-elf/10.1.1/../../../../../H-x86_64-pc-linux-gnu/nios2-elf/lib/mhw-mulx/libc.a(lib_a-dtoa.o)
 .text._dtoa_r  0x0000000000003a0c     0x1748 /opt/intelFPGA/20.1.1/nios2eds/bin/gnu/H-x86_64-pc-linux-gnu/bin/../lib/gcc/nios2-elf/10.1.1/../../../../../H-x86_64-pc-linux-gnu/nios2-elf/lib/mhw-mulx/libc.a(lib_a-dtoa.o)
                0x0000000000003a0c                _dtoa_r
 .text          0x0000000000005154        0x0 /opt/intelFPGA/20.1.1/nios2eds/bin/gnu/H-x86_64-pc-linux-gnu/bin/../lib/gcc/nios2-elf/10.1.1/../../../../../H-x86_64-pc-linux-gnu/nios2-elf/lib/mhw-mulx/libc.a(lib_a-fflush.o)
 .text.__sflush_r
                0x0000000000005154      0x228 /opt/intelFPGA/20.1.1/nios2eds/bin/gnu/H-x86_64-pc-linux-gnu/bin/../lib/gcc/nios2-elf/10.1.1/../../../../../H-x86_64-pc-linux-gnu/nios2-elf/lib/mhw-mulx/libc.a(lib_a-fflush.o)
                0x0000000000005154                __sflush_r
 .text._fflush_r
                0x000000000000537c       0x60 /opt/intelFPGA/20.1.1/nios2eds/bin/gnu/H-x86_64-pc-linux-gnu/bin/../lib/gcc/nios2-elf/10.1.1/../../../../../H-x86_64-pc-linux-gnu/nios2-elf/lib/mhw-mulx/libc.a(lib_a-fflush.o)
                0x000000000000537c                _fflush_r
 .text.fflush   0x00000000000053dc       0x84 /opt/intelFPGA/20.1.1/nios2eds/bin/gnu/H-x86_64-pc-linux-gnu/bin/../lib/gcc/nios2-elf/10.1.1/../../../../../H-x86_64-pc-linux-gnu/nios2-elf/lib/mhw-mulx/libc.a(lib_a-fflush.o)
                0x00000000000053dc                fflush
 .text          0x0000000000005460        0x0 /opt/intelFPGA/20.1.1/nios2eds/bin/gnu/H-x86_64-pc-linux-gnu/bin/../lib/gcc/nios2-elf/10.1.1/../../../../../H-x86_64-pc-linux-gnu/nios2-elf/lib/mhw-mulx/libc.a(lib_a-findfp.o)
 .text.__fp_lock
                0x0000000000005460        0x8 /opt/intelFPGA/20.1.1/nios2eds/bin/gnu/H-x86_64-pc-linux-gnu/bin/../lib/gcc/nios2-elf/10.1.1/../../../../../H-x86_64-pc-linux-gnu/nios2-elf/lib/mhw-mulx/libc.a(lib_a-findfp.o)
 .text._cleanup_r
                0x0000000000005468        0xc /opt/intelFPGA/20.1.1/nios2eds/bin/gnu/H-x86_64-pc-linux-gnu/bin/../lib/gcc/nios2-elf/10.1.1/../../../../../H-x86_64-pc-linux-gnu/nios2-elf/lib/mhw-mulx/libc.a(lib_a-findfp.o)
                0x0000000000005468                _cleanup_r
 .text.__fp_unlock
                0x0000000000005474        0x8 /opt/intelFPGA/20.1.1/nios2eds/bin/gnu/H-x86_64-pc-linux-gnu/bin/../lib/gcc/nios2-elf/10.1.1/../../../../../H-x86_64-pc-linux-gnu/nios2-elf/lib/mhw-mulx/libc.a(lib_a-findfp.o)
 .text.__sinit.part.0
                0x000000000000547c      0x168 /opt/intelFPGA/20.1.1/nios2eds/bin/gnu/H-x86_64-pc-linux-gnu/bin/../lib/gcc/nios2-elf/10.1.1/../../../../../H-x86_64-pc-linux-gnu/nios2-elf/lib/mhw-mulx/libc.a(lib_a-findfp.o)
 .text.__sfmoreglue
                0x00000000000055e4       0x68 /opt/intelFPGA/20.1.1/nios2eds/bin/gnu/H-x86_64-pc-linux-gnu/bin/../lib/gcc/nios2-elf/10.1.1/../../../../../H-x86_64-pc-linux-gnu/nios2-elf/lib/mhw-mulx/libc.a(lib_a-findfp.o)
                0x00000000000055e4                __sfmoreglue
 .text.__sfp    0x000000000000564c      0x154 /opt/intelFPGA/20.1.1/nios2eds/bin/gnu/H-x86_64-pc-linux-gnu/bin/../lib/gcc/nios2-elf/10.1.1/../../../../../H-x86_64-pc-linux-gnu/nios2-elf/lib/mhw-mulx/libc.a(lib_a-findfp.o)
                0x000000000000564c                __sfp
 .text._cleanup
                0x00000000000057a0       0x14 /opt/intelFPGA/20.1.1/nios2eds/bin/gnu/H-x86_64-pc-linux-gnu/bin/../lib/gcc/nios2-elf/10.1.1/../../../../../H-x86_64-pc-linux-gnu/nios2-elf/lib/mhw-mulx/libc.a(lib_a-findfp.o)
                0x00000000000057a0                _cleanup
 .text.__sinit  0x00000000000057b4       0x10 /opt/intelFPGA/20.1.1/nios2eds/bin/gnu/H-x86_64-pc-linux-gnu/bin/../lib/gcc/nios2-elf/10.1.1/../../../../../H-x86_64-pc-linux-gnu/nios2-elf/lib/mhw-mulx/libc.a(lib_a-findfp.o)
                0x00000000000057b4                __sinit
 .text.__sfp_lock_acquire
                0x00000000000057c4        0x4 /opt/intelFPGA/20.1.1/nios2eds/bin/gnu/H-x86_64-pc-linux-gnu/bin/../lib/gcc/nios2-elf/10.1.1/../../../../../H-x86_64-pc-linux-gnu/nios2-elf/lib/mhw-mulx/libc.a(lib_a-findfp.o)
                0x00000000000057c4                __sfp_lock_acquire
 .text.__sfp_lock_release
                0x00000000000057c8        0x4 /opt/intelFPGA/20.1.1/nios2eds/bin/gnu/H-x86_64-pc-linux-gnu/bin/../lib/gcc/nios2-elf/10.1.1/../../../../../H-x86_64-pc-linux-gnu/nios2-elf/lib/mhw-mulx/libc.a(lib_a-findfp.o)
                0x00000000000057c8                __sfp_lock_release
 .text.__sinit_lock_acquire
                0x00000000000057cc        0x4 /opt/intelFPGA/20.1.1/nios2eds/bin/gnu/H-x86_64-pc-linux-gnu/bin/../lib/gcc/nios2-elf/10.1.1/../../../../../H-x86_64-pc-linux-gnu/nios2-elf/lib/mhw-mulx/libc.a(lib_a-findfp.o)
                0x00000000000057cc                __sinit_lock_acquire
 .text.__sinit_lock_release
                0x00000000000057d0        0x4 /opt/intelFPGA/20.1.1/nios2eds/bin/gnu/H-x86_64-pc-linux-gnu/bin/../lib/gcc/nios2-elf/10.1.1/../../../../../H-x86_64-pc-linux-gnu/nios2-elf/lib/mhw-mulx/libc.a(lib_a-findfp.o)
                0x00000000000057d0                __sinit_lock_release
 .text.__fp_lock_all
                0x00000000000057d4       0x14 /opt/intelFPGA/20.1.1/nios2eds/bin/gnu/H-x86_64-pc-linux-gnu/bin/../lib/gcc/nios2-elf/10.1.1/../../../../../H-x86_64-pc-linux-gnu/nios2-elf/lib/mhw-mulx/libc.a(lib_a-findfp.o)
                0x00000000000057d4                __fp_lock_all
 .text.__fp_unlock_all
                0x00000000000057e8       0x14 /opt/intelFPGA/20.1.1/nios2eds/bin/gnu/H-x86_64-pc-linux-gnu/bin/../lib/gcc/nios2-elf/10.1.1/../../../../../H-x86_64-pc-linux-gnu/nios2-elf/lib/mhw-mulx/libc.a(lib_a-findfp.o)
                0x00000000000057e8                __fp_unlock_all
 .text          0x00000000000057fc        0x0 /opt/intelFPGA/20.1.1/nios2eds/bin/gnu/H-x86_64-pc-linux-gnu/bin/../lib/gcc/nios2-elf/10.1.1/../../../../../H-x86_64-pc-linux-gnu/nios2-elf/lib/mhw-mulx/libc.a(lib_a-freer.o)
 .text._malloc_trim_r
                0x00000000000057fc      0x11c /opt/intelFPGA/20.1.1/nios2eds/bin/gnu/H-x86_64-pc-linux-gnu/bin/../lib/gcc/nios2-elf/10.1.1/../../../../../H-x86_64-pc-linux-gnu/nios2-elf/lib/mhw-mulx/libc.a(lib_a-freer.o)
                0x00000000000057fc                _malloc_trim_r
 .text._free_r  0x0000000000005918      0x2fc /opt/intelFPGA/20.1.1/nios2eds/bin/gnu/H-x86_64-pc-linux-gnu/bin/../lib/gcc/nios2-elf/10.1.1/../../../../../H-x86_64-pc-linux-gnu/nios2-elf/lib/mhw-mulx/libc.a(lib_a-freer.o)
                0x0000000000005918                _free_r
 .text          0x0000000000005c14        0x0 /opt/intelFPGA/20.1.1/nios2eds/bin/gnu/H-x86_64-pc-linux-gnu/bin/../lib/gcc/nios2-elf/10.1.1/../../../../../H-x86_64-pc-linux-gnu/nios2-elf/lib/mhw-mulx/libc.a(lib_a-fvwrite.o)
 .text.__sfvwrite_r
                0x0000000000005c14      0x4b8 /opt/intelFPGA/20.1.1/nios2eds/bin/gnu/H-x86_64-pc-linux-gnu/bin/../lib/gcc/nios2-elf/10.1.1/../../../../../H-x86_64-pc-linux-gnu/nios2-elf/lib/mhw-mulx/libc.a(lib_a-fvwrite.o)
                0x0000000000005c14                __sfvwrite_r
 .text          0x00000000000060cc        0x0 /opt/intelFPGA/20.1.1/nios2eds/bin/gnu/H-x86_64-pc-linux-gnu/bin/../lib/gcc/nios2-elf/10.1.1/../../../../../H-x86_64-pc-linux-gnu/nios2-elf/lib/mhw-mulx/libc.a(lib_a-fwalk.o)
 .text._fwalk   0x00000000000060cc       0x98 /opt/intelFPGA/20.1.1/nios2eds/bin/gnu/H-x86_64-pc-linux-gnu/bin/../lib/gcc/nios2-elf/10.1.1/../../../../../H-x86_64-pc-linux-gnu/nios2-elf/lib/mhw-mulx/libc.a(lib_a-fwalk.o)
                0x00000000000060cc                _fwalk
 .text._fwalk_reent
                0x0000000000006164       0xa8 /opt/intelFPGA/20.1.1/nios2eds/bin/gnu/H-x86_64-pc-linux-gnu/bin/../lib/gcc/nios2-elf/10.1.1/../../../../../H-x86_64-pc-linux-gnu/nios2-elf/lib/mhw-mulx/libc.a(lib_a-fwalk.o)
                0x0000000000006164                _fwalk_reent
 .text          0x000000000000620c        0x0 /opt/intelFPGA/20.1.1/nios2eds/bin/gnu/H-x86_64-pc-linux-gnu/bin/../lib/gcc/nios2-elf/10.1.1/../../../../../H-x86_64-pc-linux-gnu/nios2-elf/lib/mhw-mulx/libc.a(lib_a-gettimeofdayr.o)
 .text._gettimeofday_r
                0x000000000000620c       0x60 /opt/intelFPGA/20.1.1/nios2eds/bin/gnu/H-x86_64-pc-linux-gnu/bin/../lib/gcc/nios2-elf/10.1.1/../../../../../H-x86_64-pc-linux-gnu/nios2-elf/lib/mhw-mulx/libc.a(lib_a-gettimeofdayr.o)
                0x000000000000620c                _gettimeofday_r
 .text          0x000000000000626c        0x0 /opt/intelFPGA/20.1.1/nios2eds/bin/gnu/H-x86_64-pc-linux-gnu/bin/../lib/gcc/nios2-elf/10.1.1/../../../../../H-x86_64-pc-linux-gnu/nios2-elf/lib/mhw-mulx/libc.a(lib_a-impure.o)
 .text          0x000000000000626c        0x0 /opt/intelFPGA/20.1.1/nios2eds/bin/gnu/H-x86_64-pc-linux-gnu/bin/../lib/gcc/nios2-elf/10.1.1/../../../../../H-x86_64-pc-linux-gnu/nios2-elf/lib/mhw-mulx/libc.a(lib_a-int_errno.o)
 .text          0x000000000000626c        0x0 /opt/intelFPGA/20.1.1/nios2eds/bin/gnu/H-x86_64-pc-linux-gnu/bin/../lib/gcc/nios2-elf/10.1.1/../../../../../H-x86_64-pc-linux-gnu/nios2-elf/lib/mhw-mulx/libc.a(lib_a-localeconv.o)
 .text.__localeconv_l
                0x000000000000626c        0x8 /opt/intelFPGA/20.1.1/nios2eds/bin/gnu/H-x86_64-pc-linux-gnu/bin/../lib/gcc/nios2-elf/10.1.1/../../../../../H-x86_64-pc-linux-gnu/nios2-elf/lib/mhw-mulx/libc.a(lib_a-localeconv.o)
                0x000000000000626c                __localeconv_l
 .text._localeconv_r
                0x0000000000006274        0xc /opt/intelFPGA/20.1.1/nios2eds/bin/gnu/H-x86_64-pc-linux-gnu/bin/../lib/gcc/nios2-elf/10.1.1/../../../../../H-x86_64-pc-linux-gnu/nios2-elf/lib/mhw-mulx/libc.a(lib_a-localeconv.o)
                0x0000000000006274                _localeconv_r
 .text.localeconv
                0x0000000000006280        0xc /opt/intelFPGA/20.1.1/nios2eds/bin/gnu/H-x86_64-pc-linux-gnu/bin/../lib/gcc/nios2-elf/10.1.1/../../../../../H-x86_64-pc-linux-gnu/nios2-elf/lib/mhw-mulx/libc.a(lib_a-localeconv.o)
                0x0000000000006280                localeconv
 .text          0x000000000000628c        0x0 /opt/intelFPGA/20.1.1/nios2eds/bin/gnu/H-x86_64-pc-linux-gnu/bin/../lib/gcc/nios2-elf/10.1.1/../../../../../H-x86_64-pc-linux-gnu/nios2-elf/lib/mhw-mulx/libc.a(lib_a-makebuf.o)
 .text.__smakebuf_r
                0x000000000000628c      0x1b0 /opt/intelFPGA/20.1.1/nios2eds/bin/gnu/H-x86_64-pc-linux-gnu/bin/../lib/gcc/nios2-elf/10.1.1/../../../../../H-x86_64-pc-linux-gnu/nios2-elf/lib/mhw-mulx/libc.a(lib_a-makebuf.o)
                0x000000000000628c                __smakebuf_r
 .text.__swhatbuf_r
                0x000000000000643c       0x98 /opt/intelFPGA/20.1.1/nios2eds/bin/gnu/H-x86_64-pc-linux-gnu/bin/../lib/gcc/nios2-elf/10.1.1/../../../../../H-x86_64-pc-linux-gnu/nios2-elf/lib/mhw-mulx/libc.a(lib_a-makebuf.o)
                0x000000000000643c                __swhatbuf_r
 .text          0x00000000000064d4        0x0 /opt/intelFPGA/20.1.1/nios2eds/bin/gnu/H-x86_64-pc-linux-gnu/bin/../lib/gcc/nios2-elf/10.1.1/../../../../../H-x86_64-pc-linux-gnu/nios2-elf/lib/mhw-mulx/libc.a(lib_a-mallocr.o)
 .text._malloc_r
                0x00000000000064d4      0x7e0 /opt/intelFPGA/20.1.1/nios2eds/bin/gnu/H-x86_64-pc-linux-gnu/bin/../lib/gcc/nios2-elf/10.1.1/../../../../../H-x86_64-pc-linux-gnu/nios2-elf/lib/mhw-mulx/libc.a(lib_a-mallocr.o)
                0x00000000000064d4                _malloc_r
 .text          0x0000000000006cb4        0x0 /opt/intelFPGA/20.1.1/nios2eds/bin/gnu/H-x86_64-pc-linux-gnu/bin/../lib/gcc/nios2-elf/10.1.1/../../../../../H-x86_64-pc-linux-gnu/nios2-elf/lib/mhw-mulx/libc.a(lib_a-memchr.o)
 .text.memchr   0x0000000000006cb4       0xd0 /opt/intelFPGA/20.1.1/nios2eds/bin/gnu/H-x86_64-pc-linux-gnu/bin/../lib/gcc/nios2-elf/10.1.1/../../../../../H-x86_64-pc-linux-gnu/nios2-elf/lib/mhw-mulx/libc.a(lib_a-memchr.o)
                0x0000000000006cb4                memchr
 .text          0x0000000000006d84        0x0 /opt/intelFPGA/20.1.1/nios2eds/bin/gnu/H-x86_64-pc-linux-gnu/bin/../lib/gcc/nios2-elf/10.1.1/../../../../../H-x86_64-pc-linux-gnu/nios2-elf/lib/mhw-mulx/libc.a(lib_a-memmove.o)
 .text.memmove  0x0000000000006d84      0x12c /opt/intelFPGA/20.1.1/nios2eds/bin/gnu/H-x86_64-pc-linux-gnu/bin/../lib/gcc/nios2-elf/10.1.1/../../../../../H-x86_64-pc-linux-gnu/nios2-elf/lib/mhw-mulx/libc.a(lib_a-memmove.o)
                0x0000000000006d84                memmove
 .text          0x0000000000006eb0        0x0 /opt/intelFPGA/20.1.1/nios2eds/bin/gnu/H-x86_64-pc-linux-gnu/bin/../lib/gcc/nios2-elf/10.1.1/../../../../../H-x86_64-pc-linux-gnu/nios2-elf/lib/mhw-mulx/libc.a(lib_a-memset.o)
 .text.memset   0x0000000000006eb0       0xf0 /opt/intelFPGA/20.1.1/nios2eds/bin/gnu/H-x86_64-pc-linux-gnu/bin/../lib/gcc/nios2-elf/10.1.1/../../../../../H-x86_64-pc-linux-gnu/nios2-elf/lib/mhw-mulx/libc.a(lib_a-memset.o)
                0x0000000000006eb0                memset
 .text          0x0000000000006fa0        0x0 /opt/intelFPGA/20.1.1/nios2eds/bin/gnu/H-x86_64-pc-linux-gnu/bin/../lib/gcc/nios2-elf/10.1.1/../../../../../H-x86_64-pc-linux-gnu/nios2-elf/lib/mhw-mulx/libc.a(lib_a-mprec.o)
 .text._Balloc  0x0000000000006fa0       0xa4 /opt/intelFPGA/20.1.1/nios2eds/bin/gnu/H-x86_64-pc-linux-gnu/bin/../lib/gcc/nios2-elf/10.1.1/../../../../../H-x86_64-pc-linux-gnu/nios2-elf/lib/mhw-mulx/libc.a(lib_a-mprec.o)
                0x0000000000006fa0                _Balloc
 .text._Bfree   0x0000000000007044       0x24 /opt/intelFPGA/20.1.1/nios2eds/bin/gnu/H-x86_64-pc-linux-gnu/bin/../lib/gcc/nios2-elf/10.1.1/../../../../../H-x86_64-pc-linux-gnu/nios2-elf/lib/mhw-mulx/libc.a(lib_a-mprec.o)
                0x0000000000007044                _Bfree
 .text.__multadd
                0x0000000000007068      0x138 /opt/intelFPGA/20.1.1/nios2eds/bin/gnu/H-x86_64-pc-linux-gnu/bin/../lib/gcc/nios2-elf/10.1.1/../../../../../H-x86_64-pc-linux-gnu/nios2-elf/lib/mhw-mulx/libc.a(lib_a-mprec.o)
                0x0000000000007068                __multadd
 .text.__s2b    0x00000000000071a0      0x138 /opt/intelFPGA/20.1.1/nios2eds/bin/gnu/H-x86_64-pc-linux-gnu/bin/../lib/gcc/nios2-elf/10.1.1/../../../../../H-x86_64-pc-linux-gnu/nios2-elf/lib/mhw-mulx/libc.a(lib_a-mprec.o)
                0x00000000000071a0                __s2b
 .text.__hi0bits
                0x00000000000072d8       0x64 /opt/intelFPGA/20.1.1/nios2eds/bin/gnu/H-x86_64-pc-linux-gnu/bin/../lib/gcc/nios2-elf/10.1.1/../../../../../H-x86_64-pc-linux-gnu/nios2-elf/lib/mhw-mulx/libc.a(lib_a-mprec.o)
                0x00000000000072d8                __hi0bits
 .text.__lo0bits
                0x000000000000733c       0xb0 /opt/intelFPGA/20.1.1/nios2eds/bin/gnu/H-x86_64-pc-linux-gnu/bin/../lib/gcc/nios2-elf/10.1.1/../../../../../H-x86_64-pc-linux-gnu/nios2-elf/lib/mhw-mulx/libc.a(lib_a-mprec.o)
                0x000000000000733c                __lo0bits
 .text.__i2b    0x00000000000073ec       0xb0 /opt/intelFPGA/20.1.1/nios2eds/bin/gnu/H-x86_64-pc-linux-gnu/bin/../lib/gcc/nios2-elf/10.1.1/../../../../../H-x86_64-pc-linux-gnu/nios2-elf/lib/mhw-mulx/libc.a(lib_a-mprec.o)
                0x00000000000073ec                __i2b
 .text.__multiply
                0x000000000000749c      0x254 /opt/intelFPGA/20.1.1/nios2eds/bin/gnu/H-x86_64-pc-linux-gnu/bin/../lib/gcc/nios2-elf/10.1.1/../../../../../H-x86_64-pc-linux-gnu/nios2-elf/lib/mhw-mulx/libc.a(lib_a-mprec.o)
                0x000000000000749c                __multiply
 .text.__pow5mult
                0x00000000000076f0      0x148 /opt/intelFPGA/20.1.1/nios2eds/bin/gnu/H-x86_64-pc-linux-gnu/bin/../lib/gcc/nios2-elf/10.1.1/../../../../../H-x86_64-pc-linux-gnu/nios2-elf/lib/mhw-mulx/libc.a(lib_a-mprec.o)
                0x00000000000076f0                __pow5mult
 .text.__lshift
                0x0000000000007838      0x188 /opt/intelFPGA/20.1.1/nios2eds/bin/gnu/H-x86_64-pc-linux-gnu/bin/../lib/gcc/nios2-elf/10.1.1/../../../../../H-x86_64-pc-linux-gnu/nios2-elf/lib/mhw-mulx/libc.a(lib_a-mprec.o)
                0x0000000000007838                __lshift
 .text.__mcmp   0x00000000000079c0       0x58 /opt/intelFPGA/20.1.1/nios2eds/bin/gnu/H-x86_64-pc-linux-gnu/bin/../lib/gcc/nios2-elf/10.1.1/../../../../../H-x86_64-pc-linux-gnu/nios2-elf/lib/mhw-mulx/libc.a(lib_a-mprec.o)
                0x00000000000079c0                __mcmp
 .text.__mdiff  0x0000000000007a18      0x22c /opt/intelFPGA/20.1.1/nios2eds/bin/gnu/H-x86_64-pc-linux-gnu/bin/../lib/gcc/nios2-elf/10.1.1/../../../../../H-x86_64-pc-linux-gnu/nios2-elf/lib/mhw-mulx/libc.a(lib_a-mprec.o)
                0x0000000000007a18                __mdiff
 .text.__ulp    0x0000000000007c44       0x5c /opt/intelFPGA/20.1.1/nios2eds/bin/gnu/H-x86_64-pc-linux-gnu/bin/../lib/gcc/nios2-elf/10.1.1/../../../../../H-x86_64-pc-linux-gnu/nios2-elf/lib/mhw-mulx/libc.a(lib_a-mprec.o)
                0x0000000000007c44                __ulp
 .text.__b2d    0x0000000000007ca0      0x108 /opt/intelFPGA/20.1.1/nios2eds/bin/gnu/H-x86_64-pc-linux-gnu/bin/../lib/gcc/nios2-elf/10.1.1/../../../../../H-x86_64-pc-linux-gnu/nios2-elf/lib/mhw-mulx/libc.a(lib_a-mprec.o)
                0x0000000000007ca0                __b2d
 .text.__d2b    0x0000000000007da8      0x164 /opt/intelFPGA/20.1.1/nios2eds/bin/gnu/H-x86_64-pc-linux-gnu/bin/../lib/gcc/nios2-elf/10.1.1/../../../../../H-x86_64-pc-linux-gnu/nios2-elf/lib/mhw-mulx/libc.a(lib_a-mprec.o)
                0x0000000000007da8                __d2b
 .text.__ratio  0x0000000000007f0c       0xa8 /opt/intelFPGA/20.1.1/nios2eds/bin/gnu/H-x86_64-pc-linux-gnu/bin/../lib/gcc/nios2-elf/10.1.1/../../../../../H-x86_64-pc-linux-gnu/nios2-elf/lib/mhw-mulx/libc.a(lib_a-mprec.o)
                0x0000000000007f0c                __ratio
 .text._mprec_log10
                0x0000000000007fb4       0x70 /opt/intelFPGA/20.1.1/nios2eds/bin/gnu/H-x86_64-pc-linux-gnu/bin/../lib/gcc/nios2-elf/10.1.1/../../../../../H-x86_64-pc-linux-gnu/nios2-elf/lib/mhw-mulx/libc.a(lib_a-mprec.o)
                0x0000000000007fb4                _mprec_log10
 .text.__copybits
                0x0000000000008024       0x7c /opt/intelFPGA/20.1.1/nios2eds/bin/gnu/H-x86_64-pc-linux-gnu/bin/../lib/gcc/nios2-elf/10.1.1/../../../../../H-x86_64-pc-linux-gnu/nios2-elf/lib/mhw-mulx/libc.a(lib_a-mprec.o)
                0x0000000000008024                __copybits
 .text.__any_on
                0x00000000000080a0       0x60 /opt/intelFPGA/20.1.1/nios2eds/bin/gnu/H-x86_64-pc-linux-gnu/bin/../lib/gcc/nios2-elf/10.1.1/../../../../../H-x86_64-pc-linux-gnu/nios2-elf/lib/mhw-mulx/libc.a(lib_a-mprec.o)
                0x00000000000080a0                __any_on
 .text          0x0000000000008100        0x0 /opt/intelFPGA/20.1.1/nios2eds/bin/gnu/H-x86_64-pc-linux-gnu/bin/../lib/gcc/nios2-elf/10.1.1/../../../../../H-x86_64-pc-linux-gnu/nios2-elf/lib/mhw-mulx/libc.a(lib_a-reallocr.o)
 .text._realloc_r
                0x0000000000008100      0x564 /opt/intelFPGA/20.1.1/nios2eds/bin/gnu/H-x86_64-pc-linux-gnu/bin/../lib/gcc/nios2-elf/10.1.1/../../../../../H-x86_64-pc-linux-gnu/nios2-elf/lib/mhw-mulx/libc.a(lib_a-reallocr.o)
                0x0000000000008100                _realloc_r
 .text          0x0000000000008664        0x0 /opt/intelFPGA/20.1.1/nios2eds/bin/gnu/H-x86_64-pc-linux-gnu/bin/../lib/gcc/nios2-elf/10.1.1/../../../../../H-x86_64-pc-linux-gnu/nios2-elf/lib/mhw-mulx/libc.a(lib_a-sbrkr.o)
 .text._sbrk_r  0x0000000000008664       0x58 /opt/intelFPGA/20.1.1/nios2eds/bin/gnu/H-x86_64-pc-linux-gnu/bin/../lib/gcc/nios2-elf/10.1.1/../../../../../H-x86_64-pc-linux-gnu/nios2-elf/lib/mhw-mulx/libc.a(lib_a-sbrkr.o)
                0x0000000000008664                _sbrk_r
 .text          0x00000000000086bc        0x0 /opt/intelFPGA/20.1.1/nios2eds/bin/gnu/H-x86_64-pc-linux-gnu/bin/../lib/gcc/nios2-elf/10.1.1/../../../../../H-x86_64-pc-linux-gnu/nios2-elf/lib/mhw-mulx/libc.a(lib_a-stdio.o)
 .text.__sread  0x00000000000086bc       0x54 /opt/intelFPGA/20.1.1/nios2eds/bin/gnu/H-x86_64-pc-linux-gnu/bin/../lib/gcc/nios2-elf/10.1.1/../../../../../H-x86_64-pc-linux-gnu/nios2-elf/lib/mhw-mulx/libc.a(lib_a-stdio.o)
                0x00000000000086bc                __sread
 .text.__seofread
                0x0000000000008710        0x8 /opt/intelFPGA/20.1.1/nios2eds/bin/gnu/H-x86_64-pc-linux-gnu/bin/../lib/gcc/nios2-elf/10.1.1/../../../../../H-x86_64-pc-linux-gnu/nios2-elf/lib/mhw-mulx/libc.a(lib_a-stdio.o)
                0x0000000000008710                __seofread
 .text.__swrite
                0x0000000000008718       0x80 /opt/intelFPGA/20.1.1/nios2eds/bin/gnu/H-x86_64-pc-linux-gnu/bin/../lib/gcc/nios2-elf/10.1.1/../../../../../H-x86_64-pc-linux-gnu/nios2-elf/lib/mhw-mulx/libc.a(lib_a-stdio.o)
                0x0000000000008718                __swrite
 .text.__sseek  0x0000000000008798       0x5c /opt/intelFPGA/20.1.1/nios2eds/bin/gnu/H-x86_64-pc-linux-gnu/bin/../lib/gcc/nios2-elf/10.1.1/../../../../../H-x86_64-pc-linux-gnu/nios2-elf/lib/mhw-mulx/libc.a(lib_a-stdio.o)
                0x0000000000008798                __sseek
 .text.__sclose
                0x00000000000087f4        0x8 /opt/intelFPGA/20.1.1/nios2eds/bin/gnu/H-x86_64-pc-linux-gnu/bin/../lib/gcc/nios2-elf/10.1.1/../../../../../H-x86_64-pc-linux-gnu/nios2-elf/lib/mhw-mulx/libc.a(lib_a-stdio.o)
                0x00000000000087f4                __sclose
 .text          0x00000000000087fc        0x0 /opt/intelFPGA/20.1.1/nios2eds/bin/gnu/H-x86_64-pc-linux-gnu/bin/../lib/gcc/nios2-elf/10.1.1/../../../../../H-x86_64-pc-linux-gnu/nios2-elf/lib/mhw-mulx/libc.a(lib_a-vfiprintf.o)
 .text.__sprint_r.part.0
                0x00000000000087fc       0xf4 /opt/intelFPGA/20.1.1/nios2eds/bin/gnu/H-x86_64-pc-linux-gnu/bin/../lib/gcc/nios2-elf/10.1.1/../../../../../H-x86_64-pc-linux-gnu/nios2-elf/lib/mhw-mulx/libc.a(lib_a-vfiprintf.o)
 .text.__sprint_r
                0x00000000000088f0       0x18 /opt/intelFPGA/20.1.1/nios2eds/bin/gnu/H-x86_64-pc-linux-gnu/bin/../lib/gcc/nios2-elf/10.1.1/../../../../../H-x86_64-pc-linux-gnu/nios2-elf/lib/mhw-mulx/libc.a(lib_a-vfiprintf.o)
                0x00000000000088f0                __sprint_r
 .text.___vfiprintf_internal_r
                0x0000000000008908     0x1334 /opt/intelFPGA/20.1.1/nios2eds/bin/gnu/H-x86_64-pc-linux-gnu/bin/../lib/gcc/nios2-elf/10.1.1/../../../../../H-x86_64-pc-linux-gnu/nios2-elf/lib/mhw-mulx/libc.a(lib_a-vfiprintf.o)
                0x0000000000008908                ___vfiprintf_internal_r
 .text.__vfiprintf_internal
                0x0000000000009c3c       0x1c /opt/intelFPGA/20.1.1/nios2eds/bin/gnu/H-x86_64-pc-linux-gnu/bin/../lib/gcc/nios2-elf/10.1.1/../../../../../H-x86_64-pc-linux-gnu/nios2-elf/lib/mhw-mulx/libc.a(lib_a-vfiprintf.o)
                0x0000000000009c3c                __vfiprintf_internal
 .text.__sbprintf
                0x0000000000009c58       0xc0 /opt/intelFPGA/20.1.1/nios2eds/bin/gnu/H-x86_64-pc-linux-gnu/bin/../lib/gcc/nios2-elf/10.1.1/../../../../../H-x86_64-pc-linux-gnu/nios2-elf/lib/mhw-mulx/libc.a(lib_a-vfiprintf.o)
 .text          0x0000000000009d18        0x0 /opt/intelFPGA/20.1.1/nios2eds/bin/gnu/H-x86_64-pc-linux-gnu/bin/../lib/gcc/nios2-elf/10.1.1/../../../../../H-x86_64-pc-linux-gnu/nios2-elf/lib/mhw-mulx/libc.a(lib_a-writer.o)
 .text._write_r
                0x0000000000009d18       0x64 /opt/intelFPGA/20.1.1/nios2eds/bin/gnu/H-x86_64-pc-linux-gnu/bin/../lib/gcc/nios2-elf/10.1.1/../../../../../H-x86_64-pc-linux-gnu/nios2-elf/lib/mhw-mulx/libc.a(lib_a-writer.o)
                0x0000000000009d18                _write_r
 .text          0x0000000000009d7c        0x0 /opt/intelFPGA/20.1.1/nios2eds/bin/gnu/H-x86_64-pc-linux-gnu/bin/../lib/gcc/nios2-elf/10.1.1/../../../../../H-x86_64-pc-linux-gnu/nios2-elf/lib/mhw-mulx/libc.a(closer.o)
 .text._close_r
                0x0000000000009d7c       0x58 /opt/intelFPGA/20.1.1/nios2eds/bin/gnu/H-x86_64-pc-linux-gnu/bin/../lib/gcc/nios2-elf/10.1.1/../../../../../H-x86_64-pc-linux-gnu/nios2-elf/lib/mhw-mulx/libc.a(closer.o)
                0x0000000000009d7c                _close_r
 .text          0x0000000000009dd4        0x0 /opt/intelFPGA/20.1.1/nios2eds/bin/gnu/H-x86_64-pc-linux-gnu/bin/../lib/gcc/nios2-elf/10.1.1/../../../../../H-x86_64-pc-linux-gnu/nios2-elf/lib/mhw-mulx/libc.a(lib_a-assert.o)
 .text.__assert_func
                0x0000000000009dd4       0x64 /opt/intelFPGA/20.1.1/nios2eds/bin/gnu/H-x86_64-pc-linux-gnu/bin/../lib/gcc/nios2-elf/10.1.1/../../../../../H-x86_64-pc-linux-gnu/nios2-elf/lib/mhw-mulx/libc.a(lib_a-assert.o)
                0x0000000000009dd4                __assert_func
 .text.__assert
                0x0000000000009e38       0x14 /opt/intelFPGA/20.1.1/nios2eds/bin/gnu/H-x86_64-pc-linux-gnu/bin/../lib/gcc/nios2-elf/10.1.1/../../../../../H-x86_64-pc-linux-gnu/nios2-elf/lib/mhw-mulx/libc.a(lib_a-assert.o)
                0x0000000000009e38                __assert
 .text          0x0000000000009e4c        0x0 /opt/intelFPGA/20.1.1/nios2eds/bin/gnu/H-x86_64-pc-linux-gnu/bin/../lib/gcc/nios2-elf/10.1.1/../../../../../H-x86_64-pc-linux-gnu/nios2-elf/lib/mhw-mulx/libc.a(lib_a-callocr.o)
 .text._calloc_r
                0x0000000000009e4c       0xb4 /opt/intelFPGA/20.1.1/nios2eds/bin/gnu/H-x86_64-pc-linux-gnu/bin/../lib/gcc/nios2-elf/10.1.1/../../../../../H-x86_64-pc-linux-gnu/nios2-elf/lib/mhw-mulx/libc.a(lib_a-callocr.o)
                0x0000000000009e4c                _calloc_r
 .text          0x0000000000009f00        0x0 /opt/intelFPGA/20.1.1/nios2eds/bin/gnu/H-x86_64-pc-linux-gnu/bin/../lib/gcc/nios2-elf/10.1.1/../../../../../H-x86_64-pc-linux-gnu/nios2-elf/lib/mhw-mulx/libc.a(lib_a-fclose.o)
 .text._fclose_r.part.0
                0x0000000000009f00       0xc0 /opt/intelFPGA/20.1.1/nios2eds/bin/gnu/H-x86_64-pc-linux-gnu/bin/../lib/gcc/nios2-elf/10.1.1/../../../../../H-x86_64-pc-linux-gnu/nios2-elf/lib/mhw-mulx/libc.a(lib_a-fclose.o)
 .text._fclose_r
                0x0000000000009fc0       0x70 /opt/intelFPGA/20.1.1/nios2eds/bin/gnu/H-x86_64-pc-linux-gnu/bin/../lib/gcc/nios2-elf/10.1.1/../../../../../H-x86_64-pc-linux-gnu/nios2-elf/lib/mhw-mulx/libc.a(lib_a-fclose.o)
                0x0000000000009fc0                _fclose_r
 .text.fclose   0x000000000000a030       0x70 /opt/intelFPGA/20.1.1/nios2eds/bin/gnu/H-x86_64-pc-linux-gnu/bin/../lib/gcc/nios2-elf/10.1.1/../../../../../H-x86_64-pc-linux-gnu/nios2-elf/lib/mhw-mulx/libc.a(lib_a-fclose.o)
                0x000000000000a030                fclose
 .text          0x000000000000a0a0        0x0 /opt/intelFPGA/20.1.1/nios2eds/bin/gnu/H-x86_64-pc-linux-gnu/bin/../lib/gcc/nios2-elf/10.1.1/../../../../../H-x86_64-pc-linux-gnu/nios2-elf/lib/mhw-mulx/libc.a(lib_a-fiprintf.o)
 .text._fiprintf_r
                0x000000000000a0a0       0x20 /opt/intelFPGA/20.1.1/nios2eds/bin/gnu/H-x86_64-pc-linux-gnu/bin/../lib/gcc/nios2-elf/10.1.1/../../../../../H-x86_64-pc-linux-gnu/nios2-elf/lib/mhw-mulx/libc.a(lib_a-fiprintf.o)
                0x000000000000a0a0                _fiprintf_r
 .text.fiprintf
                0x000000000000a0c0       0x38 /opt/intelFPGA/20.1.1/nios2eds/bin/gnu/H-x86_64-pc-linux-gnu/bin/../lib/gcc/nios2-elf/10.1.1/../../../../../H-x86_64-pc-linux-gnu/nios2-elf/lib/mhw-mulx/libc.a(lib_a-fiprintf.o)
                0x000000000000a0c0                fiprintf
 .text          0x000000000000a0f8        0x0 /opt/intelFPGA/20.1.1/nios2eds/bin/gnu/H-x86_64-pc-linux-gnu/bin/../lib/gcc/nios2-elf/10.1.1/../../../../../H-x86_64-pc-linux-gnu/nios2-elf/lib/mhw-mulx/libc.a(lib_a-fputwc.o)
 .text.__fputwc
                0x000000000000a0f8      0x164 /opt/intelFPGA/20.1.1/nios2eds/bin/gnu/H-x86_64-pc-linux-gnu/bin/../lib/gcc/nios2-elf/10.1.1/../../../../../H-x86_64-pc-linux-gnu/nios2-elf/lib/mhw-mulx/libc.a(lib_a-fputwc.o)
                0x000000000000a0f8                __fputwc
 .text._fputwc_r
                0x000000000000a25c       0x24 /opt/intelFPGA/20.1.1/nios2eds/bin/gnu/H-x86_64-pc-linux-gnu/bin/../lib/gcc/nios2-elf/10.1.1/../../../../../H-x86_64-pc-linux-gnu/nios2-elf/lib/mhw-mulx/libc.a(lib_a-fputwc.o)
                0x000000000000a25c                _fputwc_r
 .text.fputwc   0x000000000000a280       0x78 /opt/intelFPGA/20.1.1/nios2eds/bin/gnu/H-x86_64-pc-linux-gnu/bin/../lib/gcc/nios2-elf/10.1.1/../../../../../H-x86_64-pc-linux-gnu/nios2-elf/lib/mhw-mulx/libc.a(lib_a-fputwc.o)
                0x000000000000a280                fputwc
 .text          0x000000000000a2f8        0x0 /opt/intelFPGA/20.1.1/nios2eds/bin/gnu/H-x86_64-pc-linux-gnu/bin/../lib/gcc/nios2-elf/10.1.1/../../../../../H-x86_64-pc-linux-gnu/nios2-elf/lib/mhw-mulx/libc.a(lib_a-fstatr.o)
 .text._fstat_r
                0x000000000000a2f8       0x60 /opt/intelFPGA/20.1.1/nios2eds/bin/gnu/H-x86_64-pc-linux-gnu/bin/../lib/gcc/nios2-elf/10.1.1/../../../../../H-x86_64-pc-linux-gnu/nios2-elf/lib/mhw-mulx/libc.a(lib_a-fstatr.o)
                0x000000000000a2f8                _fstat_r
 .text          0x000000000000a358        0x0 /opt/intelFPGA/20.1.1/nios2eds/bin/gnu/H-x86_64-pc-linux-gnu/bin/../lib/gcc/nios2-elf/10.1.1/../../../../../H-x86_64-pc-linux-gnu/nios2-elf/lib/mhw-mulx/libc.a(lib_a-isattyr.o)
 .text._isatty_r
                0x000000000000a358       0x58 /opt/intelFPGA/20.1.1/nios2eds/bin/gnu/H-x86_64-pc-linux-gnu/bin/../lib/gcc/nios2-elf/10.1.1/../../../../../H-x86_64-pc-linux-gnu/nios2-elf/lib/mhw-mulx/libc.a(lib_a-isattyr.o)
                0x000000000000a358                _isatty_r
 .text          0x000000000000a3b0        0x0 /opt/intelFPGA/20.1.1/nios2eds/bin/gnu/H-x86_64-pc-linux-gnu/bin/../lib/gcc/nios2-elf/10.1.1/../../../../../H-x86_64-pc-linux-gnu/nios2-elf/lib/mhw-mulx/libc.a(lib_a-locale.o)
 .text._setlocale_r
                0x000000000000a3b0       0x74 /opt/intelFPGA/20.1.1/nios2eds/bin/gnu/H-x86_64-pc-linux-gnu/bin/../lib/gcc/nios2-elf/10.1.1/../../../../../H-x86_64-pc-linux-gnu/nios2-elf/lib/mhw-mulx/libc.a(lib_a-locale.o)
                0x000000000000a3b0                _setlocale_r
 .text.__locale_mb_cur_max
                0x000000000000a424        0xc /opt/intelFPGA/20.1.1/nios2eds/bin/gnu/H-x86_64-pc-linux-gnu/bin/../lib/gcc/nios2-elf/10.1.1/../../../../../H-x86_64-pc-linux-gnu/nios2-elf/lib/mhw-mulx/libc.a(lib_a-locale.o)
                0x000000000000a424                __locale_mb_cur_max
 .text.setlocale
                0x000000000000a430       0x74 /opt/intelFPGA/20.1.1/nios2eds/bin/gnu/H-x86_64-pc-linux-gnu/bin/../lib/gcc/nios2-elf/10.1.1/../../../../../H-x86_64-pc-linux-gnu/nios2-elf/lib/mhw-mulx/libc.a(lib_a-locale.o)
                0x000000000000a430                setlocale
 .text          0x000000000000a4a4        0x0 /opt/intelFPGA/20.1.1/nios2eds/bin/gnu/H-x86_64-pc-linux-gnu/bin/../lib/gcc/nios2-elf/10.1.1/../../../../../H-x86_64-pc-linux-gnu/nios2-elf/lib/mhw-mulx/libc.a(lib_a-lseekr.o)
 .text._lseek_r
                0x000000000000a4a4       0x64 /opt/intelFPGA/20.1.1/nios2eds/bin/gnu/H-x86_64-pc-linux-gnu/bin/../lib/gcc/nios2-elf/10.1.1/../../../../../H-x86_64-pc-linux-gnu/nios2-elf/lib/mhw-mulx/libc.a(lib_a-lseekr.o)
                0x000000000000a4a4                _lseek_r
 .text          0x000000000000a508        0x0 /opt/intelFPGA/20.1.1/nios2eds/bin/gnu/H-x86_64-pc-linux-gnu/bin/../lib/gcc/nios2-elf/10.1.1/../../../../../H-x86_64-pc-linux-gnu/nios2-elf/lib/mhw-mulx/libc.a(lib_a-mbtowc_r.o)
 .text._mbtowc_r
                0x000000000000a508        0xc /opt/intelFPGA/20.1.1/nios2eds/bin/gnu/H-x86_64-pc-linux-gnu/bin/../lib/gcc/nios2-elf/10.1.1/../../../../../H-x86_64-pc-linux-gnu/nios2-elf/lib/mhw-mulx/libc.a(lib_a-mbtowc_r.o)
                0x000000000000a508                _mbtowc_r
 .text.__ascii_mbtowc
                0x000000000000a514       0x44 /opt/intelFPGA/20.1.1/nios2eds/bin/gnu/H-x86_64-pc-linux-gnu/bin/../lib/gcc/nios2-elf/10.1.1/../../../../../H-x86_64-pc-linux-gnu/nios2-elf/lib/mhw-mulx/libc.a(lib_a-mbtowc_r.o)
                0x000000000000a514                __ascii_mbtowc
 .text          0x000000000000a558        0x0 /opt/intelFPGA/20.1.1/nios2eds/bin/gnu/H-x86_64-pc-linux-gnu/bin/../lib/gcc/nios2-elf/10.1.1/../../../../../H-x86_64-pc-linux-gnu/nios2-elf/lib/mhw-mulx/libc.a(lib_a-readr.o)
 .text._read_r  0x000000000000a558       0x64 /opt/intelFPGA/20.1.1/nios2eds/bin/gnu/H-x86_64-pc-linux-gnu/bin/../lib/gcc/nios2-elf/10.1.1/../../../../../H-x86_64-pc-linux-gnu/nios2-elf/lib/mhw-mulx/libc.a(lib_a-readr.o)
                0x000000000000a558                _read_r
 .text          0x000000000000a5bc        0x0 /opt/intelFPGA/20.1.1/nios2eds/bin/gnu/H-x86_64-pc-linux-gnu/bin/../lib/gcc/nios2-elf/10.1.1/../../../../../H-x86_64-pc-linux-gnu/nios2-elf/lib/mhw-mulx/libc.a(lib_a-strcmp.o)
 .text.strcmp   0x000000000000a5bc       0xb8 /opt/intelFPGA/20.1.1/nios2eds/bin/gnu/H-x86_64-pc-linux-gnu/bin/../lib/gcc/nios2-elf/10.1.1/../../../../../H-x86_64-pc-linux-gnu/nios2-elf/lib/mhw-mulx/libc.a(lib_a-strcmp.o)
                0x000000000000a5bc                strcmp
 .text          0x000000000000a674        0x0 /opt/intelFPGA/20.1.1/nios2eds/bin/gnu/H-x86_64-pc-linux-gnu/bin/../lib/gcc/nios2-elf/10.1.1/../../../../../H-x86_64-pc-linux-gnu/nios2-elf/lib/mhw-mulx/libc.a(lib_a-vfiprintfr_1.o)
 .text._vfiprintf_r
                0x000000000000a674        0x4 /opt/intelFPGA/20.1.1/nios2eds/bin/gnu/H-x86_64-pc-linux-gnu/bin/../lib/gcc/nios2-elf/10.1.1/../../../../../H-x86_64-pc-linux-gnu/nios2-elf/lib/mhw-mulx/libc.a(lib_a-vfiprintfr_1.o)
                0x000000000000a674                _vfiprintf_r
 .text          0x000000000000a678        0x0 /opt/intelFPGA/20.1.1/nios2eds/bin/gnu/H-x86_64-pc-linux-gnu/bin/../lib/gcc/nios2-elf/10.1.1/../../../../../H-x86_64-pc-linux-gnu/nios2-elf/lib/mhw-mulx/libc.a(lib_a-wbuf.o)
 .text.__swbuf_r
                0x000000000000a678      0x148 /opt/intelFPGA/20.1.1/nios2eds/bin/gnu/H-x86_64-pc-linux-gnu/bin/../lib/gcc/nios2-elf/10.1.1/../../../../../H-x86_64-pc-linux-gnu/nios2-elf/lib/mhw-mulx/libc.a(lib_a-wbuf.o)
                0x000000000000a678                __swbuf_r
 .text.__swbuf  0x000000000000a7c0       0x18 /opt/intelFPGA/20.1.1/nios2eds/bin/gnu/H-x86_64-pc-linux-gnu/bin/../lib/gcc/nios2-elf/10.1.1/../../../../../H-x86_64-pc-linux-gnu/nios2-elf/lib/mhw-mulx/libc.a(lib_a-wbuf.o)
                0x000000000000a7c0                __swbuf
 .text          0x000000000000a7d8        0x0 /opt/intelFPGA/20.1.1/nios2eds/bin/gnu/H-x86_64-pc-linux-gnu/bin/../lib/gcc/nios2-elf/10.1.1/../../../../../H-x86_64-pc-linux-gnu/nios2-elf/lib/mhw-mulx/libc.a(lib_a-wcrtomb.o)
 .text._wcrtomb_r
                0x000000000000a7d8       0x6c /opt/intelFPGA/20.1.1/nios2eds/bin/gnu/H-x86_64-pc-linux-gnu/bin/../lib/gcc/nios2-elf/10.1.1/../../../../../H-x86_64-pc-linux-gnu/nios2-elf/lib/mhw-mulx/libc.a(lib_a-wcrtomb.o)
                0x000000000000a7d8                _wcrtomb_r
 .text.wcrtomb  0x000000000000a844       0x88 /opt/intelFPGA/20.1.1/nios2eds/bin/gnu/H-x86_64-pc-linux-gnu/bin/../lib/gcc/nios2-elf/10.1.1/../../../../../H-x86_64-pc-linux-gnu/nios2-elf/lib/mhw-mulx/libc.a(lib_a-wcrtomb.o)
                0x000000000000a844                wcrtomb
 .text          0x000000000000a8cc        0x0 /opt/intelFPGA/20.1.1/nios2eds/bin/gnu/H-x86_64-pc-linux-gnu/bin/../lib/gcc/nios2-elf/10.1.1/../../../../../H-x86_64-pc-linux-gnu/nios2-elf/lib/mhw-mulx/libc.a(lib_a-wctomb_r.o)
 .text._wctomb_r
                0x000000000000a8cc        0xc /opt/intelFPGA/20.1.1/nios2eds/bin/gnu/H-x86_64-pc-linux-gnu/bin/../lib/gcc/nios2-elf/10.1.1/../../../../../H-x86_64-pc-linux-gnu/nios2-elf/lib/mhw-mulx/libc.a(lib_a-wctomb_r.o)
                0x000000000000a8cc                _wctomb_r
 .text.__ascii_wctomb
                0x000000000000a8d8       0x30 /opt/intelFPGA/20.1.1/nios2eds/bin/gnu/H-x86_64-pc-linux-gnu/bin/../lib/gcc/nios2-elf/10.1.1/../../../../../H-x86_64-pc-linux-gnu/nios2-elf/lib/mhw-mulx/libc.a(lib_a-wctomb_r.o)
                0x000000000000a8d8                __ascii_wctomb
 .text          0x000000000000a908        0x0 /opt/intelFPGA/20.1.1/nios2eds/bin/gnu/H-x86_64-pc-linux-gnu/bin/../lib/gcc/nios2-elf/10.1.1/../../../../../H-x86_64-pc-linux-gnu/nios2-elf/lib/mhw-mulx/libc.a(lib_a-abort.o)
 .text.unlikely.abort
                0x000000000000a908       0x18 /opt/intelFPGA/20.1.1/nios2eds/bin/gnu/H-x86_64-pc-linux-gnu/bin/../lib/gcc/nios2-elf/10.1.1/../../../../../H-x86_64-pc-linux-gnu/nios2-elf/lib/mhw-mulx/libc.a(lib_a-abort.o)
                0x000000000000a908                abort
 .text          0x000000000000a920        0x0 /opt/intelFPGA/20.1.1/nios2eds/bin/gnu/H-x86_64-pc-linux-gnu/bin/../lib/gcc/nios2-elf/10.1.1/../../../../../H-x86_64-pc-linux-gnu/nios2-elf/lib/mhw-mulx/libc.a(lib_a-ctype_.o)
 .text          0x000000000000a920        0x0 /opt/intelFPGA/20.1.1/nios2eds/bin/gnu/H-x86_64-pc-linux-gnu/bin/../lib/gcc/nios2-elf/10.1.1/../../../../../H-x86_64-pc-linux-gnu/nios2-elf/lib/mhw-mulx/libc.a(lib_a-signal.o)
 .text._init_signal_r
                0x000000000000a920       0x5c /opt/intelFPGA/20.1.1/nios2eds/bin/gnu/H-x86_64-pc-linux-gnu/bin/../lib/gcc/nios2-elf/10.1.1/../../../../../H-x86_64-pc-linux-gnu/nios2-elf/lib/mhw-mulx/libc.a(lib_a-signal.o)
                0x000000000000a920                _init_signal_r
 .text._signal_r
                0x000000000000a97c       0x98 /opt/intelFPGA/20.1.1/nios2eds/bin/gnu/H-x86_64-pc-linux-gnu/bin/../lib/gcc/nios2-elf/10.1.1/../../../../../H-x86_64-pc-linux-gnu/nios2-elf/lib/mhw-mulx/libc.a(lib_a-signal.o)
                0x000000000000a97c                _signal_r
 .text._raise_r
                0x000000000000aa14       0xc4 /opt/intelFPGA/20.1.1/nios2eds/bin/gnu/H-x86_64-pc-linux-gnu/bin/../lib/gcc/nios2-elf/10.1.1/../../../../../H-x86_64-pc-linux-gnu/nios2-elf/lib/mhw-mulx/libc.a(lib_a-signal.o)
                0x000000000000aa14                _raise_r
 .text.__sigtramp_r
                0x000000000000aad8       0xbc /opt/intelFPGA/20.1.1/nios2eds/bin/gnu/H-x86_64-pc-linux-gnu/bin/../lib/gcc/nios2-elf/10.1.1/../../../../../H-x86_64-pc-linux-gnu/nios2-elf/lib/mhw-mulx/libc.a(lib_a-signal.o)
                0x000000000000aad8                __sigtramp_r
 .text.raise    0x000000000000ab94       0xbc /opt/intelFPGA/20.1.1/nios2eds/bin/gnu/H-x86_64-pc-linux-gnu/bin/../lib/gcc/nios2-elf/10.1.1/../../../../../H-x86_64-pc-linux-gnu/nios2-elf/lib/mhw-mulx/libc.a(lib_a-signal.o)
                0x000000000000ab94                raise
 .text.signal   0x000000000000ac50       0xa0 /opt/intelFPGA/20.1.1/nios2eds/bin/gnu/H-x86_64-pc-linux-gnu/bin/../lib/gcc/nios2-elf/10.1.1/../../../../../H-x86_64-pc-linux-gnu/nios2-elf/lib/mhw-mulx/libc.a(lib_a-signal.o)
                0x000000000000ac50                signal
 .text._init_signal
                0x000000000000acf0       0x60 /opt/intelFPGA/20.1.1/nios2eds/bin/gnu/H-x86_64-pc-linux-gnu/bin/../lib/gcc/nios2-elf/10.1.1/../../../../../H-x86_64-pc-linux-gnu/nios2-elf/lib/mhw-mulx/libc.a(lib_a-signal.o)
                0x000000000000acf0                _init_signal
 .text.__sigtramp
                0x000000000000ad50       0xbc /opt/intelFPGA/20.1.1/nios2eds/bin/gnu/H-x86_64-pc-linux-gnu/bin/../lib/gcc/nios2-elf/10.1.1/../../../../../H-x86_64-pc-linux-gnu/nios2-elf/lib/mhw-mulx/libc.a(lib_a-signal.o)
                0x000000000000ad50                __sigtramp
 .text          0x000000000000ae0c        0x0 /opt/intelFPGA/20.1.1/nios2eds/bin/gnu/H-x86_64-pc-linux-gnu/bin/../lib/gcc/nios2-elf/10.1.1/../../../../../H-x86_64-pc-linux-gnu/nios2-elf/lib/mhw-mulx/libc.a(lib_a-signalr.o)
 .text._kill_r  0x000000000000ae0c       0x60 /opt/intelFPGA/20.1.1/nios2eds/bin/gnu/H-x86_64-pc-linux-gnu/bin/../lib/gcc/nios2-elf/10.1.1/../../../../../H-x86_64-pc-linux-gnu/nios2-elf/lib/mhw-mulx/libc.a(lib_a-signalr.o)
                0x000000000000ae0c                _kill_r
 .text._getpid_r
                0x000000000000ae6c        0x4 /opt/intelFPGA/20.1.1/nios2eds/bin/gnu/H-x86_64-pc-linux-gnu/bin/../lib/gcc/nios2-elf/10.1.1/../../../../../H-x86_64-pc-linux-gnu/nios2-elf/lib/mhw-mulx/libc.a(lib_a-signalr.o)
                0x000000000000ae6c                _getpid_r
 .text          0x000000000000ae70      0x590 /opt/intelFPGA/20.1.1/nios2eds/bin/gnu/H-x86_64-pc-linux-gnu/bin/../lib/gcc/nios2-elf/10.1.1/mhw-mulx/libgcc.a(_udivdi3.o)
                0x000000000000ae70                __udivdi3
 .text          0x000000000000b400      0x534 /opt/intelFPGA/20.1.1/nios2eds/bin/gnu/H-x86_64-pc-linux-gnu/bin/../lib/gcc/nios2-elf/10.1.1/mhw-mulx/libgcc.a(_umoddi3.o)
                0x000000000000b400                __umoddi3
 .text          0x000000000000b934      0x1b4 /opt/intelFPGA/20.1.1/nios2eds/bin/gnu/H-x86_64-pc-linux-gnu/bin/../lib/gcc/nios2-elf/10.1.1/mhw-mulx/libgcc.a(lib2-divmod.o)
                0x000000000000b934                __divsi3
                0x000000000000b9b4                __modsi3
                0x000000000000ba28                __udivsi3
                0x000000000000ba8c                __umodsi3
 .text          0x000000000000bae8      0x8f0 /opt/intelFPGA/20.1.1/nios2eds/bin/gnu/H-x86_64-pc-linux-gnu/bin/../lib/gcc/nios2-elf/10.1.1/mhw-mulx/libgcc.a(adddf3.o)
                0x000000000000bae8                __adddf3
 .text          0x000000000000c3d8      0x85c /opt/intelFPGA/20.1.1/nios2eds/bin/gnu/H-x86_64-pc-linux-gnu/bin/../lib/gcc/nios2-elf/10.1.1/mhw-mulx/libgcc.a(divdf3.o)
                0x000000000000c3d8                __divdf3
 .text          0x000000000000cc34       0x80 /opt/intelFPGA/20.1.1/nios2eds/bin/gnu/H-x86_64-pc-linux-gnu/bin/../lib/gcc/nios2-elf/10.1.1/mhw-mulx/libgcc.a(eqdf2.o)
                0x000000000000cc34                __eqdf2
                0x000000000000cc34                __nedf2
 .text          0x000000000000ccb4       0xe8 /opt/intelFPGA/20.1.1/nios2eds/bin/gnu/H-x86_64-pc-linux-gnu/bin/../lib/gcc/nios2-elf/10.1.1/mhw-mulx/libgcc.a(gedf2.o)
                0x000000000000ccb4                __gtdf2
                0x000000000000ccb4                __gedf2
 .text          0x000000000000cd9c       0xe8 /opt/intelFPGA/20.1.1/nios2eds/bin/gnu/H-x86_64-pc-linux-gnu/bin/../lib/gcc/nios2-elf/10.1.1/mhw-mulx/libgcc.a(ledf2.o)
                0x000000000000cd9c                __ltdf2
                0x000000000000cd9c                __ledf2
 .text          0x000000000000ce84      0x674 /opt/intelFPGA/20.1.1/nios2eds/bin/gnu/H-x86_64-pc-linux-gnu/bin/../lib/gcc/nios2-elf/10.1.1/mhw-mulx/libgcc.a(muldf3.o)
                0x000000000000ce84                __muldf3
 .text          0x000000000000d4f8      0x8b4 /opt/intelFPGA/20.1.1/nios2eds/bin/gnu/H-x86_64-pc-linux-gnu/bin/../lib/gcc/nios2-elf/10.1.1/mhw-mulx/libgcc.a(subdf3.o)
                0x000000000000d4f8                __subdf3
 .text          0x000000000000ddac       0x54 /opt/intelFPGA/20.1.1/nios2eds/bin/gnu/H-x86_64-pc-linux-gnu/bin/../lib/gcc/nios2-elf/10.1.1/mhw-mulx/libgcc.a(unorddf2.o)
                0x000000000000ddac                __unorddf2
 .text          0x000000000000de00       0x80 /opt/intelFPGA/20.1.1/nios2eds/bin/gnu/H-x86_64-pc-linux-gnu/bin/../lib/gcc/nios2-elf/10.1.1/mhw-mulx/libgcc.a(fixdfsi.o)
                0x000000000000de00                __fixdfsi
 .text          0x000000000000de80       0xb8 /opt/intelFPGA/20.1.1/nios2eds/bin/gnu/H-x86_64-pc-linux-gnu/bin/../lib/gcc/nios2-elf/10.1.1/mhw-mulx/libgcc.a(floatsidf.o)
                0x000000000000de80                __floatsidf
 .text          0x000000000000df38       0x90 /opt/intelFPGA/20.1.1/nios2eds/bin/gnu/H-x86_64-pc-linux-gnu/bin/../lib/gcc/nios2-elf/10.1.1/mhw-mulx/libgcc.a(floatunsidf.o)
                0x000000000000df38                __floatunsidf
 .text          0x000000000000dfc8        0x0 /opt/intelFPGA/20.1.1/nios2eds/bin/gnu/H-x86_64-pc-linux-gnu/bin/../lib/gcc/nios2-elf/10.1.1/mhw-mulx/libgcc.a(_clz.o)
 .text          0x000000000000dfc8       0x54 /opt/intelFPGA/20.1.1/nios2eds/bin/gnu/H-x86_64-pc-linux-gnu/bin/../lib/gcc/nios2-elf/10.1.1/mhw-mulx/libgcc.a(_clzsi2.o)
                0x000000000000dfc8                __clzsi2
 .text          0x000000000000e01c      0x10c ../ucosii_binary_game_hal_part2_bsp//libucosii_bsp.a(alt_close.o)
                0x000000000000e058                close
 .text          0x000000000000e128       0x2c ../ucosii_binary_game_hal_part2_bsp//libucosii_bsp.a(alt_dev.o)
 .text          0x000000000000e154        0x0 ../ucosii_binary_game_hal_part2_bsp//libucosii_bsp.a(alt_errno.o)
 .text          0x000000000000e154       0x38 ../ucosii_binary_game_hal_part2_bsp//libucosii_bsp.a(alt_exit.o)
                0x000000000000e154                _exit
 .text          0x000000000000e18c       0xec ../ucosii_binary_game_hal_part2_bsp//libucosii_bsp.a(alt_fstat.o)
                0x000000000000e1c8                fstat
 .text          0x000000000000e278       0x20 ../ucosii_binary_game_hal_part2_bsp//libucosii_bsp.a(alt_getpid.o)
                0x000000000000e278                getpid
 .text          0x000000000000e298      0x260 ../ucosii_binary_game_hal_part2_bsp//libucosii_bsp.a(alt_gettod.o)
                0x000000000000e298                gettimeofday
 .text          0x000000000000e4f8      0x180 ../ucosii_binary_game_hal_part2_bsp//libucosii_bsp.a(alt_irq_register.o)
                0x000000000000e4f8                alt_irq_register
 .text          0x000000000000e678        0x0 ../ucosii_binary_game_hal_part2_bsp//libucosii_bsp.a(alt_irq_vars.o)
 .text          0x000000000000e678       0xe0 ../ucosii_binary_game_hal_part2_bsp//libucosii_bsp.a(alt_isatty.o)
                0x000000000000e6b4                isatty
 .text          0x000000000000e758      0x168 ../ucosii_binary_game_hal_part2_bsp//libucosii_bsp.a(alt_kill.o)
                0x000000000000e794                kill
 .text          0x000000000000e8c0       0xec ../ucosii_binary_game_hal_part2_bsp//libucosii_bsp.a(alt_load.o)
                0x000000000000e928                alt_load
 .text          0x000000000000e9ac      0x110 ../ucosii_binary_game_hal_part2_bsp//libucosii_bsp.a(alt_lseek.o)
                0x000000000000e9e8                lseek
 .text          0x000000000000eabc       0xc0 ../ucosii_binary_game_hal_part2_bsp//libucosii_bsp.a(alt_main.o)
                0x000000000000eabc                alt_main
 .text          0x000000000000eb7c      0x138 ../ucosii_binary_game_hal_part2_bsp//libucosii_bsp.a(alt_read.o)
                0x000000000000ebb8                read
 .text          0x000000000000ecb4       0x58 ../ucosii_binary_game_hal_part2_bsp//libucosii_bsp.a(alt_release_fd.o)
                0x000000000000ecb4                alt_release_fd
 .text          0x000000000000ed0c       0xb8 ../ucosii_binary_game_hal_part2_bsp//libucosii_bsp.a(alt_sbrk.o)
                0x000000000000ed0c                sbrk
 .text          0x000000000000edc4      0x1ac ../ucosii_binary_game_hal_part2_bsp//libucosii_bsp.a(alt_tick.o)
                0x000000000000edc4                alt_alarm_stop
                0x000000000000ee68                alt_tick
 .text          0x000000000000ef70      0x134 ../ucosii_binary_game_hal_part2_bsp//libucosii_bsp.a(alt_write.o)
                0x000000000000efac                write
 .text          0x000000000000f0a4      0x120 ../ucosii_binary_game_hal_part2_bsp//libucosii_bsp.a(alt_env_lock.o)
                0x000000000000f0a4                __env_lock
                0x000000000000f164                __env_unlock
 .text          0x000000000000f1c4      0x1fc ../ucosii_binary_game_hal_part2_bsp//libucosii_bsp.a(alt_malloc_lock.o)
                0x000000000000f1c4                __malloc_lock
                0x000000000000f2ec                __malloc_unlock
 .text          0x000000000000f3c0     0x2040 ../ucosii_binary_game_hal_part2_bsp//libucosii_bsp.a(os_core.o)
                0x000000000000f3c0                OSEventNameGet
                0x000000000000f4e4                OSEventNameSet
                0x000000000000f62c                OSEventPendMulti
                0x000000000000fc64                OSInit
                0x000000000000fcbc                OSIntEnter
                0x000000000000fd08                OSIntExit
                0x000000000000fdfc                OSSchedLock
                0x000000000000fe8c                OSSchedUnlock
                0x000000000000ff70                OSStart
                0x000000000000ffd8                OSStatInit
                0x0000000000010090                OSTimeTick
                0x00000000000102c4                OSVersion
                0x00000000000102e4                OS_Dummy
                0x0000000000010304                OS_EventTaskRdy
                0x000000000001048c                OS_EventTaskWait
                0x0000000000010594                OS_EventTaskWaitMulti
                0x00000000000106dc                OS_EventTaskRemove
                0x000000000001078c                OS_EventTaskRemoveMulti
                0x0000000000010888                OS_EventWaitListInit
                0x0000000000010c74                OS_MemClr
                0x0000000000010ccc                OS_MemCopy
                0x0000000000010d38                OS_Sched
                0x0000000000010e70                OS_StrCopy
                0x0000000000010ee4                OS_StrLen
                0x0000000000010f38                OS_TaskIdle
                0x0000000000010f98                OS_TaskStat
                0x000000000001105c                OS_TaskStatStkChk
                0x0000000000011120                OS_TCBInit
 .text          0x0000000000011400      0x190 ../ucosii_binary_game_hal_part2_bsp//libucosii_bsp.a(os_dbg.o)
                0x0000000000011400                OSDebugInit
 .text          0x0000000000011590     0x17c4 ../ucosii_binary_game_hal_part2_bsp//libucosii_bsp.a(os_flag.o)
                0x0000000000011590                OSFlagAccept
                0x00000000000118b4                OSFlagCreate
                0x00000000000119c4                OSFlagDel
                0x0000000000011c1c                OSFlagNameGet
                0x0000000000011d4c                OSFlagNameSet
                0x0000000000011ea0                OSFlagPend
                0x00000000000124a0                OSFlagPendGetFlagsRdy
                0x0000000000012504                OSFlagPost
                0x00000000000128b0                OSFlagQuery
                0x0000000000012adc                OS_FlagInit
                0x0000000000012cb0                OS_FlagUnlink
 .text          0x0000000000012d54      0x778 ../ucosii_binary_game_hal_part2_bsp//libucosii_bsp.a(os_mem.o)
                0x0000000000012d54                OSMemCreate
                0x0000000000012f2c                OSMemGet
                0x0000000000013024                OSMemNameGet
                0x0000000000013118                OSMemNameSet
                0x0000000000013234                OSMemPut
                0x0000000000013314                OSMemQuery
                0x0000000000013400                OS_MemInit
 .text          0x00000000000134cc     0x1108 ../ucosii_binary_game_hal_part2_bsp//libucosii_bsp.a(os_mutex.o)
                0x00000000000134cc                OSMutexAccept
                0x000000000001367c                OSMutexCreate
                0x0000000000013838                OSMutexDel
                0x0000000000013b34                OSMutexPend
                0x00000000000140c4                OSMutexPost
                0x00000000000142dc                OSMutexQuery
 .text          0x00000000000145d4     0x115c ../ucosii_binary_game_hal_part2_bsp//libucosii_bsp.a(os_q.o)
                0x00000000000145d4                OSQAccept
                0x0000000000014718                OSQCreate
                0x00000000000148c8                OSQDel
                0x0000000000014b58                OSQFlush
                0x0000000000014c14                OSQPend
                0x0000000000014eac                OSQPendAbort
                0x0000000000015020                OSQPost
                0x0000000000015194                OSQPostFront
                0x0000000000015310                OSQPostOpt
                0x0000000000015528                OSQQuery
                0x0000000000015688                OS_QInit
 .text          0x0000000000015730      0xa98 ../ucosii_binary_game_hal_part2_bsp//libucosii_bsp.a(os_sem.o)
                0x0000000000015730                OSSemAccept
                0x00000000000157e4                OSSemCreate
                0x00000000000158c0                OSSemDel
                0x0000000000015b10                OSSemPend
                0x0000000000015d24                OSSemPendAbort
                0x0000000000015e98                OSSemPost
                0x0000000000015fb4                OSSemQuery
                0x00000000000160c8                OSSemSet
 .text          0x00000000000161c8     0x1750 ../ucosii_binary_game_hal_part2_bsp//libucosii_bsp.a(os_task.o)
                0x00000000000161c8                OSTaskChangePrio
                0x000000000001668c                OSTaskCreate
                0x0000000000016830                OSTaskCreateExt
                0x0000000000016a0c                OSTaskDel
                0x0000000000016d50                OSTaskDelReq
                0x0000000000016ea8                OSTaskNameGet
                0x0000000000017044                OSTaskNameSet
                0x0000000000017200                OSTaskResume
                0x00000000000173e0                OSTaskStkChk
                0x0000000000017598                OSTaskSuspend
                0x0000000000017780                OSTaskQuery
                0x00000000000178a8                OS_TaskStkClr
 .text          0x0000000000017918      0x500 ../ucosii_binary_game_hal_part2_bsp//libucosii_bsp.a(os_time.o)
                0x0000000000017918                OSTimeDly
                0x0000000000017a20                OSTimeDlyHMSM
                0x0000000000017b74                OSTimeDlyResume
                0x0000000000017d54                OSTimeGet
                0x0000000000017db4                OSTimeSet
 .text          0x0000000000017e18      0x844 ../ucosii_binary_game_hal_part2_bsp//libucosii_bsp.a(alt_sys_init.o)
                0x0000000000017e4c                alt_irq_init
                0x0000000000017e88                alt_sys_init
 .text          0x000000000001865c      0x164 ../ucosii_binary_game_hal_part2_bsp//libucosii_bsp.a(altera_avalon_jtag_uart_fd.o)
                0x000000000001865c                altera_avalon_jtag_uart_read_fd
                0x00000000000186bc                altera_avalon_jtag_uart_write_fd
                0x000000000001871c                altera_avalon_jtag_uart_close_fd
                0x000000000001876c                altera_avalon_jtag_uart_ioctl_fd
 .text          0x00000000000187c0      0x568 ../ucosii_binary_game_hal_part2_bsp//libucosii_bsp.a(altera_avalon_jtag_uart_init.o)
                0x00000000000187c0                altera_avalon_jtag_uart_init
                0x0000000000018cc0                altera_avalon_jtag_uart_close
 .text          0x0000000000018d28       0xf4 ../ucosii_binary_game_hal_part2_bsp//libucosii_bsp.a(altera_avalon_jtag_uart_ioctl.o)
                0x0000000000018d28                altera_avalon_jtag_uart_ioctl
 .text          0x0000000000018e1c      0x2c8 ../ucosii_binary_game_hal_part2_bsp//libucosii_bsp.a(altera_avalon_jtag_uart_read.o)
                0x0000000000018e1c                altera_avalon_jtag_uart_read
 .text          0x00000000000190e4      0x2d0 ../ucosii_binary_game_hal_part2_bsp//libucosii_bsp.a(altera_avalon_jtag_uart_write.o)
                0x00000000000190e4                altera_avalon_jtag_uart_write
 .text          0x00000000000193b4       0xfc ../ucosii_binary_game_hal_part2_bsp//libucosii_bsp.a(altera_avalon_timer_sc.o)
                0x0000000000019434                alt_avalon_timer_sc_init
 .text          0x00000000000194b0      0x4fc ../ucosii_binary_game_hal_part2_bsp//libucosii_bsp.a(altera_up_avalon_character_lcd.o)
                0x00000000000194b0                get_DDRAM_addr
                0x0000000000019524                alt_up_character_lcd_send_cmd
                0x0000000000019564                alt_up_character_lcd_init
                0x000000000001959c                alt_up_character_lcd_open_dev
                0x00000000000195d8                alt_up_character_lcd_write
                0x0000000000019658                alt_up_character_lcd_string
                0x00000000000196d4                alt_up_character_lcd_write_fd
                0x0000000000019724                alt_up_character_lcd_set_cursor_pos
                0x0000000000019798                alt_up_character_lcd_shift_cursor
                0x0000000000019824                alt_up_character_lcd_shift_display
                0x00000000000198b0                alt_up_character_lcd_erase_pos
                0x000000000001993c                alt_up_character_lcd_cursor_off
                0x0000000000019974                alt_up_character_lcd_cursor_blink_on
 .text          0x00000000000199ac      0x38c ../ucosii_binary_game_hal_part2_bsp//libucosii_bsp.a(altera_up_avalon_irda.o)
                0x00000000000199ac                alt_up_irda_enable_read_interrupt
                0x0000000000019a08                alt_up_irda_disable_read_interrupt
                0x0000000000019a68                alt_up_irda_get_used_space_in_read_FIFO
                0x0000000000019aa8                alt_up_irda_get_available_space_in_write_FIFO
                0x0000000000019ae4                alt_up_irda_check_parity
                0x0000000000019b28                alt_up_irda_write_data
                0x0000000000019b68                alt_up_irda_read_data
                0x0000000000019bdc                alt_up_irda_read_fd
                0x0000000000019c6c                alt_up_irda_write_fd
                0x0000000000019cfc                alt_up_irda_open_dev
 .text          0x0000000000019d38      0x6b4 ../ucosii_binary_game_hal_part2_bsp//libucosii_bsp.a(altera_up_avalon_ps2.o)
                0x0000000000019d38                read_RI_bit
                0x0000000000019d6c                read_RE_bit
                0x0000000000019d9c                read_CE_bit
                0x0000000000019dd0                read_num_bytes_available
                0x0000000000019e00                read_data_valid
                0x0000000000019e34                read_data_byte
                0x0000000000019e60                alt_up_ps2_init
                0x0000000000019f28                alt_up_ps2_enable_read_interrupt
                0x0000000000019f84                alt_up_ps2_disable_read_interrupt
                0x0000000000019fe4                alt_up_ps2_write_data_byte
                0x000000000001a058                alt_up_ps2_wait_for_ack
                0x000000000001a0c0                alt_up_ps2_write_data_byte_with_ack
                0x000000000001a124                alt_up_ps2_read_data_byte_timeout
                0x000000000001a1c0                alt_up_ps2_read_data_byte
                0x000000000001a230                alt_up_ps2_clear_fifo
                0x000000000001a28c                alt_up_ps2_read_fd
                0x000000000001a318                alt_up_ps2_write_fd
                0x000000000001a3b0                alt_up_ps2_open_dev
 .text          0x000000000001a3ec      0x390 ../ucosii_binary_game_hal_part2_bsp//libucosii_bsp.a(altera_up_avalon_rs232.o)
                0x000000000001a3ec                alt_up_rs232_enable_read_interrupt
                0x000000000001a448                alt_up_rs232_disable_read_interrupt
                0x000000000001a4a8                alt_up_rs232_get_used_space_in_read_FIFO
                0x000000000001a4e8                alt_up_rs232_get_available_space_in_write_FIFO
                0x000000000001a524                alt_up_rs232_check_parity
                0x000000000001a568                alt_up_rs232_write_data
                0x000000000001a5a8                alt_up_rs232_read_data
                0x000000000001a61c                alt_up_rs232_read_fd
                0x000000000001a6ac                alt_up_rs232_write_fd
                0x000000000001a740                alt_up_rs232_open_dev
 .text          0x000000000001a77c      0x134 ../ucosii_binary_game_hal_part2_bsp//libucosii_bsp.a(alt_alarm_start.o)
                0x000000000001a77c                alt_alarm_start
 .text          0x000000000001a8b0       0x20 ../ucosii_binary_game_hal_part2_bsp//libucosii_bsp.a(alt_dcache_flush_all.o)
                0x000000000001a8b0                alt_dcache_flush_all
 .text          0x000000000001a8d0       0xe4 ../ucosii_binary_game_hal_part2_bsp//libucosii_bsp.a(alt_dev_llist_insert.o)
                0x000000000001a90c                alt_dev_llist_insert
 .text          0x000000000001a9b4       0x64 ../ucosii_binary_game_hal_part2_bsp//libucosii_bsp.a(alt_do_ctors.o)
                0x000000000001a9b4                _do_ctors
 .text          0x000000000001aa18       0x64 ../ucosii_binary_game_hal_part2_bsp//libucosii_bsp.a(alt_do_dtors.o)
                0x000000000001aa18                _do_dtors
 .text          0x000000000001aa7c       0x90 ../ucosii_binary_game_hal_part2_bsp//libucosii_bsp.a(alt_find_dev.o)
                0x000000000001aa7c                alt_find_dev
 .text          0x000000000001ab0c       0x34 ../ucosii_binary_game_hal_part2_bsp//libucosii_bsp.a(alt_icache_flush_all.o)
                0x000000000001ab0c                alt_icache_flush_all
 .text          0x000000000001ab40      0x12c ../ucosii_binary_game_hal_part2_bsp//libucosii_bsp.a(alt_io_redirect.o)
                0x000000000001abf0                alt_io_redirect
 .text          0x000000000001ac6c        0x0 ../ucosii_binary_game_hal_part2_bsp//libucosii_bsp.a(alt_irq_entry.o)
 .text          0x000000000001ac6c        0x0 ../ucosii_binary_game_hal_part2_bsp//libucosii_bsp.a(alt_irq_handler.o)
 .text          0x000000000001ac6c      0x248 ../ucosii_binary_game_hal_part2_bsp//libucosii_bsp.a(alt_open.o)
                0x000000000001ad60                open
 .text          0x000000000001aeb4       0x24 ../ucosii_binary_game_hal_part2_bsp//libucosii_bsp.a(altera_nios2_gen2_irq.o)
                0x000000000001aeb4                altera_nios2_gen2_irq_init
 .text          0x000000000001aed8       0xd0 ../ucosii_binary_game_hal_part2_bsp//libucosii_bsp.a(os_cpu_a.o)
                0x000000000001aed8                OSCtxSw
                0x000000000001aed8                OSIntCtxSw
                0x000000000001af64                OSStartHighRdy
                0x000000000001af84                OSStartTsk
 .text          0x000000000001afa8      0x278 ../ucosii_binary_game_hal_part2_bsp//libucosii_bsp.a(os_cpu_c.o)
                0x000000000001afa8                OSTaskStkInit
                0x000000000001b0f4                OSTaskCreateHook
                0x000000000001b118                OSTaskDelHook
                0x000000000001b13c                OSTaskSwHook
                0x000000000001b15c                OSTaskStatHook
                0x000000000001b17c                OSTimeTickHook
                0x000000000001b19c                OSInitHookBegin
                0x000000000001b1bc                OSInitHookEnd
                0x000000000001b1dc                OSTaskIdleHook
                0x000000000001b1fc                OSTCBInitHook
 .text          0x000000000001b220        0x0 ../ucosii_binary_game_hal_part2_bsp//libucosii_bsp.a(alt_exception_entry.o)
 .text          0x000000000001b220      0x108 ../ucosii_binary_game_hal_part2_bsp//libucosii_bsp.a(alt_find_file.o)
                0x000000000001b220                alt_find_file
 .text          0x000000000001b328       0xd8 ../ucosii_binary_game_hal_part2_bsp//libucosii_bsp.a(alt_get_fd.o)
                0x000000000001b328                alt_get_fd
 .text          0x000000000001b400       0x90 ../ucosii_binary_game_hal_part2_bsp//libucosii_bsp.a(alt_icache_flush.o)
                0x000000000001b400                alt_icache_flush
 .text          0x000000000001b490       0x98 ../ucosii_binary_game_hal_part2_bsp//libucosii_bsp.a(alt_instruction_exception_entry.o)
                0x000000000001b490                alt_exception_cause_generated_bad_addr
 .text          0x000000000001b528        0x0 /opt/intelFPGA/20.1.1/nios2eds/bin/gnu/H-x86_64-pc-linux-gnu/bin/../lib/gcc/nios2-elf/10.1.1/../../../../../H-x86_64-pc-linux-gnu/nios2-elf/lib/mhw-mulx/libc.a(lib_a-atexit.o)
 .text.atexit   0x000000000001b528       0x14 /opt/intelFPGA/20.1.1/nios2eds/bin/gnu/H-x86_64-pc-linux-gnu/bin/../lib/gcc/nios2-elf/10.1.1/../../../../../H-x86_64-pc-linux-gnu/nios2-elf/lib/mhw-mulx/libc.a(lib_a-atexit.o)
                0x000000000001b528                atexit
 .text          0x000000000001b53c        0x0 /opt/intelFPGA/20.1.1/nios2eds/bin/gnu/H-x86_64-pc-linux-gnu/bin/../lib/gcc/nios2-elf/10.1.1/../../../../../H-x86_64-pc-linux-gnu/nios2-elf/lib/mhw-mulx/libc.a(lib_a-exit.o)
 .text.exit     0x000000000001b53c       0x34 /opt/intelFPGA/20.1.1/nios2eds/bin/gnu/H-x86_64-pc-linux-gnu/bin/../lib/gcc/nios2-elf/10.1.1/../../../../../H-x86_64-pc-linux-gnu/nios2-elf/lib/mhw-mulx/libc.a(lib_a-exit.o)
                0x000000000001b53c                exit
 .text          0x000000000001b570        0x0 /opt/intelFPGA/20.1.1/nios2eds/bin/gnu/H-x86_64-pc-linux-gnu/bin/../lib/gcc/nios2-elf/10.1.1/../../../../../H-x86_64-pc-linux-gnu/nios2-elf/lib/mhw-mulx/libc.a(lib_a-memcmp.o)
 .text.memcmp   0x000000000001b570       0x78 /opt/intelFPGA/20.1.1/nios2eds/bin/gnu/H-x86_64-pc-linux-gnu/bin/../lib/gcc/nios2-elf/10.1.1/../../../../../H-x86_64-pc-linux-gnu/nios2-elf/lib/mhw-mulx/libc.a(lib_a-memcmp.o)
                0x000000000001b570                memcmp
 .text          0x000000000001b5e8        0x0 /opt/intelFPGA/20.1.1/nios2eds/bin/gnu/H-x86_64-pc-linux-gnu/bin/../lib/gcc/nios2-elf/10.1.1/../../../../../H-x86_64-pc-linux-gnu/nios2-elf/lib/mhw-mulx/libc.a(lib_a-__atexit.o)
 .text.__register_exitproc
                0x000000000001b5e8       0x90 /opt/intelFPGA/20.1.1/nios2eds/bin/gnu/H-x86_64-pc-linux-gnu/bin/../lib/gcc/nios2-elf/10.1.1/../../../../../H-x86_64-pc-linux-gnu/nios2-elf/lib/mhw-mulx/libc.a(lib_a-__atexit.o)
                0x000000000001b5e8                __register_exitproc
 .text          0x000000000001b678        0x0 /opt/intelFPGA/20.1.1/nios2eds/bin/gnu/H-x86_64-pc-linux-gnu/bin/../lib/gcc/nios2-elf/10.1.1/../../../../../H-x86_64-pc-linux-gnu/nios2-elf/lib/mhw-mulx/libc.a(lib_a-__call_atexit.o)
 .text.__call_exitprocs
                0x000000000001b678      0x120 /opt/intelFPGA/20.1.1/nios2eds/bin/gnu/H-x86_64-pc-linux-gnu/bin/../lib/gcc/nios2-elf/10.1.1/../../../../../H-x86_64-pc-linux-gnu/nios2-elf/lib/mhw-mulx/libc.a(lib_a-__call_atexit.o)
                0x000000000001b678                __call_exitprocs
 *(.gnu.warning.*)
 *(.fini)
                [!provide]                        PROVIDE (__etext = ABSOLUTE (.))
                [!provide]                        PROVIDE (_etext = ABSOLUTE (.))
                [!provide]                        PROVIDE (etext = ABSOLUTE (.))
 *(.eh_frame_hdr)
                0x000000000001b798                . = ALIGN (0x4)
                [!provide]                        PROVIDE (__preinit_array_start = ABSOLUTE (.))
 *(.preinit_array)
                [!provide]                        PROVIDE (__preinit_array_end = ABSOLUTE (.))
                [!provide]                        PROVIDE (__init_array_start = ABSOLUTE (.))
 *(.init_array)
                [!provide]                        PROVIDE (__init_array_end = ABSOLUTE (.))
                [!provide]                        PROVIDE (__fini_array_start = ABSOLUTE (.))
 *(.fini_array)
                [!provide]                        PROVIDE (__fini_array_end = ABSOLUTE (.))
 *(.eh_frame)
 *(.gcc_except_table .gcc_except_table.*)
 *(.dynamic)
                0x000000000001b798                PROVIDE (__CTOR_LIST__ = ABSOLUTE (.))
 *(.ctors)
 *(SORT_BY_NAME(.ctors.*))
                0x000000000001b798                PROVIDE (__CTOR_END__ = ABSOLUTE (.))
                0x000000000001b798                PROVIDE (__DTOR_LIST__ = ABSOLUTE (.))
 *(.dtors)
 *(SORT_BY_NAME(.dtors.*))
                0x000000000001b798                PROVIDE (__DTOR_END__ = ABSOLUTE (.))
 *(.jcr)
                0x000000000001b798                . = ALIGN (0x4)

.rodata         0x000000000001b798      0xa20
                0x000000000001b798                PROVIDE (__ram_rodata_start = ABSOLUTE (.))
                0x000000000001b798                . = ALIGN (0x4)
 *(.rodata .rodata.* .gnu.linkonce.r.*)
 .rodata        0x000000000001b798      0x164 obj/default/hello_ucosii.o
 .rodata._puts_r.str1.4
                0x000000000001b8fc        0x2 /opt/intelFPGA/20.1.1/nios2eds/bin/gnu/H-x86_64-pc-linux-gnu/bin/../lib/gcc/nios2-elf/10.1.1/../../../../../H-x86_64-pc-linux-gnu/nios2-elf/lib/mhw-mulx/libc.a(lib_a-puts.o)
 *fill*         0x000000000001b8fe        0x2 
 .rodata.___vfprintf_internal_r.str1.4
                0x000000000001b900       0x42 /opt/intelFPGA/20.1.1/nios2eds/bin/gnu/H-x86_64-pc-linux-gnu/bin/../lib/gcc/nios2-elf/10.1.1/../../../../../H-x86_64-pc-linux-gnu/nios2-elf/lib/mhw-mulx/libc.a(lib_a-vfprintf.o)
 *fill*         0x000000000001b942        0x2 
 .rodata.zeroes.0
                0x000000000001b944       0x10 /opt/intelFPGA/20.1.1/nios2eds/bin/gnu/H-x86_64-pc-linux-gnu/bin/../lib/gcc/nios2-elf/10.1.1/../../../../../H-x86_64-pc-linux-gnu/nios2-elf/lib/mhw-mulx/libc.a(lib_a-vfprintf.o)
 .rodata.blanks.1
                0x000000000001b954       0x10 /opt/intelFPGA/20.1.1/nios2eds/bin/gnu/H-x86_64-pc-linux-gnu/bin/../lib/gcc/nios2-elf/10.1.1/../../../../../H-x86_64-pc-linux-gnu/nios2-elf/lib/mhw-mulx/libc.a(lib_a-vfprintf.o)
 .rodata._dtoa_r.str1.4
                0x000000000001b964       0x61 /opt/intelFPGA/20.1.1/nios2eds/bin/gnu/H-x86_64-pc-linux-gnu/bin/../lib/gcc/nios2-elf/10.1.1/../../../../../H-x86_64-pc-linux-gnu/nios2-elf/lib/mhw-mulx/libc.a(lib_a-dtoa.o)
                                         0x65 (size before relaxing)
 *fill*         0x000000000001b9c5        0x3 
 .rodata.__multadd.str1.4
                0x000000000001b9c8       0x3e /opt/intelFPGA/20.1.1/nios2eds/bin/gnu/H-x86_64-pc-linux-gnu/bin/../lib/gcc/nios2-elf/10.1.1/../../../../../H-x86_64-pc-linux-gnu/nios2-elf/lib/mhw-mulx/libc.a(lib_a-mprec.o)
                                         0x52 (size before relaxing)
 *fill*         0x000000000001ba06        0x2 
 .rodata.p05.0  0x000000000001ba08        0xc /opt/intelFPGA/20.1.1/nios2eds/bin/gnu/H-x86_64-pc-linux-gnu/bin/../lib/gcc/nios2-elf/10.1.1/../../../../../H-x86_64-pc-linux-gnu/nios2-elf/lib/mhw-mulx/libc.a(lib_a-mprec.o)
 .rodata.__mprec_tinytens
                0x000000000001ba14       0x28 /opt/intelFPGA/20.1.1/nios2eds/bin/gnu/H-x86_64-pc-linux-gnu/bin/../lib/gcc/nios2-elf/10.1.1/../../../../../H-x86_64-pc-linux-gnu/nios2-elf/lib/mhw-mulx/libc.a(lib_a-mprec.o)
                0x000000000001ba14                __mprec_tinytens
 .rodata.__mprec_bigtens
                0x000000000001ba3c       0x28 /opt/intelFPGA/20.1.1/nios2eds/bin/gnu/H-x86_64-pc-linux-gnu/bin/../lib/gcc/nios2-elf/10.1.1/../../../../../H-x86_64-pc-linux-gnu/nios2-elf/lib/mhw-mulx/libc.a(lib_a-mprec.o)
                0x000000000001ba3c                __mprec_bigtens
 .rodata.__mprec_tens
                0x000000000001ba64       0xc8 /opt/intelFPGA/20.1.1/nios2eds/bin/gnu/H-x86_64-pc-linux-gnu/bin/../lib/gcc/nios2-elf/10.1.1/../../../../../H-x86_64-pc-linux-gnu/nios2-elf/lib/mhw-mulx/libc.a(lib_a-mprec.o)
                0x000000000001ba64                __mprec_tens
 .rodata.___vfiprintf_internal_r.str1.4
                0x000000000001bb2c       0x2f /opt/intelFPGA/20.1.1/nios2eds/bin/gnu/H-x86_64-pc-linux-gnu/bin/../lib/gcc/nios2-elf/10.1.1/../../../../../H-x86_64-pc-linux-gnu/nios2-elf/lib/mhw-mulx/libc.a(lib_a-vfiprintf.o)
 .rodata.zeroes.0
                0x000000000001bb2c       0x10 /opt/intelFPGA/20.1.1/nios2eds/bin/gnu/H-x86_64-pc-linux-gnu/bin/../lib/gcc/nios2-elf/10.1.1/../../../../../H-x86_64-pc-linux-gnu/nios2-elf/lib/mhw-mulx/libc.a(lib_a-vfiprintf.o)
 .rodata.blanks.1
                0x000000000001bb3c       0x10 /opt/intelFPGA/20.1.1/nios2eds/bin/gnu/H-x86_64-pc-linux-gnu/bin/../lib/gcc/nios2-elf/10.1.1/../../../../../H-x86_64-pc-linux-gnu/nios2-elf/lib/mhw-mulx/libc.a(lib_a-vfiprintf.o)
 .rodata.__assert_func.str1.4
                0x000000000001bb4c       0x3f /opt/intelFPGA/20.1.1/nios2eds/bin/gnu/H-x86_64-pc-linux-gnu/bin/../lib/gcc/nios2-elf/10.1.1/../../../../../H-x86_64-pc-linux-gnu/nios2-elf/lib/mhw-mulx/libc.a(lib_a-assert.o)
                                         0x43 (size before relaxing)
 *fill*         0x000000000001bb8b        0x1 
 .rodata._setlocale_r.str1.4
                0x000000000001bb8c        0xa /opt/intelFPGA/20.1.1/nios2eds/bin/gnu/H-x86_64-pc-linux-gnu/bin/../lib/gcc/nios2-elf/10.1.1/../../../../../H-x86_64-pc-linux-gnu/nios2-elf/lib/mhw-mulx/libc.a(lib_a-locale.o)
 *fill*         0x000000000001bb96        0x2 
 .rodata.str1.4
                0x000000000001bb98        0x2 /opt/intelFPGA/20.1.1/nios2eds/bin/gnu/H-x86_64-pc-linux-gnu/bin/../lib/gcc/nios2-elf/10.1.1/../../../../../H-x86_64-pc-linux-gnu/nios2-elf/lib/mhw-mulx/libc.a(lib_a-locale.o)
                                          0x5 (size before relaxing)
 *fill*         0x000000000001bb9a        0x2 
 .rodata._ctype_
                0x000000000001bb9c      0x101 /opt/intelFPGA/20.1.1/nios2eds/bin/gnu/H-x86_64-pc-linux-gnu/bin/../lib/gcc/nios2-elf/10.1.1/../../../../../H-x86_64-pc-linux-gnu/nios2-elf/lib/mhw-mulx/libc.a(lib_a-ctype_.o)
                0x000000000001bb9c                _ctype_
 *fill*         0x000000000001bc9d        0x3 
 .rodata._ctype_b
                0x000000000001bca0      0x180 /opt/intelFPGA/20.1.1/nios2eds/bin/gnu/H-x86_64-pc-linux-gnu/bin/../lib/gcc/nios2-elf/10.1.1/../../../../../H-x86_64-pc-linux-gnu/nios2-elf/lib/mhw-mulx/libc.a(lib_a-ctype_.o)
                0x000000000001bca0                _ctype_b
 .rodata        0x000000000001be20      0x100 /opt/intelFPGA/20.1.1/nios2eds/bin/gnu/H-x86_64-pc-linux-gnu/bin/../lib/gcc/nios2-elf/10.1.1/mhw-mulx/libgcc.a(_clz.o)
                0x000000000001be20                __clz_tab
 .rodata        0x000000000001bf20        0xa ../ucosii_binary_game_hal_part2_bsp//libucosii_bsp.a(alt_dev.o)
 *fill*         0x000000000001bf2a        0x2 
 .rodata        0x000000000001bf2c        0xf ../ucosii_binary_game_hal_part2_bsp//libucosii_bsp.a(alt_main.o)
 *fill*         0x000000000001bf3b        0x1 
 .rodata        0x000000000001bf3c      0x11e ../ucosii_binary_game_hal_part2_bsp//libucosii_bsp.a(os_core.o)
                0x000000000001bf3c                OSUnMapTbl
 *fill*         0x000000000001c05a        0x2 
 .rodata        0x000000000001c05c      0x159 ../ucosii_binary_game_hal_part2_bsp//libucosii_bsp.a(alt_sys_init.o)
 *(.rodata1)
                0x000000000001c1b8                . = ALIGN (0x4)
 *fill*         0x000000000001c1b5        0x3 
                0x000000000001c1b8                PROVIDE (__ram_rodata_end = ABSOLUTE (.))
                0x000000000001b798                PROVIDE (__flash_rodata_start = LOADADDR (.rodata))

.rwdata         0x000000000001c1b8     0x1f74 load address 0x000000000001e12c
                0x000000000001c1b8                PROVIDE (__ram_rwdata_start = ABSOLUTE (.))
                0x000000000001c1b8                . = ALIGN (0x4)
 *(.got.plt)
 *(.got)
 *(.data1)
 *(.data .data.* .gnu.linkonce.d.*)
 .data          0x000000000001c1b8        0x0 ../ucosii_binary_game_hal_part2_bsp//obj/HAL/src/crt0.o
 .data          0x000000000001c1b8        0x0 obj/default/hello_ucosii.o
 .data          0x000000000001c1b8        0x0 /opt/intelFPGA/20.1.1/nios2eds/bin/gnu/H-x86_64-pc-linux-gnu/bin/../lib/gcc/nios2-elf/10.1.1/../../../../../H-x86_64-pc-linux-gnu/nios2-elf/lib/mhw-mulx/libc.a(lib_a-memcpy.o)
 .data          0x000000000001c1b8        0x0 /opt/intelFPGA/20.1.1/nios2eds/bin/gnu/H-x86_64-pc-linux-gnu/bin/../lib/gcc/nios2-elf/10.1.1/../../../../../H-x86_64-pc-linux-gnu/nios2-elf/lib/mhw-mulx/libc.a(lib_a-printf.o)
 .data          0x000000000001c1b8        0x0 /opt/intelFPGA/20.1.1/nios2eds/bin/gnu/H-x86_64-pc-linux-gnu/bin/../lib/gcc/nios2-elf/10.1.1/../../../../../H-x86_64-pc-linux-gnu/nios2-elf/lib/mhw-mulx/libc.a(lib_a-puts.o)
 .data          0x000000000001c1b8        0x0 /opt/intelFPGA/20.1.1/nios2eds/bin/gnu/H-x86_64-pc-linux-gnu/bin/../lib/gcc/nios2-elf/10.1.1/../../../../../H-x86_64-pc-linux-gnu/nios2-elf/lib/mhw-mulx/libc.a(lib_a-rand.o)
 .data          0x000000000001c1b8        0x0 /opt/intelFPGA/20.1.1/nios2eds/bin/gnu/H-x86_64-pc-linux-gnu/bin/../lib/gcc/nios2-elf/10.1.1/../../../../../H-x86_64-pc-linux-gnu/nios2-elf/lib/mhw-mulx/libc.a(lib_a-strlen.o)
 .data          0x000000000001c1b8        0x0 /opt/intelFPGA/20.1.1/nios2eds/bin/gnu/H-x86_64-pc-linux-gnu/bin/../lib/gcc/nios2-elf/10.1.1/../../../../../H-x86_64-pc-linux-gnu/nios2-elf/lib/mhw-mulx/libc.a(lib_a-time.o)
 .data          0x000000000001c1b8        0x0 /opt/intelFPGA/20.1.1/nios2eds/bin/gnu/H-x86_64-pc-linux-gnu/bin/../lib/gcc/nios2-elf/10.1.1/../../../../../H-x86_64-pc-linux-gnu/nios2-elf/lib/mhw-mulx/libc.a(lib_a-vfprintf.o)
 .data          0x000000000001c1b8        0x0 /opt/intelFPGA/20.1.1/nios2eds/bin/gnu/H-x86_64-pc-linux-gnu/bin/../lib/gcc/nios2-elf/10.1.1/../../../../../H-x86_64-pc-linux-gnu/nios2-elf/lib/mhw-mulx/libc.a(lib_a-wsetup.o)
 .data          0x000000000001c1b8        0x0 /opt/intelFPGA/20.1.1/nios2eds/bin/gnu/H-x86_64-pc-linux-gnu/bin/../lib/gcc/nios2-elf/10.1.1/../../../../../H-x86_64-pc-linux-gnu/nios2-elf/lib/mhw-mulx/libc.a(lib_a-dtoa.o)
 .data          0x000000000001c1b8        0x0 /opt/intelFPGA/20.1.1/nios2eds/bin/gnu/H-x86_64-pc-linux-gnu/bin/../lib/gcc/nios2-elf/10.1.1/../../../../../H-x86_64-pc-linux-gnu/nios2-elf/lib/mhw-mulx/libc.a(lib_a-fflush.o)
 .data          0x000000000001c1b8        0x0 /opt/intelFPGA/20.1.1/nios2eds/bin/gnu/H-x86_64-pc-linux-gnu/bin/../lib/gcc/nios2-elf/10.1.1/../../../../../H-x86_64-pc-linux-gnu/nios2-elf/lib/mhw-mulx/libc.a(lib_a-findfp.o)
 .data          0x000000000001c1b8        0x0 /opt/intelFPGA/20.1.1/nios2eds/bin/gnu/H-x86_64-pc-linux-gnu/bin/../lib/gcc/nios2-elf/10.1.1/../../../../../H-x86_64-pc-linux-gnu/nios2-elf/lib/mhw-mulx/libc.a(lib_a-freer.o)
 .data          0x000000000001c1b8        0x0 /opt/intelFPGA/20.1.1/nios2eds/bin/gnu/H-x86_64-pc-linux-gnu/bin/../lib/gcc/nios2-elf/10.1.1/../../../../../H-x86_64-pc-linux-gnu/nios2-elf/lib/mhw-mulx/libc.a(lib_a-fvwrite.o)
 .data          0x000000000001c1b8        0x0 /opt/intelFPGA/20.1.1/nios2eds/bin/gnu/H-x86_64-pc-linux-gnu/bin/../lib/gcc/nios2-elf/10.1.1/../../../../../H-x86_64-pc-linux-gnu/nios2-elf/lib/mhw-mulx/libc.a(lib_a-fwalk.o)
 .data          0x000000000001c1b8        0x0 /opt/intelFPGA/20.1.1/nios2eds/bin/gnu/H-x86_64-pc-linux-gnu/bin/../lib/gcc/nios2-elf/10.1.1/../../../../../H-x86_64-pc-linux-gnu/nios2-elf/lib/mhw-mulx/libc.a(lib_a-gettimeofdayr.o)
 .data          0x000000000001c1b8        0x0 /opt/intelFPGA/20.1.1/nios2eds/bin/gnu/H-x86_64-pc-linux-gnu/bin/../lib/gcc/nios2-elf/10.1.1/../../../../../H-x86_64-pc-linux-gnu/nios2-elf/lib/mhw-mulx/libc.a(lib_a-impure.o)
 .data.impure_data
                0x000000000001c1b8      0x424 /opt/intelFPGA/20.1.1/nios2eds/bin/gnu/H-x86_64-pc-linux-gnu/bin/../lib/gcc/nios2-elf/10.1.1/../../../../../H-x86_64-pc-linux-gnu/nios2-elf/lib/mhw-mulx/libc.a(lib_a-impure.o)
 .data          0x000000000001c5dc        0x0 /opt/intelFPGA/20.1.1/nios2eds/bin/gnu/H-x86_64-pc-linux-gnu/bin/../lib/gcc/nios2-elf/10.1.1/../../../../../H-x86_64-pc-linux-gnu/nios2-elf/lib/mhw-mulx/libc.a(lib_a-int_errno.o)
 .data          0x000000000001c5dc        0x0 /opt/intelFPGA/20.1.1/nios2eds/bin/gnu/H-x86_64-pc-linux-gnu/bin/../lib/gcc/nios2-elf/10.1.1/../../../../../H-x86_64-pc-linux-gnu/nios2-elf/lib/mhw-mulx/libc.a(lib_a-localeconv.o)
 .data          0x000000000001c5dc        0x0 /opt/intelFPGA/20.1.1/nios2eds/bin/gnu/H-x86_64-pc-linux-gnu/bin/../lib/gcc/nios2-elf/10.1.1/../../../../../H-x86_64-pc-linux-gnu/nios2-elf/lib/mhw-mulx/libc.a(lib_a-makebuf.o)
 .data          0x000000000001c5dc        0x0 /opt/intelFPGA/20.1.1/nios2eds/bin/gnu/H-x86_64-pc-linux-gnu/bin/../lib/gcc/nios2-elf/10.1.1/../../../../../H-x86_64-pc-linux-gnu/nios2-elf/lib/mhw-mulx/libc.a(lib_a-mallocr.o)
 .data.__malloc_av_
                0x000000000001c5dc      0x408 /opt/intelFPGA/20.1.1/nios2eds/bin/gnu/H-x86_64-pc-linux-gnu/bin/../lib/gcc/nios2-elf/10.1.1/../../../../../H-x86_64-pc-linux-gnu/nios2-elf/lib/mhw-mulx/libc.a(lib_a-mallocr.o)
                0x000000000001c5dc                __malloc_av_
 .data          0x000000000001c9e4        0x0 /opt/intelFPGA/20.1.1/nios2eds/bin/gnu/H-x86_64-pc-linux-gnu/bin/../lib/gcc/nios2-elf/10.1.1/../../../../../H-x86_64-pc-linux-gnu/nios2-elf/lib/mhw-mulx/libc.a(lib_a-memchr.o)
 .data          0x000000000001c9e4        0x0 /opt/intelFPGA/20.1.1/nios2eds/bin/gnu/H-x86_64-pc-linux-gnu/bin/../lib/gcc/nios2-elf/10.1.1/../../../../../H-x86_64-pc-linux-gnu/nios2-elf/lib/mhw-mulx/libc.a(lib_a-memmove.o)
 .data          0x000000000001c9e4        0x0 /opt/intelFPGA/20.1.1/nios2eds/bin/gnu/H-x86_64-pc-linux-gnu/bin/../lib/gcc/nios2-elf/10.1.1/../../../../../H-x86_64-pc-linux-gnu/nios2-elf/lib/mhw-mulx/libc.a(lib_a-memset.o)