Archive member included to satisfy reference by file (symbol)

/opt/intelFPGA/20.1.1/nios2eds/bin/gnu/H-x86_64-pc-linux-gnu/bin/../lib/gcc/nios2-elf/10.1.1/../../../../../H-x86_64-pc-linux-gnu/nios2-elf/lib/mhw-mulx/libc.a(lib_a-memcpy.o)
                              obj/default/hello_ucosii.o (memcpy)
/opt/intelFPGA/20.1.1/nios2eds/bin/gnu/H-x86_64-pc-linux-gnu/bin/../lib/gcc/nios2-elf/10.1.1/../../../../../H-x86_64-pc-linux-gnu/nios2-elf/lib/mhw-mulx/libc.a(lib_a-printf.o)
                              obj/default/hello_ucosii.o (printf)
/opt/intelFPGA/20.1.1/nios2eds/bin/gnu/H-x86_64-pc-linux-gnu/bin/../lib/gcc/nios2-elf/10.1.1/../../../../../H-x86_64-pc-linux-gnu/nios2-elf/lib/mhw-mulx/libc.a(lib_a-rand.o)
                              obj/default/hello_ucosii.o (srand)
/opt/intelFPGA/20.1.1/nios2eds/bin/gnu/H-x86_64-pc-linux-gnu/bin/../lib/gcc/nios2-elf/10.1.1/../../../../../H-x86_64-pc-linux-gnu/nios2-elf/lib/mhw-mulx/libc.a(lib_a-time.o)
                              obj/default/hello_ucosii.o (time)
/opt/intelFPGA/20.1.1/nios2eds/bin/gnu/H-x86_64-pc-linux-gnu/bin/../lib/gcc/nios2-elf/10.1.1/../../../../../H-x86_64-pc-linux-gnu/nios2-elf/lib/mhw-mulx/libc.a(lib_a-vfprintf.o)
                              /opt/intelFPGA/20.1.1/nios2eds/bin/gnu/H-x86_64-pc-linux-gnu/bin/../lib/gcc/nios2-elf/10.1.1/../../../../../H-x86_64-pc-linux-gnu/nios2-elf/lib/mhw-mulx/libc.a(lib_a-printf.o) (___vfprintf_internal_r)
/opt/intelFPGA/20.1.1/nios2eds/bin/gnu/H-x86_64-pc-linux-gnu/bin/../lib/gcc/nios2-elf/10.1.1/../../../../../H-x86_64-pc-linux-gnu/nios2-elf/lib/mhw-mulx/libc.a(lib_a-wsetup.o)
                              /opt/intelFPGA/20.1.1/nios2eds/bin/gnu/H-x86_64-pc-linux-gnu/bin/../lib/gcc/nios2-elf/10.1.1/../../../../../H-x86_64-pc-linux-gnu/nios2-elf/lib/mhw-mulx/libc.a(lib_a-vfprintf.o) (__swsetup_r)
/opt/intelFPGA/20.1.1/nios2eds/bin/gnu/H-x86_64-pc-linux-gnu/bin/../lib/gcc/nios2-elf/10.1.1/../../../../../H-x86_64-pc-linux-gnu/nios2-elf/lib/mhw-mulx/libc.a(lib_a-dtoa.o)
                              /opt/intelFPGA/20.1.1/nios2eds/bin/gnu/H-x86_64-pc-linux-gnu/bin/../lib/gcc/nios2-elf/10.1.1/../../../../../H-x86_64-pc-linux-gnu/nios2-elf/lib/mhw-mulx/libc.a(lib_a-vfprintf.o) (_dtoa_r)
/opt/intelFPGA/20.1.1/nios2eds/bin/gnu/H-x86_64-pc-linux-gnu/bin/../lib/gcc/nios2-elf/10.1.1/../../../../../H-x86_64-pc-linux-gnu/nios2-elf/lib/mhw-mulx/libc.a(lib_a-fflush.o)
                              /opt/intelFPGA/20.1.1/nios2eds/bin/gnu/H-x86_64-pc-linux-gnu/bin/../lib/gcc/nios2-elf/10.1.1/../../../../../H-x86_64-pc-linux-gnu/nios2-elf/lib/mhw-mulx/libc.a(lib_a-vfprintf.o) (_fflush_r)
/opt/intelFPGA/20.1.1/nios2eds/bin/gnu/H-x86_64-pc-linux-gnu/bin/../lib/gcc/nios2-elf/10.1.1/../../../../../H-x86_64-pc-linux-gnu/nios2-elf/lib/mhw-mulx/libc.a(lib_a-findfp.o)
                              /opt/intelFPGA/20.1.1/nios2eds/bin/gnu/H-x86_64-pc-linux-gnu/bin/../lib/gcc/nios2-elf/10.1.1/../../../../../H-x86_64-pc-linux-gnu/nios2-elf/lib/mhw-mulx/libc.a(lib_a-vfprintf.o) (__sinit)
/opt/intelFPGA/20.1.1/nios2eds/bin/gnu/H-x86_64-pc-linux-gnu/bin/../lib/gcc/nios2-elf/10.1.1/../../../../../H-x86_64-pc-linux-gnu/nios2-elf/lib/mhw-mulx/libc.a(lib_a-freer.o)
                              /opt/intelFPGA/20.1.1/nios2eds/bin/gnu/H-x86_64-pc-linux-gnu/bin/../lib/gcc/nios2-elf/10.1.1/../../../../../H-x86_64-pc-linux-gnu/nios2-elf/lib/mhw-mulx/libc.a(lib_a-wsetup.o) (_free_r)
/opt/intelFPGA/20.1.1/nios2eds/bin/gnu/H-x86_64-pc-linux-gnu/bin/../lib/gcc/nios2-elf/10.1.1/../../../../../H-x86_64-pc-linux-gnu/nios2-elf/lib/mhw-mulx/libc.a(lib_a-fwalk.o)
                              /opt/intelFPGA/20.1.1/nios2eds/bin/gnu/H-x86_64-pc-linux-gnu/bin/../lib/gcc/nios2-elf/10.1.1/../../../../../H-x86_64-pc-linux-gnu/nios2-elf/lib/mhw-mulx/libc.a(lib_a-findfp.o) (_fwalk)
/opt/intelFPGA/20.1.1/nios2eds/bin/gnu/H-x86_64-pc-linux-gnu/bin/../lib/gcc/nios2-elf/10.1.1/../../../../../H-x86_64-pc-linux-gnu/nios2-elf/lib/mhw-mulx/libc.a(lib_a-gettimeofdayr.o)
                              /opt/intelFPGA/20.1.1/nios2eds/bin/gnu/H-x86_64-pc-linux-gnu/bin/../lib/gcc/nios2-elf/10.1.1/../../../../../H-x86_64-pc-linux-gnu/nios2-elf/lib/mhw-mulx/libc.a(lib_a-time.o) (_gettimeofday_r)
/opt/intelFPGA/20.1.1/nios2eds/bin/gnu/H-x86_64-pc-linux-gnu/bin/../lib/gcc/nios2-elf/10.1.1/../../../../../H-x86_64-pc-linux-gnu/nios2-elf/lib/mhw-mulx/libc.a(lib_a-impure.o)
                              /opt/intelFPGA/20.1.1/nios2eds/bin/gnu/H-x86_64-pc-linux-gnu/bin/../lib/gcc/nios2-elf/10.1.1/../../../../../H-x86_64-pc-linux-gnu/nios2-elf/lib/mhw-mulx/libc.a(lib_a-fflush.o) (_global_impure_ptr)
/opt/intelFPGA/20.1.1/nios2eds/bin/gnu/H-x86_64-pc-linux-gnu/bin/../lib/gcc/nios2-elf/10.1.1/../../../../../H-x86_64-pc-linux-gnu/nios2-elf/lib/mhw-mulx/libc.a(lib_a-int_errno.o)
[...]
Memory Configuration

Name             Origin             Length             Attributes
reset            0x0000000000000000 0x0000000000000020
SDRAM            0x0000000000000020 0x0000000003ffffe0
VGA_Subsystem_Char_Buf_Subsystem_Onchip_SRAM 0x0000000009000000 0x0000000000002000
*default*        0x0000000000000000 0xffffffffffffffff

Linker script and memory map

LOAD ../ucosii_binary_game_hal_part1_bsp//obj/HAL/src/crt0.o
LOAD obj/default/hello_ucosii.o
LOAD /opt/intelFPGA/20.1.1/nios2eds/bin/gnu/H-x86_64-pc-linux-gnu/bin/../lib/gcc/nios2-elf/10.1.1/../../../../../H-x86_64-pc-linux-gnu/nios2-elf/lib/mhw-mulx/libstdc++.a
LOAD /opt/intelFPGA/20.1.1/nios2eds/bin/gnu/H-x86_64-pc-linux-gnu/bin/../lib/gcc/nios2-elf/10.1.1/../../../../../H-x86_64-pc-linux-gnu/nios2-elf/lib/mhw-mulx/libm.a
LOAD /opt/intelFPGA/20.1.1/nios2eds/bin/gnu/H-x86_64-pc-linux-gnu/bin/../lib/gcc/nios2-elf/10.1.1/mhw-mulx/libgcc.a
START GROUP
LOAD /opt/intelFPGA/20.1.1/nios2eds/bin/gnu/H-x86_64-pc-linux-gnu/bin/../lib/gcc/nios2-elf/10.1.1/../../../../../H-x86_64-pc-linux-gnu/nios2-elf/lib/mhw-mulx/libc.a
LOAD /opt/intelFPGA/20.1.1/nios2eds/bin/gnu/H-x86_64-pc-linux-gnu/bin/../lib/gcc/nios2-elf/10.1.1/mhw-mulx/libgcc.a
LOAD ../ucosii_binary_game_hal_part1_bsp//libucosii_bsp.a
LOAD /opt/intelFPGA/20.1.1/nios2eds/bin/gnu/H-x86_64-pc-linux-gnu/bin/../lib/gcc/nios2-elf/10.1.1/../../../../../H-x86_64-pc-linux-gnu/nios2-elf/lib/mhw-mulx/libm.a
END GROUP
LOAD /opt/intelFPGA/20.1.1/nios2eds/bin/gnu/H-x86_64-pc-linux-gnu/bin/../lib/gcc/nios2-elf/10.1.1/mhw-mulx/libgcc.a
                0x0000000000000000                __alt_mem_SDRAM = 0x0
                0x0000000009000000                __alt_mem_VGA_Subsystem_Char_Buf_Subsystem_Onchip_SRAM = 0x9000000

.entry          0x0000000000000000       0x20
 *(.entry)
 .entry         0x0000000000000000       0x20 ../ucosii_binary_game_hal_part1_bsp//obj/HAL/src/crt0.o
                0x0000000000000000                __reset

.exceptions     0x0000000000000020      0x21c
                0x0000000000000020                PROVIDE (__ram_exceptions_start = ABSOLUTE (.))
                0x0000000000000020                . = ALIGN (0x20)
 *(.irq)
 *(.exceptions.entry.label)
 .exceptions.entry.label
                0x0000000000000020        0x0 ../ucosii_binary_game_hal_part1_bsp//libucosii_bsp.a(alt_irq_entry.o)
                0x0000000000000020                alt_irq_entry
 .exceptions.entry.label
                0x0000000000000020        0x0 ../ucosii_binary_game_hal_part1_bsp//libucosii_bsp.a(alt_exception_entry.o)
                0x0000000000000020                alt_exception
 *(.exceptions.entry.user)
 *(.exceptions.entry.ecc_fatal)
 *(.exceptions.entry)
 .exceptions.entry
                0x0000000000000020       0x54 ../ucosii_binary_game_hal_part1_bsp//libucosii_bsp.a(alt_exception_entry.o)
 *(.exceptions.irqtest.user)
 *(.exceptions.irqtest)
 .exceptions.irqtest
                0x0000000000000074       0x10 ../ucosii_binary_game_hal_part1_bsp//libucosii_bsp.a(alt_irq_entry.o)
 *(.exceptions.irqhandler.user)
 *(.exceptions.irqhandler)
 .exceptions.irqhandler
                0x0000000000000084        0x4 ../ucosii_binary_game_hal_part1_bsp//libucosii_bsp.a(alt_irq_entry.o)
 *(.exceptions.irqreturn.user)
 *(.exceptions.irqreturn)
 .exceptions.irqreturn
                0x0000000000000088        0x4 ../ucosii_binary_game_hal_part1_bsp//libucosii_bsp.a(alt_irq_entry.o)
 *(.exceptions.notirq.label)
 .exceptions.notirq.label
                0x000000000000008c        0x0 ../ucosii_binary_game_hal_part1_bsp//libucosii_bsp.a(alt_irq_entry.o)
 *(.exceptions.notirq.user)
 *(.exceptions.notirq)
 .exceptions.notirq
                0x000000000000008c        0x8 ../ucosii_binary_game_hal_part1_bsp//libucosii_bsp.a(alt_exception_entry.o)
 *(.exceptions.soft.user)
 *(.exceptions.soft)
 *(.exceptions.unknown.user)
 *(.exceptions.unknown)
 .exceptions.unknown
                0x0000000000000094       0x14 ../ucosii_binary_game_hal_part1_bsp//libucosii_bsp.a(alt_exception_entry.o)
 *(.exceptions.exit.label)
 .exceptions.exit.label
                0x00000000000000a8        0x0 ../ucosii_binary_game_hal_part1_bsp//libucosii_bsp.a(alt_irq_entry.o)
 .exceptions.exit.label
                0x00000000000000a8        0x0 ../ucosii_binary_game_hal_part1_bsp//libucosii_bsp.a(alt_exception_entry.o)
 *(.exceptions.exit.user)
 *(.exceptions.exit)
 .exceptions.exit
                0x00000000000000a8       0x54 ../ucosii_binary_game_hal_part1_bsp//libucosii_bsp.a(alt_exception_entry.o)
 *(.exceptions)
 .exceptions    0x00000000000000fc       0xcc ../ucosii_binary_game_hal_part1_bsp//libucosii_bsp.a(alt_irq_handler.o)
                0x00000000000000fc                alt_irq_handler
 .exceptions    0x00000000000001c8       0x74 ../ucosii_binary_game_hal_part1_bsp//libucosii_bsp.a(alt_instruction_exception_entry.o)
                0x00000000000001c8                alt_instruction_exception_entry
                0x000000000000023c                PROVIDE (__ram_exceptions_end = ABSOLUTE (.))
                0x0000000000000020                PROVIDE (__flash_exceptions_start = LOADADDR (.exceptions))

.text           0x000000000000023c    0x1b53c
                [!provide]                        PROVIDE (stext = ABSOLUTE (.))
 *(.interp)
 *(.hash)
 *(.dynsym)
 *(.dynstr)
 *(.gnu.version)
 *(.gnu.version_d)
 *(.gnu.version_r)
 *(.rel.init)
 *(.rela.init)
 *(.rel.text .rel.text.* .rel.gnu.linkonce.t.*)
 *(.rela.text .rela.text.* .rela.gnu.linkonce.t.*)
 *(.rel.fini)
 *(.rela.fini)
 *(.rel.rodata .rel.rodata.* .rel.gnu.linkonce.r.*)
 *(.rela.rodata .rela.rodata.* .rela.gnu.linkonce.r.*)
 *(.rel.data .rel.data.* .rel.gnu.linkonce.d.*)
 *(.rela.data .rela.data.* .rela.gnu.linkonce.d.*)
 *(.rel.tdata .rel.tdata.* .rel.gnu.linkonce.td.*)
 *(.rela.tdata .rela.tdata.* .rela.gnu.linkonce.td.*)
 *(.rel.tbss .rel.tbss.* .rel.gnu.linkonce.tb.*)
 *(.rela.tbss .rela.tbss.* .rela.gnu.linkonce.tb.*)
 *(.rel.ctors)
 *(.rela.ctors)
 *(.rel.dtors)
 *(.rela.dtors)
 *(.rel.got)
 *(.rela.got)
 *(.rel.sdata .rel.sdata.* .rel.gnu.linkonce.s.*)
 *(.rela.sdata .rela.sdata.* .rela.gnu.linkonce.s.*)
 *(.rel.sbss .rel.sbss.* .rel.gnu.linkonce.sb.*)
 *(.rela.sbss .rela.sbss.* .rela.gnu.linkonce.sb.*)
 *(.rel.sdata2 .rel.sdata2.* .rel.gnu.linkonce.s2.*)
 *(.rela.sdata2 .rela.sdata2.* .rela.gnu.linkonce.s2.*)
 *(.rel.sbss2 .rel.sbss2.* .rel.gnu.linkonce.sb2.*)
 *(.rela.sbss2 .rela.sbss2.* .rela.gnu.linkonce.sb2.*)
 *(.rel.bss .rel.bss.* .rel.gnu.linkonce.b.*)
 *(.rela.bss .rela.bss.* .rela.gnu.linkonce.b.*)
 *(.rel.plt)
 *(.rela.plt)
 *(.rel.dyn)
 *(.init)
 *(.plt)
 *(.text .stub .text.* .gnu.linkonce.t.*)
 .text          0x000000000000023c       0x3c ../ucosii_binary_game_hal_part1_bsp//obj/HAL/src/crt0.o
                0x000000000000023c                _start
 .text          0x0000000000000278      0xf7c obj/default/hello_ucosii.o
                0x0000000000000278                LCD_TEXT
                0x00000000000002e8                DEC_TO_HEX
                0x00000000000003d8                POWER_OFF_RESET
                0x00000000000004ac                power_switch_task
                0x00000000000004fc                pushbutton_task
                0x0000000000000660                keys_task
                0x0000000000000854                timer_counter_task
                0x0000000000000920                game_task
                0x0000000000000b84                lcdhex_display_task
                0x0000000000000fcc                main
 .text          0x00000000000011f4        0x0 /opt/intelFPGA/20.1.1/nios2eds/bin/gnu/H-x86_64-pc-linux-gnu/bin/../lib/gcc/nios2-elf/10.1.1/../../../../../H-x86_64-pc-linux-gnu/nios2-elf/lib/mhw-mulx/libc.a(lib_a-memcpy.o)
 .text.memcpy   0x00000000000011f4      0x100 /opt/intelFPGA/20.1.1/nios2eds/bin/gnu/H-x86_64-pc-linux-gnu/bin/../lib/gcc/nios2-elf/10.1.1/../../../../../H-x86_64-pc-linux-gnu/nios2-elf/lib/mhw-mulx/libc.a(lib_a-memcpy.o)
                0x00000000000011f4                memcpy
 .text          0x00000000000012f4        0x0 /opt/intelFPGA/20.1.1/nios2eds/bin/gnu/H-x86_64-pc-linux-gnu/bin/../lib/gcc/nios2-elf/10.1.1/../../../../../H-x86_64-pc-linux-gnu/nios2-elf/lib/mhw-mulx/libc.a(lib_a-printf.o)
 .text._printf_r
                0x00000000000012f4       0x30 /opt/intelFPGA/20.1.1/nios2eds/bin/gnu/H-x86_64-pc-linux-gnu/bin/../lib/gcc/nios2-elf/10.1.1/../../../../../H-x86_64-pc-linux-gnu/nios2-elf/lib/mhw-mulx/libc.a(lib_a-printf.o)
                0x00000000000012f4                _printf_r
 .text.printf   0x0000000000001324       0x38 /opt/intelFPGA/20.1.1/nios2eds/bin/gnu/H-x86_64-pc-linux-gnu/bin/../lib/gcc/nios2-elf/10.1.1/../../../../../H-x86_64-pc-linux-gnu/nios2-elf/lib/mhw-mulx/libc.a(lib_a-printf.o)
                0x0000000000001324                printf
 .text          0x000000000000135c        0x0 /opt/intelFPGA/20.1.1/nios2eds/bin/gnu/H-x86_64-pc-linux-gnu/bin/../lib/gcc/nios2-elf/10.1.1/../../../../../H-x86_64-pc-linux-gnu/nios2-elf/lib/mhw-mulx/libc.a(lib_a-rand.o)
 .text.srand    0x000000000000135c       0x14 /opt/intelFPGA/20.1.1/nios2eds/bin/gnu/H-x86_64-pc-linux-gnu/bin/../lib/gcc/nios2-elf/10.1.1/../../../../../H-x86_64-pc-linux-gnu/nios2-elf/lib/mhw-mulx/libc.a(lib_a-rand.o)
                0x000000000000135c                srand
 .text.rand     0x0000000000001370       0x5c /opt/intelFPGA/20.1.1/nios2eds/bin/gnu/H-x86_64-pc-linux-gnu/bin/../lib/gcc/nios2-elf/10.1.1/../../../../../H-x86_64-pc-linux-gnu/nios2-elf/lib/mhw-mulx/libc.a(lib_a-rand.o)
                0x0000000000001370                rand
 .text          0x00000000000013cc        0x0 /opt/intelFPGA/20.1.1/nios2eds/bin/gnu/H-x86_64-pc-linux-gnu/bin/../lib/gcc/nios2-elf/10.1.1/../../../../../H-x86_64-pc-linux-gnu/nios2-elf/lib/mhw-mulx/libc.a(lib_a-time.o)
 .text.time     0x00000000000013cc       0x58 /opt/intelFPGA/20.1.1/nios2eds/bin/gnu/H-x86_64-pc-linux-gnu/bin/../lib/gcc/nios2-elf/10.1.1/../../../../../H-x86_64-pc-linux-gnu/nios2-elf/lib/mhw-mulx/libc.a(lib_a-time.o)
                0x00000000000013cc                time
 .text          0x0000000000001424        0x0 /opt/intelFPGA/20.1.1/nios2eds/bin/gnu/H-x86_64-pc-linux-gnu/bin/../lib/gcc/nios2-elf/10.1.1/../../../../../H-x86_64-pc-linux-gnu/nios2-elf/lib/mhw-mulx/libc.a(lib_a-vfprintf.o)
 .text.___vfprintf_internal_r
                0x0000000000001424     0x20f4 /opt/intelFPGA/20.1.1/nios2eds/bin/gnu/H-x86_64-pc-linux-gnu/bin/../lib/gcc/nios2-elf/10.1.1/../../../../../H-x86_64-pc-linux-gnu/nios2-elf/lib/mhw-mulx/libc.a(lib_a-vfprintf.o)
                0x0000000000001424                ___vfprintf_internal_r
 .text.__vfprintf_internal
                0x0000000000003518       0x1c /opt/intelFPGA/20.1.1/nios2eds/bin/gnu/H-x86_64-pc-linux-gnu/bin/../lib/gcc/nios2-elf/10.1.1/../../../../../H-x86_64-pc-linux-gnu/nios2-elf/lib/mhw-mulx/libc.a(lib_a-vfprintf.o)
                0x0000000000003518                __vfprintf_internal
 .text.__sbprintf
                0x0000000000003534       0xc0 /opt/intelFPGA/20.1.1/nios2eds/bin/gnu/H-x86_64-pc-linux-gnu/bin/../lib/gcc/nios2-elf/10.1.1/../../../../../H-x86_64-pc-linux-gnu/nios2-elf/lib/mhw-mulx/libc.a(lib_a-vfprintf.o)
 .text          0x00000000000035f4        0x0 /opt/intelFPGA/20.1.1/nios2eds/bin/gnu/H-x86_64-pc-linux-gnu/bin/../lib/gcc/nios2-elf/10.1.1/../../../../../H-x86_64-pc-linux-gnu/nios2-elf/lib/mhw-mulx/libc.a(lib_a-wsetup.o)
 .text.__swsetup_r
                0x00000000000035f4      0x164 /opt/intelFPGA/20.1.1/nios2eds/bin/gnu/H-x86_64-pc-linux-gnu/bin/../lib/gcc/nios2-elf/10.1.1/../../../../../H-x86_64-pc-linux-gnu/nios2-elf/lib/mhw-mulx/libc.a(lib_a-wsetup.o)
                0x00000000000035f4                __swsetup_r
 .text          0x0000000000003758        0x0 /opt/intelFPGA/20.1.1/nios2eds/bin/gnu/H-x86_64-pc-linux-gnu/bin/../lib/gcc/nios2-elf/10.1.1/../../../../../H-x86_64-pc-linux-gnu/nios2-elf/lib/mhw-mulx/libc.a(lib_a-dtoa.o)
 .text.quorem   0x0000000000003758      0x1fc /opt/intelFPGA/20.1.1/nios2eds/bin/gnu/H-x86_64-pc-linux-gnu/bin/../lib/gcc/nios2-elf/10.1.1/../../../../../H-x86_64-pc-linux-gnu/nios2-elf/lib/mhw-mulx/libc.a(lib_a-dtoa.o)
 .text._dtoa_r  0x0000000000003954     0x1748 /opt/intelFPGA/20.1.1/nios2eds/bin/gnu/H-x86_64-pc-linux-gnu/bin/../lib/gcc/nios2-elf/10.1.1/../../../../../H-x86_64-pc-linux-gnu/nios2-elf/lib/mhw-mulx/libc.a(lib_a-dtoa.o)
                0x0000000000003954                _dtoa_r
 .text          0x000000000000509c        0x0 /opt/intelFPGA/20.1.1/nios2eds/bin/gnu/H-x86_64-pc-linux-gnu/bin/../lib/gcc/nios2-elf/10.1.1/../../../../../H-x86_64-pc-linux-gnu/nios2-elf/lib/mhw-mulx/libc.a(lib_a-fflush.o)
 .text.__sflush_r
                0x000000000000509c      0x228 /opt/intelFPGA/20.1.1/nios2eds/bin/gnu/H-x86_64-pc-linux-gnu/bin/../lib/gcc/nios2-elf/10.1.1/../../../../../H-x86_64-pc-linux-gnu/nios2-elf/lib/mhw-mulx/libc.a(lib_a-fflush.o)
                0x000000000000509c                __sflush_r
 .text._fflush_r
                0x00000000000052c4       0x60 /opt/intelFPGA/20.1.1/nios2eds/bin/gnu/H-x86_64-pc-linux-gnu/bin/../lib/gcc/nios2-elf/10.1.1/../../../../../H-x86_64-pc-linux-gnu/nios2-elf/lib/mhw-mulx/libc.a(lib_a-fflush.o)
                0x00000000000052c4                _fflush_r
 .text.fflush   0x0000000000005324       0x84 /opt/intelFPGA/20.1.1/nios2eds/bin/gnu/H-x86_64-pc-linux-gnu/bin/../lib/gcc/nios2-elf/10.1.1/../../../../../H-x86_64-pc-linux-gnu/nios2-elf/lib/mhw-mulx/libc.a(lib_a-fflush.o)
                0x0000000000005324                fflush
 .text          0x00000000000053a8        0x0 /opt/intelFPGA/20.1.1/nios2eds/bin/gnu/H-x86_64-pc-linux-gnu/bin/../lib/gcc/nios2-elf/10.1.1/../../../../../H-x86_64-pc-linux-gnu/nios2-elf/lib/mhw-mulx/libc.a(lib_a-findfp.o)
 .text.__fp_lock
                0x00000000000053a8        0x8 /opt/intelFPGA/20.1.1/nios2eds/bin/gnu/H-x86_64-pc-linux-gnu/bin/../lib/gcc/nios2-elf/10.1.1/../../../../../H-x86_64-pc-linux-gnu/nios2-elf/lib/mhw-mulx/libc.a(lib_a-findfp.o)
 .text._cleanup_r
                0x00000000000053b0        0xc /opt/intelFPGA/20.1.1/nios2eds/bin/gnu/H-x86_64-pc-linux-gnu/bin/../lib/gcc/nios2-elf/10.1.1/../../../../../H-x86_64-pc-linux-gnu/nios2-elf/lib/mhw-mulx/libc.a(lib_a-findfp.o)
                0x00000000000053b0                _cleanup_r
 .text.__fp_unlock
                0x00000000000053bc        0x8 /opt/intelFPGA/20.1.1/nios2eds/bin/gnu/H-x86_64-pc-linux-gnu/bin/../lib/gcc/nios2-elf/10.1.1/../../../../../H-x86_64-pc-linux-gnu/nios2-elf/lib/mhw-mulx/libc.a(lib_a-findfp.o)
 .text.__sinit.part.0
                0x00000000000053c4      0x168 /opt/intelFPGA/20.1.1/nios2eds/bin/gnu/H-x86_64-pc-linux-gnu/bin/../lib/gcc/nios2-elf/10.1.1/../../../../../H-x86_64-pc-linux-gnu/nios2-elf/lib/mhw-mulx/libc.a(lib_a-findfp.o)
 .text.__sfmoreglue
                0x000000000000552c       0x68 /opt/intelFPGA/20.1.1/nios2eds/bin/gnu/H-x86_64-pc-linux-gnu/bin/../lib/gcc/nios2-elf/10.1.1/../../../../../H-x86_64-pc-linux-gnu/nios2-elf/lib/mhw-mulx/libc.a(lib_a-findfp.o)
                0x000000000000552c                __sfmoreglue
 .text.__sfp    0x0000000000005594      0x154 /opt/intelFPGA/20.1.1/nios2eds/bin/gnu/H-x86_64-pc-linux-gnu/bin/../lib/gcc/nios2-elf/10.1.1/../../../../../H-x86_64-pc-linux-gnu/nios2-elf/lib/mhw-mulx/libc.a(lib_a-findfp.o)
                0x0000000000005594                __sfp
 .text._cleanup
                0x00000000000056e8       0x14 /opt/intelFPGA/20.1.1/nios2eds/bin/gnu/H-x86_64-pc-linux-gnu/bin/../lib/gcc/nios2-elf/10.1.1/../../../../../H-x86_64-pc-linux-gnu/nios2-elf/lib/mhw-mulx/libc.a(lib_a-findfp.o)
                0x00000000000056e8                _cleanup
 .text.__sinit  0x00000000000056fc       0x10 /opt/intelFPGA/20.1.1/nios2eds/bin/gnu/H-x86_64-pc-linux-gnu/bin/../lib/gcc/nios2-elf/10.1.1/../../../../../H-x86_64-pc-linux-gnu/nios2-elf/lib/mhw-mulx/libc.a(lib_a-findfp.o)
                0x00000000000056fc                __sinit
 .text.__sfp_lock_acquire
                0x000000000000570c        0x4 /opt/intelFPGA/20.1.1/nios2eds/bin/gnu/H-x86_64-pc-linux-gnu/bin/../lib/gcc/nios2-elf/10.1.1/../../../../../H-x86_64-pc-linux-gnu/nios2-elf/lib/mhw-mulx/libc.a(lib_a-findfp.o)
                0x000000000000570c                __sfp_lock_acquire
 .text.__sfp_lock_release
                0x0000000000005710        0x4 /opt/intelFPGA/20.1.1/nios2eds/bin/gnu/H-x86_64-pc-linux-gnu/bin/../lib/gcc/nios2-elf/10.1.1/../../../../../H-x86_64-pc-linux-gnu/nios2-elf/lib/mhw-mulx/libc.a(lib_a-findfp.o)
                0x0000000000005710                __sfp_lock_release
 .text.__sinit_lock_acquire
                0x0000000000005714        0x4 /opt/intelFPGA/20.1.1/nios2eds/bin/gnu/H-x86_64-pc-linux-gnu/bin/../lib/gcc/nios2-elf/10.1.1/../../../../../H-x86_64-pc-linux-gnu/nios2-elf/lib/mhw-mulx/libc.a(lib_a-findfp.o)
                0x0000000000005714                __sinit_lock_acquire
 .text.__sinit_lock_release
                0x0000000000005718        0x4 /opt/intelFPGA/20.1.1/nios2eds/bin/gnu/H-x86_64-pc-linux-gnu/bin/../lib/gcc/nios2-elf/10.1.1/../../../../../H-x86_64-pc-linux-gnu/nios2-elf/lib/mhw-mulx/libc.a(lib_a-findfp.o)
                0x0000000000005718                __sinit_lock_release
 .text.__fp_lock_all
                0x000000000000571c       0x14 /opt/intelFPGA/20.1.1/nios2eds/bin/gnu/H-x86_64-pc-linux-gnu/bin/../lib/gcc/nios2-elf/10.1.1/../../../../../H-x86_64-pc-linux-gnu/nios2-elf/lib/mhw-mulx/libc.a(lib_a-findfp.o)
                0x000000000000571c                __fp_lock_all
 .text.__fp_unlock_all
                0x0000000000005730       0x14 /opt/intelFPGA/20.1.1/nios2eds/bin/gnu/H-x86_64-pc-linux-gnu/bin/../lib/gcc/nios2-elf/10.1.1/../../../../../H-x86_64-pc-linux-gnu/nios2-elf/lib/mhw-mulx/libc.a(lib_a-findfp.o)
                0x0000000000005730                __fp_unlock_all
 .text          0x0000000000005744        0x0 /opt/intelFPGA/20.1.1/nios2eds/bin/gnu/H-x86_64-pc-linux-gnu/bin/../lib/gcc/nios2-elf/10.1.1/../../../../../H-x86_64-pc-linux-gnu/nios2-elf/lib/mhw-mulx/libc.a(lib_a-freer.o)
 .text._malloc_trim_r
                0x0000000000005744      0x11c /opt/intelFPGA/20.1.1/nios2eds/bin/gnu/H-x86_64-pc-linux-gnu/bin/../lib/gcc/nios2-elf/10.1.1/../../../../../H-x86_64-pc-linux-gnu/nios2-elf/lib/mhw-mulx/libc.a(lib_a-freer.o)
                0x0000000000005744                _malloc_trim_r
 .text._free_r  0x0000000000005860      0x2fc /opt/intelFPGA/20.1.1/nios2eds/bin/gnu/H-x86_64-pc-linux-gnu/bin/../lib/gcc/nios2-elf/10.1.1/../../../../../H-x86_64-pc-linux-gnu/nios2-elf/lib/mhw-mulx/libc.a(lib_a-freer.o)
                0x0000000000005860                _free_r
 .text          0x0000000000005b5c        0x0 /opt/intelFPGA/20.1.1/nios2eds/bin/gnu/H-x86_64-pc-linux-gnu/bin/../lib/gcc/nios2-elf/10.1.1/../../../../../H-x86_64-pc-linux-gnu/nios2-elf/lib/mhw-mulx/libc.a(lib_a-fwalk.o)
 .text._fwalk   0x0000000000005b5c       0x98 /opt/intelFPGA/20.1.1/nios2eds/bin/gnu/H-x86_64-pc-linux-gnu/bin/../lib/gcc/nios2-elf/10.1.1/../../../../../H-x86_64-pc-linux-gnu/nios2-elf/lib/mhw-mulx/libc.a(lib_a-fwalk.o)
                0x0000000000005b5c                _fwalk
 .text._fwalk_reent
                0x0000000000005bf4       0xa8 /opt/intelFPGA/20.1.1/nios2eds/bin/gnu/H-x86_64-pc-linux-gnu/bin/../lib/gcc/nios2-elf/10.1.1/../../../../../H-x86_64-pc-linux-gnu/nios2-elf/lib/mhw-mulx/libc.a(lib_a-fwalk.o)
                0x0000000000005bf4                _fwalk_reent
 .text          0x0000000000005c9c        0x0 /opt/intelFPGA/20.1.1/nios2eds/bin/gnu/H-x86_64-pc-linux-gnu/bin/../lib/gcc/nios2-elf/10.1.1/../../../../../H-x86_64-pc-linux-gnu/nios2-elf/lib/mhw-mulx/libc.a(lib_a-gettimeofdayr.o)
 .text._gettimeofday_r
                0x0000000000005c9c       0x60 /opt/intelFPGA/20.1.1/nios2eds/bin/gnu/H-x86_64-pc-linux-gnu/bin/../lib/gcc/nios2-elf/10.1.1/../../../../../H-x86_64-pc-linux-gnu/nios2-elf/lib/mhw-mulx/libc.a(lib_a-gettimeofdayr.o)
                0x0000000000005c9c                _gettimeofday_r
 .text          0x0000000000005cfc        0x0 /opt/intelFPGA/20.1.1/nios2eds/bin/gnu/H-x86_64-pc-linux-gnu/bin/../lib/gcc/nios2-elf/10.1.1/../../../../../H-x86_64-pc-linux-gnu/nios2-elf/lib/mhw-mulx/libc.a(lib_a-impure.o)
 .text          0x0000000000005cfc        0x0 /opt/intelFPGA/20.1.1/nios2eds/bin/gnu/H-x86_64-pc-linux-gnu/bin/../lib/gcc/nios2-elf/10.1.1/../../../../../H-x86_64-pc-linux-gnu/nios2-elf/lib/mhw-mulx/libc.a(lib_a-int_errno.o)
 .text          0x0000000000005cfc        0x0 /opt/intelFPGA/20.1.1/nios2eds/bin/gnu/H-x86_64-pc-linux-gnu/bin/../lib/gcc/nios2-elf/10.1.1/../../../../../H-x86_64-pc-linux-gnu/nios2-elf/lib/mhw-mulx/libc.a(lib_a-localeconv.o)
 .text.__localeconv_l
                0x0000000000005cfc        0x8 /opt/intelFPGA/20.1.1/nios2eds/bin/gnu/H-x86_64-pc-linux-gnu/bin/../lib/gcc/nios2-elf/10.1.1/../../../../../H-x86_64-pc-linux-gnu/nios2-elf/lib/mhw-mulx/libc.a(lib_a-localeconv.o)
                0x0000000000005cfc                __localeconv_l
 .text._localeconv_r
                0x0000000000005d04        0xc /opt/intelFPGA/20.1.1/nios2eds/bin/gnu/H-x86_64-pc-linux-gnu/bin/../lib/gcc/nios2-elf/10.1.1/../../../../../H-x86_64-pc-linux-gnu/nios2-elf/lib/mhw-mulx/libc.a(lib_a-localeconv.o)
                0x0000000000005d04                _localeconv_r
 .text.localeconv
                0x0000000000005d10        0xc /opt/intelFPGA/20.1.1/nios2eds/bin/gnu/H-x86_64-pc-linux-gnu/bin/../lib/gcc/nios2-elf/10.1.1/../../../../../H-x86_64-pc-linux-gnu/nios2-elf/lib/mhw-mulx/libc.a(lib_a-localeconv.o)
                0x0000000000005d10                localeconv
 .text          0x0000000000005d1c        0x0 /opt/intelFPGA/20.1.1/nios2eds/bin/gnu/H-x86_64-pc-linux-gnu/bin/../lib/gcc/nios2-elf/10.1.1/../../../../../H-x86_64-pc-linux-gnu/nios2-elf/lib/mhw-mulx/libc.a(lib_a-makebuf.o)
 .text.__smakebuf_r
                0x0000000000005d1c      0x1b0 /opt/intelFPGA/20.1.1/nios2eds/bin/gnu/H-x86_64-pc-linux-gnu/bin/../lib/gcc/nios2-elf/10.1.1/../../../../../H-x86_64-pc-linux-gnu/nios2-elf/lib/mhw-mulx/libc.a(lib_a-makebuf.o)
                0x0000000000005d1c                __smakebuf_r
 .text.__swhatbuf_r
                0x0000000000005ecc       0x98 /opt/intelFPGA/20.1.1/nios2eds/bin/gnu/H-x86_64-pc-linux-gnu/bin/../lib/gcc/nios2-elf/10.1.1/../../../../../H-x86_64-pc-linux-gnu/nios2-elf/lib/mhw-mulx/libc.a(lib_a-makebuf.o)
                0x0000000000005ecc                __swhatbuf_r
 .text          0x0000000000005f64        0x0 /opt/intelFPGA/20.1.1/nios2eds/bin/gnu/H-x86_64-pc-linux-gnu/bin/../lib/gcc/nios2-elf/10.1.1/../../../../../H-x86_64-pc-linux-gnu/nios2-elf/lib/mhw-mulx/libc.a(lib_a-mallocr.o)
 .text._malloc_r
                0x0000000000005f64      0x7e0 /opt/intelFPGA/20.1.1/nios2eds/bin/gnu/H-x86_64-pc-linux-gnu/bin/../lib/gcc/nios2-elf/10.1.1/../../../../../H-x86_64-pc-linux-gnu/nios2-elf/lib/mhw-mulx/libc.a(lib_a-mallocr.o)
                0x0000000000005f64                _malloc_r
 .text          0x0000000000006744        0x0 /opt/intelFPGA/20.1.1/nios2eds/bin/gnu/H-x86_64-pc-linux-gnu/bin/../lib/gcc/nios2-elf/10.1.1/../../../../../H-x86_64-pc-linux-gnu/nios2-elf/lib/mhw-mulx/libc.a(lib_a-memchr.o)
 .text.memchr   0x0000000000006744       0xd0 /opt/intelFPGA/20.1.1/nios2eds/bin/gnu/H-x86_64-pc-linux-gnu/bin/../lib/gcc/nios2-elf/10.1.1/../../../../../H-x86_64-pc-linux-gnu/nios2-elf/lib/mhw-mulx/libc.a(lib_a-memchr.o)
                0x0000000000006744                memchr
 .text          0x0000000000006814        0x0 /opt/intelFPGA/20.1.1/nios2eds/bin/gnu/H-x86_64-pc-linux-gnu/bin/../lib/gcc/nios2-elf/10.1.1/../../../../../H-x86_64-pc-linux-gnu/nios2-elf/lib/mhw-mulx/libc.a(lib_a-memset.o)
 .text.memset   0x0000000000006814       0xf0 /opt/intelFPGA/20.1.1/nios2eds/bin/gnu/H-x86_64-pc-linux-gnu/bin/../lib/gcc/nios2-elf/10.1.1/../../../../../H-x86_64-pc-linux-gnu/nios2-elf/lib/mhw-mulx/libc.a(lib_a-memset.o)
                0x0000000000006814                memset
 .text          0x0000000000006904        0x0 /opt/intelFPGA/20.1.1/nios2eds/bin/gnu/H-x86_64-pc-linux-gnu/bin/../lib/gcc/nios2-elf/10.1.1/../../../../../H-x86_64-pc-linux-gnu/nios2-elf/lib/mhw-mulx/libc.a(lib_a-mprec.o)
 .text._Balloc  0x0000000000006904       0xa4 /opt/intelFPGA/20.1.1/nios2eds/bin/gnu/H-x86_64-pc-linux-gnu/bin/../lib/gcc/nios2-elf/10.1.1/../../../../../H-x86_64-pc-linux-gnu/nios2-elf/lib/mhw-mulx/libc.a(lib_a-mprec.o)
                0x0000000000006904                _Balloc
 .text._Bfree   0x00000000000069a8       0x24 /opt/intelFPGA/20.1.1/nios2eds/bin/gnu/H-x86_64-pc-linux-gnu/bin/../lib/gcc/nios2-elf/10.1.1/../../../../../H-x86_64-pc-linux-gnu/nios2-elf/lib/mhw-mulx/libc.a(lib_a-mprec.o)
                0x00000000000069a8                _Bfree
 .text.__multadd
                0x00000000000069cc      0x138 /opt/intelFPGA/20.1.1/nios2eds/bin/gnu/H-x86_64-pc-linux-gnu/bin/../lib/gcc/nios2-elf/10.1.1/../../../../../H-x86_64-pc-linux-gnu/nios2-elf/lib/mhw-mulx/libc.a(lib_a-mprec.o)
                0x00000000000069cc                __multadd
 .text.__s2b    0x0000000000006b04      0x138 /opt/intelFPGA/20.1.1/nios2eds/bin/gnu/H-x86_64-pc-linux-gnu/bin/../lib/gcc/nios2-elf/10.1.1/../../../../../H-x86_64-pc-linux-gnu/nios2-elf/lib/mhw-mulx/libc.a(lib_a-mprec.o)
                0x0000000000006b04                __s2b
 .text.__hi0bits
                0x0000000000006c3c       0x64 /opt/intelFPGA/20.1.1/nios2eds/bin/gnu/H-x86_64-pc-linux-gnu/bin/../lib/gcc/nios2-elf/10.1.1/../../../../../H-x86_64-pc-linux-gnu/nios2-elf/lib/mhw-mulx/libc.a(lib_a-mprec.o)
                0x0000000000006c3c                __hi0bits
 .text.__lo0bits
                0x0000000000006ca0       0xb0 /opt/intelFPGA/20.1.1/nios2eds/bin/gnu/H-x86_64-pc-linux-gnu/bin/../lib/gcc/nios2-elf/10.1.1/../../../../../H-x86_64-pc-linux-gnu/nios2-elf/lib/mhw-mulx/libc.a(lib_a-mprec.o)
                0x0000000000006ca0                __lo0bits
 .text.__i2b    0x0000000000006d50       0xb0 /opt/intelFPGA/20.1.1/nios2eds/bin/gnu/H-x86_64-pc-linux-gnu/bin/../lib/gcc/nios2-elf/10.1.1/../../../../../H-x86_64-pc-linux-gnu/nios2-elf/lib/mhw-mulx/libc.a(lib_a-mprec.o)
                0x0000000000006d50                __i2b
 .text.__multiply
                0x0000000000006e00      0x254 /opt/intelFPGA/20.1.1/nios2eds/bin/gnu/H-x86_64-pc-linux-gnu/bin/../lib/gcc/nios2-elf/10.1.1/../../../../../H-x86_64-pc-linux-gnu/nios2-elf/lib/mhw-mulx/libc.a(lib_a-mprec.o)
                0x0000000000006e00                __multiply
 .text.__pow5mult
                0x0000000000007054      0x148 /opt/intelFPGA/20.1.1/nios2eds/bin/gnu/H-x86_64-pc-linux-gnu/bin/../lib/gcc/nios2-elf/10.1.1/../../../../../H-x86_64-pc-linux-gnu/nios2-elf/lib/mhw-mulx/libc.a(lib_a-mprec.o)
                0x0000000000007054                __pow5mult
 .text.__lshift
                0x000000000000719c      0x188 /opt/intelFPGA/20.1.1/nios2eds/bin/gnu/H-x86_64-pc-linux-gnu/bin/../lib/gcc/nios2-elf/10.1.1/../../../../../H-x86_64-pc-linux-gnu/nios2-elf/lib/mhw-mulx/libc.a(lib_a-mprec.o)
                0x000000000000719c                __lshift
 .text.__mcmp   0x0000000000007324       0x58 /opt/intelFPGA/20.1.1/nios2eds/bin/gnu/H-x86_64-pc-linux-gnu/bin/../lib/gcc/nios2-elf/10.1.1/../../../../../H-x86_64-pc-linux-gnu/nios2-elf/lib/mhw-mulx/libc.a(lib_a-mprec.o)
                0x0000000000007324                __mcmp
 .text.__mdiff  0x000000000000737c      0x22c /opt/intelFPGA/20.1.1/nios2eds/bin/gnu/H-x86_64-pc-linux-gnu/bin/../lib/gcc/nios2-elf/10.1.1/../../../../../H-x86_64-pc-linux-gnu/nios2-elf/lib/mhw-mulx/libc.a(lib_a-mprec.o)
                0x000000000000737c                __mdiff
 .text.__ulp    0x00000000000075a8       0x5c /opt/intelFPGA/20.1.1/nios2eds/bin/gnu/H-x86_64-pc-linux-gnu/bin/../lib/gcc/nios2-elf/10.1.1/../../../../../H-x86_64-pc-linux-gnu/nios2-elf/lib/mhw-mulx/libc.a(lib_a-mprec.o)
                0x00000000000075a8                __ulp
 .text.__b2d    0x0000000000007604      0x108 /opt/intelFPGA/20.1.1/nios2eds/bin/gnu/H-x86_64-pc-linux-gnu/bin/../lib/gcc/nios2-elf/10.1.1/../../../../../H-x86_64-pc-linux-gnu/nios2-elf/lib/mhw-mulx/libc.a(lib_a-mprec.o)
                0x0000000000007604                __b2d
 .text.__d2b    0x000000000000770c      0x164 /opt/intelFPGA/20.1.1/nios2eds/bin/gnu/H-x86_64-pc-linux-gnu/bin/../lib/gcc/nios2-elf/10.1.1/../../../../../H-x86_64-pc-linux-gnu/nios2-elf/lib/mhw-mulx/libc.a(lib_a-mprec.o)
                0x000000000000770c                __d2b
 .text.__ratio  0x0000000000007870       0xa8 /opt/intelFPGA/20.1.1/nios2eds/bin/gnu/H-x86_64-pc-linux-gnu/bin/../lib/gcc/nios2-elf/10.1.1/../../../../../H-x86_64-pc-linux-gnu/nios2-elf/lib/mhw-mulx/libc.a(lib_a-mprec.o)
                0x0000000000007870                __ratio
 .text._mprec_log10
                0x0000000000007918       0x70 /opt/intelFPGA/20.1.1/nios2eds/bin/gnu/H-x86_64-pc-linux-gnu/bin/../lib/gcc/nios2-elf/10.1.1/../../../../../H-x86_64-pc-linux-gnu/nios2-elf/lib/mhw-mulx/libc.a(lib_a-mprec.o)
                0x0000000000007918                _mprec_log10
 .text.__copybits
                0x0000000000007988       0x7c /opt/intelFPGA/20.1.1/nios2eds/bin/gnu/H-x86_64-pc-linux-gnu/bin/../lib/gcc/nios2-elf/10.1.1/../../../../../H-x86_64-pc-linux-gnu/nios2-elf/lib/mhw-mulx/libc.a(lib_a-mprec.o)
                0x0000000000007988                __copybits
 .text.__any_on
                0x0000000000007a04       0x60 /opt/intelFPGA/20.1.1/nios2eds/bin/gnu/H-x86_64-pc-linux-gnu/bin/../lib/gcc/nios2-elf/10.1.1/../../../../../H-x86_64-pc-linux-gnu/nios2-elf/lib/mhw-mulx/libc.a(lib_a-mprec.o)
                0x0000000000007a04                __any_on
 .text          0x0000000000007a64        0x0 /opt/intelFPGA/20.1.1/nios2eds/bin/gnu/H-x86_64-pc-linux-gnu/bin/../lib/gcc/nios2-elf/10.1.1/../../../../../H-x86_64-pc-linux-gnu/nios2-elf/lib/mhw-mulx/libc.a(lib_a-sbrkr.o)
 .text._sbrk_r  0x0000000000007a64       0x58 /opt/intelFPGA/20.1.1/nios2eds/bin/gnu/H-x86_64-pc-linux-gnu/bin/../lib/gcc/nios2-elf/10.1.1/../../../../../H-x86_64-pc-linux-gnu/nios2-elf/lib/mhw-mulx/libc.a(lib_a-sbrkr.o)
                0x0000000000007a64                _sbrk_r
 .text          0x0000000000007abc        0x0 /opt/intelFPGA/20.1.1/nios2eds/bin/gnu/H-x86_64-pc-linux-gnu/bin/../lib/gcc/nios2-elf/10.1.1/../../../../../H-x86_64-pc-linux-gnu/nios2-elf/lib/mhw-mulx/libc.a(lib_a-stdio.o)
 .text.__sread  0x0000000000007abc       0x54 /opt/intelFPGA/20.1.1/nios2eds/bin/gnu/H-x86_64-pc-linux-gnu/bin/../lib/gcc/nios2-elf/10.1.1/../../../../../H-x86_64-pc-linux-gnu/nios2-elf/lib/mhw-mulx/libc.a(lib_a-stdio.o)
                0x0000000000007abc                __sread
 .text.__seofread
                0x0000000000007b10        0x8 /opt/intelFPGA/20.1.1/nios2eds/bin/gnu/H-x86_64-pc-linux-gnu/bin/../lib/gcc/nios2-elf/10.1.1/../../../../../H-x86_64-pc-linux-gnu/nios2-elf/lib/mhw-mulx/libc.a(lib_a-stdio.o)
                0x0000000000007b10                __seofread
 .text.__swrite
                0x0000000000007b18       0x80 /opt/intelFPGA/20.1.1/nios2eds/bin/gnu/H-x86_64-pc-linux-gnu/bin/../lib/gcc/nios2-elf/10.1.1/../../../../../H-x86_64-pc-linux-gnu/nios2-elf/lib/mhw-mulx/libc.a(lib_a-stdio.o)
                0x0000000000007b18                __swrite
 .text.__sseek  0x0000000000007b98       0x5c /opt/intelFPGA/20.1.1/nios2eds/bin/gnu/H-x86_64-pc-linux-gnu/bin/../lib/gcc/nios2-elf/10.1.1/../../../../../H-x86_64-pc-linux-gnu/nios2-elf/lib/mhw-mulx/libc.a(lib_a-stdio.o)
                0x0000000000007b98                __sseek
 .text.__sclose
                0x0000000000007bf4        0x8 /opt/intelFPGA/20.1.1/nios2eds/bin/gnu/H-x86_64-pc-linux-gnu/bin/../lib/gcc/nios2-elf/10.1.1/../../../../../H-x86_64-pc-linux-gnu/nios2-elf/lib/mhw-mulx/libc.a(lib_a-stdio.o)
                0x0000000000007bf4                __sclose
 .text          0x0000000000007bfc        0x0 /opt/intelFPGA/20.1.1/nios2eds/bin/gnu/H-x86_64-pc-linux-gnu/bin/../lib/gcc/nios2-elf/10.1.1/../../../../../H-x86_64-pc-linux-gnu/nios2-elf/lib/mhw-mulx/libc.a(lib_a-strlen.o)
 .text.strlen   0x0000000000007bfc       0x98 /opt/intelFPGA/20.1.1/nios2eds/bin/gnu/H-x86_64-pc-linux-gnu/bin/../lib/gcc/nios2-elf/10.1.1/../../../../../H-x86_64-pc-linux-gnu/nios2-elf/lib/mhw-mulx/libc.a(lib_a-strlen.o)
                0x0000000000007bfc                strlen
 .text          0x0000000000007c94        0x0 /opt/intelFPGA/20.1.1/nios2eds/bin/gnu/H-x86_64-pc-linux-gnu/bin/../lib/gcc/nios2-elf/10.1.1/../../../../../H-x86_64-pc-linux-gnu/nios2-elf/lib/mhw-mulx/libc.a(lib_a-vfiprintf.o)
 .text.__sprint_r.part.0
                0x0000000000007c94       0xf4 /opt/intelFPGA/20.1.1/nios2eds/bin/gnu/H-x86_64-pc-linux-gnu/bin/../lib/gcc/nios2-elf/10.1.1/../../../../../H-x86_64-pc-linux-gnu/nios2-elf/lib/mhw-mulx/libc.a(lib_a-vfiprintf.o)
 .text.__sprint_r
                0x0000000000007d88       0x18 /opt/intelFPGA/20.1.1/nios2eds/bin/gnu/H-x86_64-pc-linux-gnu/bin/../lib/gcc/nios2-elf/10.1.1/../../../../../H-x86_64-pc-linux-gnu/nios2-elf/lib/mhw-mulx/libc.a(lib_a-vfiprintf.o)
                0x0000000000007d88                __sprint_r
 .text.___vfiprintf_internal_r
                0x0000000000007da0     0x1334 /opt/intelFPGA/20.1.1/nios2eds/bin/gnu/H-x86_64-pc-linux-gnu/bin/../lib/gcc/nios2-elf/10.1.1/../../../../../H-x86_64-pc-linux-gnu/nios2-elf/lib/mhw-mulx/libc.a(lib_a-vfiprintf.o)
                0x0000000000007da0                ___vfiprintf_internal_r
 .text.__vfiprintf_internal
                0x00000000000090d4       0x1c /opt/intelFPGA/20.1.1/nios2eds/bin/gnu/H-x86_64-pc-linux-gnu/bin/../lib/gcc/nios2-elf/10.1.1/../../../../../H-x86_64-pc-linux-gnu/nios2-elf/lib/mhw-mulx/libc.a(lib_a-vfiprintf.o)
                0x00000000000090d4                __vfiprintf_internal
 .text.__sbprintf
                0x00000000000090f0       0xc0 /opt/intelFPGA/20.1.1/nios2eds/bin/gnu/H-x86_64-pc-linux-gnu/bin/../lib/gcc/nios2-elf/10.1.1/../../../../../H-x86_64-pc-linux-gnu/nios2-elf/lib/mhw-mulx/libc.a(lib_a-vfiprintf.o)
 .text          0x00000000000091b0        0x0 /opt/intelFPGA/20.1.1/nios2eds/bin/gnu/H-x86_64-pc-linux-gnu/bin/../lib/gcc/nios2-elf/10.1.1/../../../../../H-x86_64-pc-linux-gnu/nios2-elf/lib/mhw-mulx/libc.a(lib_a-writer.o)
 .text._write_r
                0x00000000000091b0       0x64 /opt/intelFPGA/20.1.1/nios2eds/bin/gnu/H-x86_64-pc-linux-gnu/bin/../lib/gcc/nios2-elf/10.1.1/../../../../../H-x86_64-pc-linux-gnu/nios2-elf/lib/mhw-mulx/libc.a(lib_a-writer.o)
                0x00000000000091b0                _write_r
 .text          0x0000000000009214        0x0 /opt/intelFPGA/20.1.1/nios2eds/bin/gnu/H-x86_64-pc-linux-gnu/bin/../lib/gcc/nios2-elf/10.1.1/../../../../../H-x86_64-pc-linux-gnu/nios2-elf/lib/mhw-mulx/libc.a(closer.o)
 .text._close_r
                0x0000000000009214       0x58 /opt/intelFPGA/20.1.1/nios2eds/bin/gnu/H-x86_64-pc-linux-gnu/bin/../lib/gcc/nios2-elf/10.1.1/../../../../../H-x86_64-pc-linux-gnu/nios2-elf/lib/mhw-mulx/libc.a(closer.o)
                0x0000000000009214                _close_r
 .text          0x000000000000926c        0x0 /opt/intelFPGA/20.1.1/nios2eds/bin/gnu/H-x86_64-pc-linux-gnu/bin/../lib/gcc/nios2-elf/10.1.1/../../../../../H-x86_64-pc-linux-gnu/nios2-elf/lib/mhw-mulx/libc.a(lib_a-assert.o)
 .text.__assert_func
                0x000000000000926c       0x64 /opt/intelFPGA/20.1.1/nios2eds/bin/gnu/H-x86_64-pc-linux-gnu/bin/../lib/gcc/nios2-elf/10.1.1/../../../../../H-x86_64-pc-linux-gnu/nios2-elf/lib/mhw-mulx/libc.a(lib_a-assert.o)
                0x000000000000926c                __assert_func
 .text.__assert
                0x00000000000092d0       0x14 /opt/intelFPGA/20.1.1/nios2eds/bin/gnu/H-x86_64-pc-linux-gnu/bin/../lib/gcc/nios2-elf/10.1.1/../../../../../H-x86_64-pc-linux-gnu/nios2-elf/lib/mhw-mulx/libc.a(lib_a-assert.o)
                0x00000000000092d0                __assert
 .text          0x00000000000092e4        0x0 /opt/intelFPGA/20.1.1/nios2eds/bin/gnu/H-x86_64-pc-linux-gnu/bin/../lib/gcc/nios2-elf/10.1.1/../../../../../H-x86_64-pc-linux-gnu/nios2-elf/lib/mhw-mulx/libc.a(lib_a-callocr.o)
 .text._calloc_r
                0x00000000000092e4       0xb4 /opt/intelFPGA/20.1.1/nios2eds/bin/gnu/H-x86_64-pc-linux-gnu/bin/../lib/gcc/nios2-elf/10.1.1/../../../../../H-x86_64-pc-linux-gnu/nios2-elf/lib/mhw-mulx/libc.a(lib_a-callocr.o)
                0x00000000000092e4                _calloc_r
 .text          0x0000000000009398        0x0 /opt/intelFPGA/20.1.1/nios2eds/bin/gnu/H-x86_64-pc-linux-gnu/bin/../lib/gcc/nios2-elf/10.1.1/../../../../../H-x86_64-pc-linux-gnu/nios2-elf/lib/mhw-mulx/libc.a(lib_a-fclose.o)
 .text._fclose_r.part.0
                0x0000000000009398       0xc0 /opt/intelFPGA/20.1.1/nios2eds/bin/gnu/H-x86_64-pc-linux-gnu/bin/../lib/gcc/nios2-elf/10.1.1/../../../../../H-x86_64-pc-linux-gnu/nios2-elf/lib/mhw-mulx/libc.a(lib_a-fclose.o)
 .text._fclose_r
                0x0000000000009458       0x70 /opt/intelFPGA/20.1.1/nios2eds/bin/gnu/H-x86_64-pc-linux-gnu/bin/../lib/gcc/nios2-elf/10.1.1/../../../../../H-x86_64-pc-linux-gnu/nios2-elf/lib/mhw-mulx/libc.a(lib_a-fclose.o)
                0x0000000000009458                _fclose_r
 .text.fclose   0x00000000000094c8       0x70 /opt/intelFPGA/20.1.1/nios2eds/bin/gnu/H-x86_64-pc-linux-gnu/bin/../lib/gcc/nios2-elf/10.1.1/../../../../../H-x86_64-pc-linux-gnu/nios2-elf/lib/mhw-mulx/libc.a(lib_a-fclose.o)
                0x00000000000094c8                fclose
 .text          0x0000000000009538        0x0 /opt/intelFPGA/20.1.1/nios2eds/bin/gnu/H-x86_64-pc-linux-gnu/bin/../lib/gcc/nios2-elf/10.1.1/../../../../../H-x86_64-pc-linux-gnu/nios2-elf/lib/mhw-mulx/libc.a(lib_a-fiprintf.o)
 .text._fiprintf_r
                0x0000000000009538       0x20 /opt/intelFPGA/20.1.1/nios2eds/bin/gnu/H-x86_64-pc-linux-gnu/bin/../lib/gcc/nios2-elf/10.1.1/../../../../../H-x86_64-pc-linux-gnu/nios2-elf/lib/mhw-mulx/libc.a(lib_a-fiprintf.o)
                0x0000000000009538                _fiprintf_r
 .text.fiprintf
                0x0000000000009558       0x38 /opt/intelFPGA/20.1.1/nios2eds/bin/gnu/H-x86_64-pc-linux-gnu/bin/../lib/gcc/nios2-elf/10.1.1/../../../../../H-x86_64-pc-linux-gnu/nios2-elf/lib/mhw-mulx/libc.a(lib_a-fiprintf.o)
                0x0000000000009558                fiprintf
 .text          0x0000000000009590        0x0 /opt/intelFPGA/20.1.1/nios2eds/bin/gnu/H-x86_64-pc-linux-gnu/bin/../lib/gcc/nios2-elf/10.1.1/../../../../../H-x86_64-pc-linux-gnu/nios2-elf/lib/mhw-mulx/libc.a(lib_a-fputwc.o)
 .text.__fputwc
                0x0000000000009590      0x164 /opt/intelFPGA/20.1.1/nios2eds/bin/gnu/H-x86_64-pc-linux-gnu/bin/../lib/gcc/nios2-elf/10.1.1/../../../../../H-x86_64-pc-linux-gnu/nios2-elf/lib/mhw-mulx/libc.a(lib_a-fputwc.o)
                0x0000000000009590                __fputwc
 .text._fputwc_r
                0x00000000000096f4       0x24 /opt/intelFPGA/20.1.1/nios2eds/bin/gnu/H-x86_64-pc-linux-gnu/bin/../lib/gcc/nios2-elf/10.1.1/../../../../../H-x86_64-pc-linux-gnu/nios2-elf/lib/mhw-mulx/libc.a(lib_a-fputwc.o)
                0x00000000000096f4                _fputwc_r
 .text.fputwc   0x0000000000009718       0x78 /opt/intelFPGA/20.1.1/nios2eds/bin/gnu/H-x86_64-pc-linux-gnu/bin/../lib/gcc/nios2-elf/10.1.1/../../../../../H-x86_64-pc-linux-gnu/nios2-elf/lib/mhw-mulx/libc.a(lib_a-fputwc.o)
                0x0000000000009718                fputwc
 .text          0x0000000000009790        0x0 /opt/intelFPGA/20.1.1/nios2eds/bin/gnu/H-x86_64-pc-linux-gnu/bin/../lib/gcc/nios2-elf/10.1.1/../../../../../H-x86_64-pc-linux-gnu/nios2-elf/lib/mhw-mulx/libc.a(lib_a-fstatr.o)
 .text._fstat_r
                0x0000000000009790       0x60 /opt/intelFPGA/20.1.1/nios2eds/bin/gnu/H-x86_64-pc-linux-gnu/bin/../lib/gcc/nios2-elf/10.1.1/../../../../../H-x86_64-pc-linux-gnu/nios2-elf/lib/mhw-mulx/libc.a(lib_a-fstatr.o)
                0x0000000000009790                _fstat_r
 .text          0x00000000000097f0        0x0 /opt/intelFPGA/20.1.1/nios2eds/bin/gnu/H-x86_64-pc-linux-gnu/bin/../lib/gcc/nios2-elf/10.1.1/../../../../../H-x86_64-pc-linux-gnu/nios2-elf/lib/mhw-mulx/libc.a(lib_a-fvwrite.o)
 .text.__sfvwrite_r
                0x00000000000097f0      0x4b8 /opt/intelFPGA/20.1.1/nios2eds/bin/gnu/H-x86_64-pc-linux-gnu/bin/../lib/gcc/nios2-elf/10.1.1/../../../../../H-x86_64-pc-linux-gnu/nios2-elf/lib/mhw-mulx/libc.a(lib_a-fvwrite.o)
                0x00000000000097f0                __sfvwrite_r
 .text          0x0000000000009ca8        0x0 /opt/intelFPGA/20.1.1/nios2eds/bin/gnu/H-x86_64-pc-linux-gnu/bin/../lib/gcc/nios2-elf/10.1.1/../../../../../H-x86_64-pc-linux-gnu/nios2-elf/lib/mhw-mulx/libc.a(lib_a-isattyr.o)
 .text._isatty_r
                0x0000000000009ca8       0x58 /opt/intelFPGA/20.1.1/nios2eds/bin/gnu/H-x86_64-pc-linux-gnu/bin/../lib/gcc/nios2-elf/10.1.1/../../../../../H-x86_64-pc-linux-gnu/nios2-elf/lib/mhw-mulx/libc.a(lib_a-isattyr.o)
                0x0000000000009ca8                _isatty_r
 .text          0x0000000000009d00        0x0 /opt/intelFPGA/20.1.1/nios2eds/bin/gnu/H-x86_64-pc-linux-gnu/bin/../lib/gcc/nios2-elf/10.1.1/../../../../../H-x86_64-pc-linux-gnu/nios2-elf/lib/mhw-mulx/libc.a(lib_a-locale.o)
 .text._setlocale_r
                0x0000000000009d00       0x74 /opt/intelFPGA/20.1.1/nios2eds/bin/gnu/H-x86_64-pc-linux-gnu/bin/../lib/gcc/nios2-elf/10.1.1/../../../../../H-x86_64-pc-linux-gnu/nios2-elf/lib/mhw-mulx/libc.a(lib_a-locale.o)
                0x0000000000009d00                _setlocale_r
 .text.__locale_mb_cur_max
                0x0000000000009d74        0xc /opt/intelFPGA/20.1.1/nios2eds/bin/gnu/H-x86_64-pc-linux-gnu/bin/../lib/gcc/nios2-elf/10.1.1/../../../../../H-x86_64-pc-linux-gnu/nios2-elf/lib/mhw-mulx/libc.a(lib_a-locale.o)
                0x0000000000009d74                __locale_mb_cur_max
 .text.setlocale
                0x0000000000009d80       0x74 /opt/intelFPGA/20.1.1/nios2eds/bin/gnu/H-x86_64-pc-linux-gnu/bin/../lib/gcc/nios2-elf/10.1.1/../../../../../H-x86_64-pc-linux-gnu/nios2-elf/lib/mhw-mulx/libc.a(lib_a-locale.o)
                0x0000000000009d80                setlocale
 .text          0x0000000000009df4        0x0 /opt/intelFPGA/20.1.1/nios2eds/bin/gnu/H-x86_64-pc-linux-gnu/bin/../lib/gcc/nios2-elf/10.1.1/../../../../../H-x86_64-pc-linux-gnu/nios2-elf/lib/mhw-mulx/libc.a(lib_a-lseekr.o)
 .text._lseek_r
                0x0000000000009df4       0x64 /opt/intelFPGA/20.1.1/nios2eds/bin/gnu/H-x86_64-pc-linux-gnu/bin/../lib/gcc/nios2-elf/10.1.1/../../../../../H-x86_64-pc-linux-gnu/nios2-elf/lib/mhw-mulx/libc.a(lib_a-lseekr.o)
                0x0000000000009df4                _lseek_r
 .text          0x0000000000009e58        0x0 /opt/intelFPGA/20.1.1/nios2eds/bin/gnu/H-x86_64-pc-linux-gnu/bin/../lib/gcc/nios2-elf/10.1.1/../../../../../H-x86_64-pc-linux-gnu/nios2-elf/lib/mhw-mulx/libc.a(lib_a-mbtowc_r.o)
 .text._mbtowc_r
                0x0000000000009e58        0xc /opt/intelFPGA/20.1.1/nios2eds/bin/gnu/H-x86_64-pc-linux-gnu/bin/../lib/gcc/nios2-elf/10.1.1/../../../../../H-x86_64-pc-linux-gnu/nios2-elf/lib/mhw-mulx/libc.a(lib_a-mbtowc_r.o)
                0x0000000000009e58                _mbtowc_r
 .text.__ascii_mbtowc
                0x0000000000009e64       0x44 /opt/intelFPGA/20.1.1/nios2eds/bin/gnu/H-x86_64-pc-linux-gnu/bin/../lib/gcc/nios2-elf/10.1.1/../../../../../H-x86_64-pc-linux-gnu/nios2-elf/lib/mhw-mulx/libc.a(lib_a-mbtowc_r.o)
                0x0000000000009e64                __ascii_mbtowc
 .text          0x0000000000009ea8        0x0 /opt/intelFPGA/20.1.1/nios2eds/bin/gnu/H-x86_64-pc-linux-gnu/bin/../lib/gcc/nios2-elf/10.1.1/../../../../../H-x86_64-pc-linux-gnu/nios2-elf/lib/mhw-mulx/libc.a(lib_a-memmove.o)
 .text.memmove  0x0000000000009ea8      0x12c /opt/intelFPGA/20.1.1/nios2eds/bin/gnu/H-x86_64-pc-linux-gnu/bin/../lib/gcc/nios2-elf/10.1.1/../../../../../H-x86_64-pc-linux-gnu/nios2-elf/lib/mhw-mulx/libc.a(lib_a-memmove.o)
                0x0000000000009ea8                memmove
 .text          0x0000000000009fd4        0x0 /opt/intelFPGA/20.1.1/nios2eds/bin/gnu/H-x86_64-pc-linux-gnu/bin/../lib/gcc/nios2-elf/10.1.1/../../../../../H-x86_64-pc-linux-gnu/nios2-elf/lib/mhw-mulx/libc.a(lib_a-readr.o)
 .text._read_r  0x0000000000009fd4       0x64 /opt/intelFPGA/20.1.1/nios2eds/bin/gnu/H-x86_64-pc-linux-gnu/bin/../lib/gcc/nios2-elf/10.1.1/../../../../../H-x86_64-pc-linux-gnu/nios2-elf/lib/mhw-mulx/libc.a(lib_a-readr.o)
                0x0000000000009fd4                _read_r
 .text          0x000000000000a038        0x0 /opt/intelFPGA/20.1.1/nios2eds/bin/gnu/H-x86_64-pc-linux-gnu/bin/../lib/gcc/nios2-elf/10.1.1/../../../../../H-x86_64-pc-linux-gnu/nios2-elf/lib/mhw-mulx/libc.a(lib_a-reallocr.o)
 .text._realloc_r
                0x000000000000a038      0x564 /opt/intelFPGA/20.1.1/nios2eds/bin/gnu/H-x86_64-pc-linux-gnu/bin/../lib/gcc/nios2-elf/10.1.1/../../../../../H-x86_64-pc-linux-gnu/nios2-elf/lib/mhw-mulx/libc.a(lib_a-reallocr.o)
                0x000000000000a038                _realloc_r
 .text          0x000000000000a59c        0x0 /opt/intelFPGA/20.1.1/nios2eds/bin/gnu/H-x86_64-pc-linux-gnu/bin/../lib/gcc/nios2-elf/10.1.1/../../../../../H-x86_64-pc-linux-gnu/nios2-elf/lib/mhw-mulx/libc.a(lib_a-strcmp.o)
 .text.strcmp   0x000000000000a59c       0xb8 /opt/intelFPGA/20.1.1/nios2eds/bin/gnu/H-x86_64-pc-linux-gnu/bin/../lib/gcc/nios2-elf/10.1.1/../../../../../H-x86_64-pc-linux-gnu/nios2-elf/lib/mhw-mulx/libc.a(lib_a-strcmp.o)
                0x000000000000a59c                strcmp
 .text          0x000000000000a654        0x0 /opt/intelFPGA/20.1.1/nios2eds/bin/gnu/H-x86_64-pc-linux-gnu/bin/../lib/gcc/nios2-elf/10.1.1/../../../../../H-x86_64-pc-linux-gnu/nios2-elf/lib/mhw-mulx/libc.a(lib_a-vfiprintfr_1.o)
 .text._vfiprintf_r
                0x000000000000a654        0x4 /opt/intelFPGA/20.1.1/nios2eds/bin/gnu/H-x86_64-pc-linux-gnu/bin/../lib/gcc/nios2-elf/10.1.1/../../../../../H-x86_64-pc-linux-gnu/nios2-elf/lib/mhw-mulx/libc.a(lib_a-vfiprintfr_1.o)
                0x000000000000a654                _vfiprintf_r
 .text          0x000000000000a658        0x0 /opt/intelFPGA/20.1.1/nios2eds/bin/gnu/H-x86_64-pc-linux-gnu/bin/../lib/gcc/nios2-elf/10.1.1/../../../../../H-x86_64-pc-linux-gnu/nios2-elf/lib/mhw-mulx/libc.a(lib_a-wbuf.o)
 .text.__swbuf_r
                0x000000000000a658      0x148 /opt/intelFPGA/20.1.1/nios2eds/bin/gnu/H-x86_64-pc-linux-gnu/bin/../lib/gcc/nios2-elf/10.1.1/../../../../../H-x86_64-pc-linux-gnu/nios2-elf/lib/mhw-mulx/libc.a(lib_a-wbuf.o)
                0x000000000000a658                __swbuf_r
 .text.__swbuf  0x000000000000a7a0       0x18 /opt/intelFPGA/20.1.1/nios2eds/bin/gnu/H-x86_64-pc-linux-gnu/bin/../lib/gcc/nios2-elf/10.1.1/../../../../../H-x86_64-pc-linux-gnu/nios2-elf/lib/mhw-mulx/libc.a(lib_a-wbuf.o)
                0x000000000000a7a0                __swbuf
 .text          0x000000000000a7b8        0x0 /opt/intelFPGA/20.1.1/nios2eds/bin/gnu/H-x86_64-pc-linux-gnu/bin/../lib/gcc/nios2-elf/10.1.1/../../../../../H-x86_64-pc-linux-gnu/nios2-elf/lib/mhw-mulx/libc.a(lib_a-wcrtomb.o)
 .text._wcrtomb_r
                0x000000000000a7b8       0x6c /opt/intelFPGA/20.1.1/nios2eds/bin/gnu/H-x86_64-pc-linux-gnu/bin/../lib/gcc/nios2-elf/10.1.1/../../../../../H-x86_64-pc-linux-gnu/nios2-elf/lib/mhw-mulx/libc.a(lib_a-wcrtomb.o)
                0x000000000000a7b8                _wcrtomb_r
 .text.wcrtomb  0x000000000000a824       0x88 /opt/intelFPGA/20.1.1/nios2eds/bin/gnu/H-x86_64-pc-linux-gnu/bin/../lib/gcc/nios2-elf/10.1.1/../../../../../H-x86_64-pc-linux-gnu/nios2-elf/lib/mhw-mulx/libc.a(lib_a-wcrtomb.o)
                0x000000000000a824                wcrtomb
 .text          0x000000000000a8ac        0x0 /opt/intelFPGA/20.1.1/nios2eds/bin/gnu/H-x86_64-pc-linux-gnu/bin/../lib/gcc/nios2-elf/10.1.1/../../../../../H-x86_64-pc-linux-gnu/nios2-elf/lib/mhw-mulx/libc.a(lib_a-wctomb_r.o)
 .text._wctomb_r
                0x000000000000a8ac        0xc /opt/intelFPGA/20.1.1/nios2eds/bin/gnu/H-x86_64-pc-linux-gnu/bin/../lib/gcc/nios2-elf/10.1.1/../../../../../H-x86_64-pc-linux-gnu/nios2-elf/lib/mhw-mulx/libc.a(lib_a-wctomb_r.o)
                0x000000000000a8ac                _wctomb_r
 .text.__ascii_wctomb
                0x000000000000a8b8       0x30 /opt/intelFPGA/20.1.1/nios2eds/bin/gnu/H-x86_64-pc-linux-gnu/bin/../lib/gcc/nios2-elf/10.1.1/../../../../../H-x86_64-pc-linux-gnu/nios2-elf/lib/mhw-mulx/libc.a(lib_a-wctomb_r.o)
                0x000000000000a8b8                __ascii_wctomb
 .text          0x000000000000a8e8        0x0 /opt/intelFPGA/20.1.1/nios2eds/bin/gnu/H-x86_64-pc-linux-gnu/bin/../lib/gcc/nios2-elf/10.1.1/../../../../../H-x86_64-pc-linux-gnu/nios2-elf/lib/mhw-mulx/libc.a(lib_a-abort.o)
 .text.unlikely.abort
                0x000000000000a8e8       0x18 /opt/intelFPGA/20.1.1/nios2eds/bin/gnu/H-x86_64-pc-linux-gnu/bin/../lib/gcc/nios2-elf/10.1.1/../../../../../H-x86_64-pc-linux-gnu/nios2-elf/lib/mhw-mulx/libc.a(lib_a-abort.o)
                0x000000000000a8e8                abort
 .text          0x000000000000a900        0x0 /opt/intelFPGA/20.1.1/nios2eds/bin/gnu/H-x86_64-pc-linux-gnu/bin/../lib/gcc/nios2-elf/10.1.1/../../../../../H-x86_64-pc-linux-gnu/nios2-elf/lib/mhw-mulx/libc.a(lib_a-ctype_.o)
 .text          0x000000000000a900        0x0 /opt/intelFPGA/20.1.1/nios2eds/bin/gnu/H-x86_64-pc-linux-gnu/bin/../lib/gcc/nios2-elf/10.1.1/../../../../../H-x86_64-pc-linux-gnu/nios2-elf/lib/mhw-mulx/libc.a(lib_a-signal.o)
 .text._init_signal_r
                0x000000000000a900       0x5c /opt/intelFPGA/20.1.1/nios2eds/bin/gnu/H-x86_64-pc-linux-gnu/bin/../lib/gcc/nios2-elf/10.1.1/../../../../../H-x86_64-pc-linux-gnu/nios2-elf/lib/mhw-mulx/libc.a(lib_a-signal.o)
                0x000000000000a900                _init_signal_r
 .text._signal_r
                0x000000000000a95c       0x98 /opt/intelFPGA/20.1.1/nios2eds/bin/gnu/H-x86_64-pc-linux-gnu/bin/../lib/gcc/nios2-elf/10.1.1/../../../../../H-x86_64-pc-linux-gnu/nios2-elf/lib/mhw-mulx/libc.a(lib_a-signal.o)
                0x000000000000a95c                _signal_r
 .text._raise_r
                0x000000000000a9f4       0xc4 /opt/intelFPGA/20.1.1/nios2eds/bin/gnu/H-x86_64-pc-linux-gnu/bin/../lib/gcc/nios2-elf/10.1.1/../../../../../H-x86_64-pc-linux-gnu/nios2-elf/lib/mhw-mulx/libc.a(lib_a-signal.o)
                0x000000000000a9f4                _raise_r
 .text.__sigtramp_r
                0x000000000000aab8       0xbc /opt/intelFPGA/20.1.1/nios2eds/bin/gnu/H-x86_64-pc-linux-gnu/bin/../lib/gcc/nios2-elf/10.1.1/../../../../../H-x86_64-pc-linux-gnu/nios2-elf/lib/mhw-mulx/libc.a(lib_a-signal.o)
                0x000000000000aab8                __sigtramp_r
 .text.raise    0x000000000000ab74       0xbc /opt/intelFPGA/20.1.1/nios2eds/bin/gnu/H-x86_64-pc-linux-gnu/bin/../lib/gcc/nios2-elf/10.1.1/../../../../../H-x86_64-pc-linux-gnu/nios2-elf/lib/mhw-mulx/libc.a(lib_a-signal.o)
                0x000000000000ab74                raise
 .text.signal   0x000000000000ac30       0xa0 /opt/intelFPGA/20.1.1/nios2eds/bin/gnu/H-x86_64-pc-linux-gnu/bin/../lib/gcc/nios2-elf/10.1.1/../../../../../H-x86_64-pc-linux-gnu/nios2-elf/lib/mhw-mulx/libc.a(lib_a-signal.o)
                0x000000000000ac30                signal
 .text._init_signal
                0x000000000000acd0       0x60 /opt/intelFPGA/20.1.1/nios2eds/bin/gnu/H-x86_64-pc-linux-gnu/bin/../lib/gcc/nios2-elf/10.1.1/../../../../../H-x86_64-pc-linux-gnu/nios2-elf/lib/mhw-mulx/libc.a(lib_a-signal.o)
                0x000000000000acd0                _init_signal
 .text.__sigtramp
                0x000000000000ad30       0xbc /opt/intelFPGA/20.1.1/nios2eds/bin/gnu/H-x86_64-pc-linux-gnu/bin/../lib/gcc/nios2-elf/10.1.1/../../../../../H-x86_64-pc-linux-gnu/nios2-elf/lib/mhw-mulx/libc.a(lib_a-signal.o)
                0x000000000000ad30                __sigtramp
 .text          0x000000000000adec        0x0 /opt/intelFPGA/20.1.1/nios2eds/bin/gnu/H-x86_64-pc-linux-gnu/bin/../lib/gcc/nios2-elf/10.1.1/../../../../../H-x86_64-pc-linux-gnu/nios2-elf/lib/mhw-mulx/libc.a(lib_a-signalr.o)
 .text._kill_r  0x000000000000adec       0x60 /opt/intelFPGA/20.1.1/nios2eds/bin/gnu/H-x86_64-pc-linux-gnu/bin/../lib/gcc/nios2-elf/10.1.1/../../../../../H-x86_64-pc-linux-gnu/nios2-elf/lib/mhw-mulx/libc.a(lib_a-signalr.o)
                0x000000000000adec                _kill_r
 .text._getpid_r
                0x000000000000ae4c        0x4 /opt/intelFPGA/20.1.1/nios2eds/bin/gnu/H-x86_64-pc-linux-gnu/bin/../lib/gcc/nios2-elf/10.1.1/../../../../../H-x86_64-pc-linux-gnu/nios2-elf/lib/mhw-mulx/libc.a(lib_a-signalr.o)
                0x000000000000ae4c                _getpid_r
 .text          0x000000000000ae50      0x590 /opt/intelFPGA/20.1.1/nios2eds/bin/gnu/H-x86_64-pc-linux-gnu/bin/../lib/gcc/nios2-elf/10.1.1/mhw-mulx/libgcc.a(_udivdi3.o)
                0x000000000000ae50                __udivdi3
 .text          0x000000000000b3e0      0x534 /opt/intelFPGA/20.1.1/nios2eds/bin/gnu/H-x86_64-pc-linux-gnu/bin/../lib/gcc/nios2-elf/10.1.1/mhw-mulx/libgcc.a(_umoddi3.o)
                0x000000000000b3e0                __umoddi3
 .text          0x000000000000b914      0x1b4 /opt/intelFPGA/20.1.1/nios2eds/bin/gnu/H-x86_64-pc-linux-gnu/bin/../lib/gcc/nios2-elf/10.1.1/mhw-mulx/libgcc.a(lib2-divmod.o)
                0x000000000000b914                __divsi3
                0x000000000000b994                __modsi3
                0x000000000000ba08                __udivsi3
                0x000000000000ba6c                __umodsi3
 .text          0x000000000000bac8      0x8f0 /opt/intelFPGA/20.1.1/nios2eds/bin/gnu/H-x86_64-pc-linux-gnu/bin/../lib/gcc/nios2-elf/10.1.1/mhw-mulx/libgcc.a(adddf3.o)
                0x000000000000bac8                __adddf3
 .text          0x000000000000c3b8      0x85c /opt/intelFPGA/20.1.1/nios2eds/bin/gnu/H-x86_64-pc-linux-gnu/bin/../lib/gcc/nios2-elf/10.1.1/mhw-mulx/libgcc.a(divdf3.o)
                0x000000000000c3b8                __divdf3
 .text          0x000000000000cc14       0x80 /opt/intelFPGA/20.1.1/nios2eds/bin/gnu/H-x86_64-pc-linux-gnu/bin/../lib/gcc/nios2-elf/10.1.1/mhw-mulx/libgcc.a(eqdf2.o)
                0x000000000000cc14                __eqdf2
                0x000000000000cc14                __nedf2
 .text          0x000000000000cc94       0xe8 /opt/intelFPGA/20.1.1/nios2eds/bin/gnu/H-x86_64-pc-linux-gnu/bin/../lib/gcc/nios2-elf/10.1.1/mhw-mulx/libgcc.a(gedf2.o)
                0x000000000000cc94                __gtdf2
                0x000000000000cc94                __gedf2
 .text          0x000000000000cd7c       0xe8 /opt/intelFPGA/20.1.1/nios2eds/bin/gnu/H-x86_64-pc-linux-gnu/bin/../lib/gcc/nios2-elf/10.1.1/mhw-mulx/libgcc.a(ledf2.o)
                0x000000000000cd7c                __ltdf2
                0x000000000000cd7c                __ledf2
 .text          0x000000000000ce64      0x674 /opt/intelFPGA/20.1.1/nios2eds/bin/gnu/H-x86_64-pc-linux-gnu/bin/../lib/gcc/nios2-elf/10.1.1/mhw-mulx/libgcc.a(muldf3.o)
                0x000000000000ce64                __muldf3
 .text          0x000000000000d4d8      0x8b4 /opt/intelFPGA/20.1.1/nios2eds/bin/gnu/H-x86_64-pc-linux-gnu/bin/../lib/gcc/nios2-elf/10.1.1/mhw-mulx/libgcc.a(subdf3.o)
                0x000000000000d4d8                __subdf3
 .text          0x000000000000dd8c       0x54 /opt/intelFPGA/20.1.1/nios2eds/bin/gnu/H-x86_64-pc-linux-gnu/bin/../lib/gcc/nios2-elf/10.1.1/mhw-mulx/libgcc.a(unorddf2.o)
                0x000000000000dd8c                __unorddf2
 .text          0x000000000000dde0       0x80 /opt/intelFPGA/20.1.1/nios2eds/bin/gnu/H-x86_64-pc-linux-gnu/bin/../lib/gcc/nios2-elf/10.1.1/mhw-mulx/libgcc.a(fixdfsi.o)
                0x000000000000dde0                __fixdfsi
 .text          0x000000000000de60       0xb8 /opt/intelFPGA/20.1.1/nios2eds/bin/gnu/H-x86_64-pc-linux-gnu/bin/../lib/gcc/nios2-elf/10.1.1/mhw-mulx/libgcc.a(floatsidf.o)
                0x000000000000de60                __floatsidf
 .text          0x000000000000df18       0x90 /opt/intelFPGA/20.1.1/nios2eds/bin/gnu/H-x86_64-pc-linux-gnu/bin/../lib/gcc/nios2-elf/10.1.1/mhw-mulx/libgcc.a(floatunsidf.o)
                0x000000000000df18                __floatunsidf
 .text          0x000000000000dfa8        0x0 /opt/intelFPGA/20.1.1/nios2eds/bin/gnu/H-x86_64-pc-linux-gnu/bin/../lib/gcc/nios2-elf/10.1.1/mhw-mulx/libgcc.a(_clz.o)
 .text          0x000000000000dfa8       0x54 /opt/intelFPGA/20.1.1/nios2eds/bin/gnu/H-x86_64-pc-linux-gnu/bin/../lib/gcc/nios2-elf/10.1.1/mhw-mulx/libgcc.a(_clzsi2.o)
                0x000000000000dfa8                __clzsi2
 .text          0x000000000000dffc      0x10c ../ucosii_binary_game_hal_part1_bsp//libucosii_bsp.a(alt_close.o)
                0x000000000000e038                close
 .text          0x000000000000e108       0x2c ../ucosii_binary_game_hal_part1_bsp//libucosii_bsp.a(alt_dev.o)
 .text          0x000000000000e134        0x0 ../ucosii_binary_game_hal_part1_bsp//libucosii_bsp.a(alt_errno.o)
 .text          0x000000000000e134       0x38 ../ucosii_binary_game_hal_part1_bsp//libucosii_bsp.a(alt_exit.o)
                0x000000000000e134                _exit
 .text          0x000000000000e16c       0xec ../ucosii_binary_game_hal_part1_bsp//libucosii_bsp.a(alt_fstat.o)
                0x000000000000e1a8                fstat
 .text          0x000000000000e258       0x20 ../ucosii_binary_game_hal_part1_bsp//libucosii_bsp.a(alt_getpid.o)
                0x000000000000e258                getpid
 .text          0x000000000000e278      0x260 ../ucosii_binary_game_hal_part1_bsp//libucosii_bsp.a(alt_gettod.o)
                0x000000000000e278                gettimeofday
 .text          0x000000000000e4d8       0xe0 ../ucosii_binary_game_hal_part1_bsp//libucosii_bsp.a(alt_isatty.o)
                0x000000000000e514                isatty
 .text          0x000000000000e5b8      0x168 ../ucosii_binary_game_hal_part1_bsp//libucosii_bsp.a(alt_kill.o)
                0x000000000000e5f4                kill
 .text          0x000000000000e720       0xec ../ucosii_binary_game_hal_part1_bsp//libucosii_bsp.a(alt_load.o)
                0x000000000000e788                alt_load
 .text          0x000000000000e80c      0x110 ../ucosii_binary_game_hal_part1_bsp//libucosii_bsp.a(alt_lseek.o)
                0x000000000000e848                lseek
 .text          0x000000000000e91c       0xc0 ../ucosii_binary_game_hal_part1_bsp//libucosii_bsp.a(alt_main.o)
                0x000000000000e91c                alt_main
 .text          0x000000000000e9dc      0x138 ../ucosii_binary_game_hal_part1_bsp//libucosii_bsp.a(alt_read.o)
                0x000000000000ea18                read
 .text          0x000000000000eb14       0x58 ../ucosii_binary_game_hal_part1_bsp//libucosii_bsp.a(alt_release_fd.o)
                0x000000000000eb14                alt_release_fd
 .text          0x000000000000eb6c       0xb8 ../ucosii_binary_game_hal_part1_bsp//libucosii_bsp.a(alt_sbrk.o)
                0x000000000000eb6c                sbrk
 .text          0x000000000000ec24      0x1ac ../ucosii_binary_game_hal_part1_bsp//libucosii_bsp.a(alt_tick.o)
                0x000000000000ec24                alt_alarm_stop
                0x000000000000ecc8                alt_tick
 .text          0x000000000000edd0      0x134 ../ucosii_binary_game_hal_part1_bsp//libucosii_bsp.a(alt_write.o)
                0x000000000000ee0c                write
 .text          0x000000000000ef04      0x120 ../ucosii_binary_game_hal_part1_bsp//libucosii_bsp.a(alt_env_lock.o)
                0x000000000000ef04                __env_lock
                0x000000000000efc4                __env_unlock
 .text          0x000000000000f024      0x1fc ../ucosii_binary_game_hal_part1_bsp//libucosii_bsp.a(alt_malloc_lock.o)
                0x000000000000f024                __malloc_lock
                0x000000000000f14c                __malloc_unlock
 .text          0x000000000000f220     0x2040 ../ucosii_binary_game_hal_part1_bsp//libucosii_bsp.a(os_core.o)
                0x000000000000f220                OSEventNameGet
                0x000000000000f344                OSEventNameSet
                0x000000000000f48c                OSEventPendMulti
                0x000000000000fac4                OSInit
                0x000000000000fb1c                OSIntEnter
                0x000000000000fb68                OSIntExit
                0x000000000000fc5c                OSSchedLock
                0x000000000000fcec                OSSchedUnlock
                0x000000000000fdd0                OSStart
                0x000000000000fe38                OSStatInit
                0x000000000000fef0                OSTimeTick
                0x0000000000010124                OSVersion
                0x0000000000010144                OS_Dummy
                0x0000000000010164                OS_EventTaskRdy
                0x00000000000102ec                OS_EventTaskWait
                0x00000000000103f4                OS_EventTaskWaitMulti
                0x000000000001053c                OS_EventTaskRemove
                0x00000000000105ec                OS_EventTaskRemoveMulti
                0x00000000000106e8                OS_EventWaitListInit
                0x0000000000010ad4                OS_MemClr
                0x0000000000010b2c                OS_MemCopy
                0x0000000000010b98                OS_Sched
                0x0000000000010cd0                OS_StrCopy
                0x0000000000010d44                OS_StrLen
                0x0000000000010d98                OS_TaskIdle
                0x0000000000010df8                OS_TaskStat
                0x0000000000010ebc                OS_TaskStatStkChk
                0x0000000000010f80                OS_TCBInit
 .text          0x0000000000011260      0x190 ../ucosii_binary_game_hal_part1_bsp//libucosii_bsp.a(os_dbg.o)
                0x0000000000011260                OSDebugInit
 .text          0x00000000000113f0     0x17c4 ../ucosii_binary_game_hal_part1_bsp//libucosii_bsp.a(os_flag.o)
                0x00000000000113f0                OSFlagAccept
                0x0000000000011714                OSFlagCreate
                0x0000000000011824                OSFlagDel
                0x0000000000011a7c                OSFlagNameGet
                0x0000000000011bac                OSFlagNameSet
                0x0000000000011d00                OSFlagPend
                0x0000000000012300                OSFlagPendGetFlagsRdy
                0x0000000000012364                OSFlagPost
                0x0000000000012710                OSFlagQuery
                0x000000000001293c                OS_FlagInit
                0x0000000000012b10                OS_FlagUnlink
 .text          0x0000000000012bb4      0x778 ../ucosii_binary_game_hal_part1_bsp//libucosii_bsp.a(os_mem.o)
                0x0000000000012bb4                OSMemCreate
                0x0000000000012d8c                OSMemGet
                0x0000000000012e84                OSMemNameGet
                0x0000000000012f78                OSMemNameSet
                0x0000000000013094                OSMemPut
                0x0000000000013174                OSMemQuery
                0x0000000000013260                OS_MemInit
 .text          0x000000000001332c     0x1108 ../ucosii_binary_game_hal_part1_bsp//libucosii_bsp.a(os_mutex.o)
                0x000000000001332c                OSMutexAccept
                0x00000000000134dc                OSMutexCreate
                0x0000000000013698                OSMutexDel
                0x0000000000013994                OSMutexPend
                0x0000000000013f24                OSMutexPost
                0x000000000001413c                OSMutexQuery
 .text          0x0000000000014434     0x115c ../ucosii_binary_game_hal_part1_bsp//libucosii_bsp.a(os_q.o)
                0x0000000000014434                OSQAccept
                0x0000000000014578                OSQCreate
                0x0000000000014728                OSQDel
                0x00000000000149b8                OSQFlush
                0x0000000000014a74                OSQPend
                0x0000000000014d0c                OSQPendAbort
                0x0000000000014e80                OSQPost
                0x0000000000014ff4                OSQPostFront
                0x0000000000015170                OSQPostOpt
                0x0000000000015388                OSQQuery
                0x00000000000154e8                OS_QInit
 .text          0x0000000000015590      0xa98 ../ucosii_binary_game_hal_part1_bsp//libucosii_bsp.a(os_sem.o)
                0x0000000000015590                OSSemAccept
                0x0000000000015644                OSSemCreate
                0x0000000000015720                OSSemDel
                0x0000000000015970                OSSemPend
                0x0000000000015b84                OSSemPendAbort
                0x0000000000015cf8                OSSemPost
                0x0000000000015e14                OSSemQuery
                0x0000000000015f28                OSSemSet
 .text          0x0000000000016028     0x1750 ../ucosii_binary_game_hal_part1_bsp//libucosii_bsp.a(os_task.o)
                0x0000000000016028                OSTaskChangePrio
                0x00000000000164ec                OSTaskCreate
                0x0000000000016690                OSTaskCreateExt
                0x000000000001686c                OSTaskDel
                0x0000000000016bb0                OSTaskDelReq
                0x0000000000016d08                OSTaskNameGet
                0x0000000000016ea4                OSTaskNameSet
                0x0000000000017060                OSTaskResume
                0x0000000000017240                OSTaskStkChk
                0x00000000000173f8                OSTaskSuspend
                0x00000000000175e0                OSTaskQuery
                0x0000000000017708                OS_TaskStkClr
 .text          0x0000000000017778      0x500 ../ucosii_binary_game_hal_part1_bsp//libucosii_bsp.a(os_time.o)
                0x0000000000017778                OSTimeDly
                0x0000000000017880                OSTimeDlyHMSM
                0x00000000000179d4                OSTimeDlyResume
                0x0000000000017bb4                OSTimeGet
                0x0000000000017c14                OSTimeSet
 .text          0x0000000000017c78      0x844 ../ucosii_binary_game_hal_part1_bsp//libucosii_bsp.a(alt_sys_init.o)
                0x0000000000017cac                alt_irq_init
                0x0000000000017ce8                alt_sys_init
 .text          0x00000000000184bc      0x164 ../ucosii_binary_game_hal_part1_bsp//libucosii_bsp.a(altera_avalon_jtag_uart_fd.o)
                0x00000000000184bc                altera_avalon_jtag_uart_read_fd
                0x000000000001851c                altera_avalon_jtag_uart_write_fd
                0x000000000001857c                altera_avalon_jtag_uart_close_fd
                0x00000000000185cc                altera_avalon_jtag_uart_ioctl_fd
 .text          0x0000000000018620      0x568 ../ucosii_binary_game_hal_part1_bsp//libucosii_bsp.a(altera_avalon_jtag_uart_init.o)
                0x0000000000018620                altera_avalon_jtag_uart_init
                0x0000000000018b20                altera_avalon_jtag_uart_close
 .text          0x0000000000018b88       0xf4 ../ucosii_binary_game_hal_part1_bsp//libucosii_bsp.a(altera_avalon_jtag_uart_ioctl.o)
                0x0000000000018b88                altera_avalon_jtag_uart_ioctl
 .text          0x0000000000018c7c      0x2c8 ../ucosii_binary_game_hal_part1_bsp//libucosii_bsp.a(altera_avalon_jtag_uart_read.o)
                0x0000000000018c7c                altera_avalon_jtag_uart_read
 .text          0x0000000000018f44      0x2d0 ../ucosii_binary_game_hal_part1_bsp//libucosii_bsp.a(altera_avalon_jtag_uart_write.o)
                0x0000000000018f44                altera_avalon_jtag_uart_write
 .text          0x0000000000019214       0xfc ../ucosii_binary_game_hal_part1_bsp//libucosii_bsp.a(altera_avalon_timer_sc.o)
                0x0000000000019294                alt_avalon_timer_sc_init
 .text          0x0000000000019310      0x4fc ../ucosii_binary_game_hal_part1_bsp//libucosii_bsp.a(altera_up_avalon_character_lcd.o)
                0x0000000000019310                get_DDRAM_addr
                0x0000000000019384                alt_up_character_lcd_send_cmd
                0x00000000000193c4                alt_up_character_lcd_init
                0x00000000000193fc                alt_up_character_lcd_open_dev
                0x0000000000019438                alt_up_character_lcd_write
                0x00000000000194b8                alt_up_character_lcd_string
                0x0000000000019534                alt_up_character_lcd_write_fd
                0x0000000000019584                alt_up_character_lcd_set_cursor_pos
                0x00000000000195f8                alt_up_character_lcd_shift_cursor
                0x0000000000019684                alt_up_character_lcd_shift_display
                0x0000000000019710                alt_up_character_lcd_erase_pos
                0x000000000001979c                alt_up_character_lcd_cursor_off
                0x00000000000197d4                alt_up_character_lcd_cursor_blink_on
 .text          0x000000000001980c      0x38c ../ucosii_binary_game_hal_part1_bsp//libucosii_bsp.a(altera_up_avalon_irda.o)
                0x000000000001980c                alt_up_irda_enable_read_interrupt
                0x0000000000019868                alt_up_irda_disable_read_interrupt
                0x00000000000198c8                alt_up_irda_get_used_space_in_read_FIFO
                0x0000000000019908                alt_up_irda_get_available_space_in_write_FIFO
                0x0000000000019944                alt_up_irda_check_parity
                0x0000000000019988                alt_up_irda_write_data
                0x00000000000199c8                alt_up_irda_read_data
                0x0000000000019a3c                alt_up_irda_read_fd
                0x0000000000019acc                alt_up_irda_write_fd
                0x0000000000019b5c                alt_up_irda_open_dev
 .text          0x0000000000019b98      0x6b4 ../ucosii_binary_game_hal_part1_bsp//libucosii_bsp.a(altera_up_avalon_ps2.o)
                0x0000000000019b98                read_RI_bit
                0x0000000000019bcc                read_RE_bit
                0x0000000000019bfc                read_CE_bit
                0x0000000000019c30                read_num_bytes_available
                0x0000000000019c60                read_data_valid
                0x0000000000019c94                read_data_byte
                0x0000000000019cc0                alt_up_ps2_init
                0x0000000000019d88                alt_up_ps2_enable_read_interrupt
                0x0000000000019de4                alt_up_ps2_disable_read_interrupt
                0x0000000000019e44                alt_up_ps2_write_data_byte
                0x0000000000019eb8                alt_up_ps2_wait_for_ack
                0x0000000000019f20                alt_up_ps2_write_data_byte_with_ack
                0x0000000000019f84                alt_up_ps2_read_data_byte_timeout
                0x000000000001a020                alt_up_ps2_read_data_byte
                0x000000000001a090                alt_up_ps2_clear_fifo
                0x000000000001a0ec                alt_up_ps2_read_fd
                0x000000000001a178                alt_up_ps2_write_fd
                0x000000000001a210                alt_up_ps2_open_dev
 .text          0x000000000001a24c      0x390 ../ucosii_binary_game_hal_part1_bsp//libucosii_bsp.a(altera_up_avalon_rs232.o)
                0x000000000001a24c                alt_up_rs232_enable_read_interrupt
                0x000000000001a2a8                alt_up_rs232_disable_read_interrupt
                0x000000000001a308                alt_up_rs232_get_used_space_in_read_FIFO
                0x000000000001a348                alt_up_rs232_get_available_space_in_write_FIFO
                0x000000000001a384                alt_up_rs232_check_parity
                0x000000000001a3c8                alt_up_rs232_write_data
                0x000000000001a408                alt_up_rs232_read_data
                0x000000000001a47c                alt_up_rs232_read_fd
                0x000000000001a50c                alt_up_rs232_write_fd
                0x000000000001a5a0                alt_up_rs232_open_dev
 .text          0x000000000001a5dc      0x134 ../ucosii_binary_game_hal_part1_bsp//libucosii_bsp.a(alt_alarm_start.o)
                0x000000000001a5dc                alt_alarm_start
 .text          0x000000000001a710       0x20 ../ucosii_binary_game_hal_part1_bsp//libucosii_bsp.a(alt_dcache_flush_all.o)
                0x000000000001a710                alt_dcache_flush_all
 .text          0x000000000001a730       0xe4 ../ucosii_binary_game_hal_part1_bsp//libucosii_bsp.a(alt_dev_llist_insert.o)
                0x000000000001a76c                alt_dev_llist_insert
 .text          0x000000000001a814       0x64 ../ucosii_binary_game_hal_part1_bsp//libucosii_bsp.a(alt_do_ctors.o)
                0x000000000001a814                _do_ctors
 .text          0x000000000001a878       0x64 ../ucosii_binary_game_hal_part1_bsp//libucosii_bsp.a(alt_do_dtors.o)
                0x000000000001a878                _do_dtors
 .text          0x000000000001a8dc       0x90 ../ucosii_binary_game_hal_part1_bsp//libucosii_bsp.a(alt_find_dev.o)
                0x000000000001a8dc                alt_find_dev
 .text          0x000000000001a96c       0x34 ../ucosii_binary_game_hal_part1_bsp//libucosii_bsp.a(alt_icache_flush_all.o)
                0x000000000001a96c                alt_icache_flush_all
 .text          0x000000000001a9a0      0x12c ../ucosii_binary_game_hal_part1_bsp//libucosii_bsp.a(alt_io_redirect.o)
                0x000000000001aa50                alt_io_redirect
 .text          0x000000000001aacc      0x180 ../ucosii_binary_game_hal_part1_bsp//libucosii_bsp.a(alt_irq_register.o)
                0x000000000001aacc                alt_irq_register
 .text          0x000000000001ac4c        0x0 ../ucosii_binary_game_hal_part1_bsp//libucosii_bsp.a(alt_irq_vars.o)
 .text          0x000000000001ac4c      0x248 ../ucosii_binary_game_hal_part1_bsp//libucosii_bsp.a(alt_open.o)
                0x000000000001ad40                open
 .text          0x000000000001ae94       0x24 ../ucosii_binary_game_hal_part1_bsp//libucosii_bsp.a(altera_nios2_gen2_irq.o)
                0x000000000001ae94                altera_nios2_gen2_irq_init
 .text          0x000000000001aeb8       0xd0 ../ucosii_binary_game_hal_part1_bsp//libucosii_bsp.a(os_cpu_a.o)
                0x000000000001aeb8                OSCtxSw
                0x000000000001aeb8                OSIntCtxSw
                0x000000000001af44                OSStartHighRdy
                0x000000000001af64                OSStartTsk
 .text          0x000000000001af88      0x278 ../ucosii_binary_game_hal_part1_bsp//libucosii_bsp.a(os_cpu_c.o)
                0x000000000001af88                OSTaskStkInit
                0x000000000001b0d4                OSTaskCreateHook
                0x000000000001b0f8                OSTaskDelHook
                0x000000000001b11c                OSTaskSwHook
                0x000000000001b13c                OSTaskStatHook
                0x000000000001b15c                OSTimeTickHook
                0x000000000001b17c                OSInitHookBegin
                0x000000000001b19c                OSInitHookEnd
                0x000000000001b1bc                OSTaskIdleHook
                0x000000000001b1dc                OSTCBInitHook
 .text          0x000000000001b200      0x108 ../ucosii_binary_game_hal_part1_bsp//libucosii_bsp.a(alt_find_file.o)
                0x000000000001b200                alt_find_file
 .text          0x000000000001b308       0xd8 ../ucosii_binary_game_hal_part1_bsp//libucosii_bsp.a(alt_get_fd.o)
                0x000000000001b308                alt_get_fd
 .text          0x000000000001b3e0       0x90 ../ucosii_binary_game_hal_part1_bsp//libucosii_bsp.a(alt_icache_flush.o)
                0x000000000001b3e0                alt_icache_flush
 .text          0x000000000001b470        0x0 ../ucosii_binary_game_hal_part1_bsp//libucosii_bsp.a(alt_irq_entry.o)
 .text          0x000000000001b470        0x0 ../ucosii_binary_game_hal_part1_bsp//libucosii_bsp.a(alt_irq_handler.o)
 .text          0x000000000001b470        0x0 ../ucosii_binary_game_hal_part1_bsp//libucosii_bsp.a(alt_exception_entry.o)
 .text          0x000000000001b470       0x98 ../ucosii_binary_game_hal_part1_bsp//libucosii_bsp.a(alt_instruction_exception_entry.o)
                0x000000000001b470                alt_exception_cause_generated_bad_addr
 .text          0x000000000001b508        0x0 /opt/intelFPGA/20.1.1/nios2eds/bin/gnu/H-x86_64-pc-linux-gnu/bin/../lib/gcc/nios2-elf/10.1.1/../../../../../H-x86_64-pc-linux-gnu/nios2-elf/lib/mhw-mulx/libc.a(lib_a-atexit.o)
 .text.atexit   0x000000000001b508       0x14 /opt/intelFPGA/20.1.1/nios2eds/bin/gnu/H-x86_64-pc-linux-gnu/bin/../lib/gcc/nios2-elf/10.1.1/../../../../../H-x86_64-pc-linux-gnu/nios2-elf/lib/mhw-mulx/libc.a(lib_a-atexit.o)
                0x000000000001b508                atexit
 .text          0x000000000001b51c        0x0 /opt/intelFPGA/20.1.1/nios2eds/bin/gnu/H-x86_64-pc-linux-gnu/bin/../lib/gcc/nios2-elf/10.1.1/../../../../../H-x86_64-pc-linux-gnu/nios2-elf/lib/mhw-mulx/libc.a(lib_a-exit.o)
 .text.exit     0x000000000001b51c       0x34 /opt/intelFPGA/20.1.1/nios2eds/bin/gnu/H-x86_64-pc-linux-gnu/bin/../lib/gcc/nios2-elf/10.1.1/../../../../../H-x86_64-pc-linux-gnu/nios2-elf/lib/mhw-mulx/libc.a(lib_a-exit.o)
                0x000000000001b51c                exit
 .text          0x000000000001b550        0x0 /opt/intelFPGA/20.1.1/nios2eds/bin/gnu/H-x86_64-pc-linux-gnu/bin/../lib/gcc/nios2-elf/10.1.1/../../../../../H-x86_64-pc-linux-gnu/nios2-elf/lib/mhw-mulx/libc.a(lib_a-memcmp.o)
 .text.memcmp   0x000000000001b550       0x78 /opt/intelFPGA/20.1.1/nios2eds/bin/gnu/H-x86_64-pc-linux-gnu/bin/../lib/gcc/nios2-elf/10.1.1/../../../../../H-x86_64-pc-linux-gnu/nios2-elf/lib/mhw-mulx/libc.a(lib_a-memcmp.o)
                0x000000000001b550                memcmp
 .text          0x000000000001b5c8        0x0 /opt/intelFPGA/20.1.1/nios2eds/bin/gnu/H-x86_64-pc-linux-gnu/bin/../lib/gcc/nios2-elf/10.1.1/../../../../../H-x86_64-pc-linux-gnu/nios2-elf/lib/mhw-mulx/libc.a(lib_a-__atexit.o)
 .text.__register_exitproc
                0x000000000001b5c8       0x90 /opt/intelFPGA/20.1.1/nios2eds/bin/gnu/H-x86_64-pc-linux-gnu/bin/../lib/gcc/nios2-elf/10.1.1/../../../../../H-x86_64-pc-linux-gnu/nios2-elf/lib/mhw-mulx/libc.a(lib_a-__atexit.o)
                0x000000000001b5c8                __register_exitproc
 .text          0x000000000001b658        0x0 /opt/intelFPGA/20.1.1/nios2eds/bin/gnu/H-x86_64-pc-linux-gnu/bin/../lib/gcc/nios2-elf/10.1.1/../../../../../H-x86_64-pc-linux-gnu/nios2-elf/lib/mhw-mulx/libc.a(lib_a-__call_atexit.o)
 .text.__call_exitprocs
                0x000000000001b658      0x120 /opt/intelFPGA/20.1.1/nios2eds/bin/gnu/H-x86_64-pc-linux-gnu/bin/../lib/gcc/nios2-elf/10.1.1/../../../../../H-x86_64-pc-linux-gnu/nios2-elf/lib/mhw-mulx/libc.a(lib_a-__call_atexit.o)
                0x000000000001b658                __call_exitprocs
 *(.gnu.warning.*)
 *(.fini)
                [!provide]                        PROVIDE (__etext = ABSOLUTE (.))
                [!provide]                        PROVIDE (_etext = ABSOLUTE (.))
                [!provide]                        PROVIDE (etext = ABSOLUTE (.))
 *(.eh_frame_hdr)
                0x000000000001b778                . = ALIGN (0x4)
                [!provide]                        PROVIDE (__preinit_array_start = ABSOLUTE (.))
 *(.preinit_array)
                [!provide]                        PROVIDE (__preinit_array_end = ABSOLUTE (.))
                [!provide]                        PROVIDE (__init_array_start = ABSOLUTE (.))
 *(.init_array)
                [!provide]                        PROVIDE (__init_array_end = ABSOLUTE (.))
                [!provide]                        PROVIDE (__fini_array_start = ABSOLUTE (.))
 *(.fini_array)
                [!provide]                        PROVIDE (__fini_array_end = ABSOLUTE (.))
 *(.eh_frame)
 *(.gcc_except_table .gcc_except_table.*)
 *(.dynamic)
                0x000000000001b778                PROVIDE (__CTOR_LIST__ = ABSOLUTE (.))
 *(.ctors)
 *(SORT_BY_NAME(.ctors.*))
                0x000000000001b778                PROVIDE (__CTOR_END__ = ABSOLUTE (.))
                0x000000000001b778                PROVIDE (__DTOR_LIST__ = ABSOLUTE (.))
 *(.dtors)
 *(SORT_BY_NAME(.dtors.*))
                0x000000000001b778                PROVIDE (__DTOR_END__ = ABSOLUTE (.))
 *(.jcr)
                0x000000000001b778                . = ALIGN (0x4)

.rodata         0x000000000001b778      0xa24
                0x000000000001b778                PROVIDE (__ram_rodata_start = ABSOLUTE (.))
                0x000000000001b778                . = ALIGN (0x4)
 *(.rodata .rodata.* .gnu.linkonce.r.*)
 .rodata        0x000000000001b778      0x16c obj/default/hello_ucosii.o
 .rodata.___vfprintf_internal_r.str1.4
                0x000000000001b8e4       0x42 /opt/intelFPGA/20.1.1/nios2eds/bin/gnu/H-x86_64-pc-linux-gnu/bin/../lib/gcc/nios2-elf/10.1.1/../../../../../H-x86_64-pc-linux-gnu/nios2-elf/lib/mhw-mulx/libc.a(lib_a-vfprintf.o)
 *fill*         0x000000000001b926        0x2 
 .rodata.zeroes.0
                0x000000000001b928       0x10 /opt/intelFPGA/20.1.1/nios2eds/bin/gnu/H-x86_64-pc-linux-gnu/bin/../lib/gcc/nios2-elf/10.1.1/../../../../../H-x86_64-pc-linux-gnu/nios2-elf/lib/mhw-mulx/libc.a(lib_a-vfprintf.o)
 .rodata.blanks.1
                0x000000000001b938       0x10 /opt/intelFPGA/20.1.1/nios2eds/bin/gnu/H-x86_64-pc-linux-gnu/bin/../lib/gcc/nios2-elf/10.1.1/../../../../../H-x86_64-pc-linux-gnu/nios2-elf/lib/mhw-mulx/libc.a(lib_a-vfprintf.o)
 .rodata._dtoa_r.str1.4
                0x000000000001b948       0x61 /opt/intelFPGA/20.1.1/nios2eds/bin/gnu/H-x86_64-pc-linux-gnu/bin/../lib/gcc/nios2-elf/10.1.1/../../../../../H-x86_64-pc-linux-gnu/nios2-elf/lib/mhw-mulx/libc.a(lib_a-dtoa.o)
                                         0x65 (size before relaxing)
 *fill*         0x000000000001b9a9        0x3 
 .rodata.__multadd.str1.4
                0x000000000001b9ac       0x3e /opt/intelFPGA/20.1.1/nios2eds/bin/gnu/H-x86_64-pc-linux-gnu/bin/../lib/gcc/nios2-elf/10.1.1/../../../../../H-x86_64-pc-linux-gnu/nios2-elf/lib/mhw-mulx/libc.a(lib_a-mprec.o)
                                         0x52 (size before relaxing)
 *fill*         0x000000000001b9ea        0x2 
 .rodata.p05.0  0x000000000001b9ec        0xc /opt/intelFPGA/20.1.1/nios2eds/bin/gnu/H-x86_64-pc-linux-gnu/bin/../lib/gcc/nios2-elf/10.1.1/../../../../../H-x86_64-pc-linux-gnu/nios2-elf/lib/mhw-mulx/libc.a(lib_a-mprec.o)
 .rodata.__mprec_tinytens
                0x000000000001b9f8       0x28 /opt/intelFPGA/20.1.1/nios2eds/bin/gnu/H-x86_64-pc-linux-gnu/bin/../lib/gcc/nios2-elf/10.1.1/../../../../../H-x86_64-pc-linux-gnu/nios2-elf/lib/mhw-mulx/libc.a(lib_a-mprec.o)
                0x000000000001b9f8                __mprec_tinytens
 .rodata.__mprec_bigtens
                0x000000000001ba20       0x28 /opt/intelFPGA/20.1.1/nios2eds/bin/gnu/H-x86_64-pc-linux-gnu/bin/../lib/gcc/nios2-elf/10.1.1/../../../../../H-x86_64-pc-linux-gnu/nios2-elf/lib/mhw-mulx/libc.a(lib_a-mprec.o)
                0x000000000001ba20                __mprec_bigtens
 .rodata.__mprec_tens
                0x000000000001ba48       0xc8 /opt/intelFPGA/20.1.1/nios2eds/bin/gnu/H-x86_64-pc-linux-gnu/bin/../lib/gcc/nios2-elf/10.1.1/../../../../../H-x86_64-pc-linux-gnu/nios2-elf/lib/mhw-mulx/libc.a(lib_a-mprec.o)
                0x000000000001ba48                __mprec_tens
 .rodata.___vfiprintf_internal_r.str1.4
                0x000000000001bb10       0x2f /opt/intelFPGA/20.1.1/nios2eds/bin/gnu/H-x86_64-pc-linux-gnu/bin/../lib/gcc/nios2-elf/10.1.1/../../../../../H-x86_64-pc-linux-gnu/nios2-elf/lib/mhw-mulx/libc.a(lib_a-vfiprintf.o)
 .rodata.zeroes.0
                0x000000000001bb10       0x10 /opt/intelFPGA/20.1.1/nios2eds/bin/gnu/H-x86_64-pc-linux-gnu/bin/../lib/gcc/nios2-elf/10.1.1/../../../../../H-x86_64-pc-linux-gnu/nios2-elf/lib/mhw-mulx/libc.a(lib_a-vfiprintf.o)
 .rodata.blanks.1
                0x000000000001bb20       0x10 /opt/intelFPGA/20.1.1/nios2eds/bin/gnu/H-x86_64-pc-linux-gnu/bin/../lib/gcc/nios2-elf/10.1.1/../../../../../H-x86_64-pc-linux-gnu/nios2-elf/lib/mhw-mulx/libc.a(lib_a-vfiprintf.o)
 .rodata.__assert_func.str1.4
                0x000000000001bb30       0x3f /opt/intelFPGA/20.1.1/nios2eds/bin/gnu/H-x86_64-pc-linux-gnu/bin/../lib/gcc/nios2-elf/10.1.1/../../../../../H-x86_64-pc-linux-gnu/nios2-elf/lib/mhw-mulx/libc.a(lib_a-assert.o)
                                         0x43 (size before relaxing)
 *fill*         0x000000000001bb6f        0x1 
 .rodata._setlocale_r.str1.4
                0x000000000001bb70        0xa /opt/intelFPGA/20.1.1/nios2eds/bin/gnu/H-x86_64-pc-linux-gnu/bin/../lib/gcc/nios2-elf/10.1.1/../../../../../H-x86_64-pc-linux-gnu/nios2-elf/lib/mhw-mulx/libc.a(lib_a-locale.o)
 *fill*         0x000000000001bb7a        0x2 
 .rodata.str1.4
                0x000000000001bb7c        0x2 /opt/intelFPGA/20.1.1/nios2eds/bin/gnu/H-x86_64-pc-linux-gnu/bin/../lib/gcc/nios2-elf/10.1.1/../../../../../H-x86_64-pc-linux-gnu/nios2-elf/lib/mhw-mulx/libc.a(lib_a-locale.o)
                                          0x5 (size before relaxing)
 *fill*         0x000000000001bb7e        0x2 
 .rodata._ctype_
                0x000000000001bb80      0x101 /opt/intelFPGA/20.1.1/nios2eds/bin/gnu/H-x86_64-pc-linux-gnu/bin/../lib/gcc/nios2-elf/10.1.1/../../../../../H-x86_64-pc-linux-gnu/nios2-elf/lib/mhw-mulx/libc.a(lib_a-ctype_.o)
                0x000000000001bb80                _ctype_
 *fill*         0x000000000001bc81        0x3 
 .rodata._ctype_b
                0x000000000001bc84      0x180 /opt/intelFPGA/20.1.1/nios2eds/bin/gnu/H-x86_64-pc-linux-gnu/bin/../lib/gcc/nios2-elf/10.1.1/../../../../../H-x86_64-pc-linux-gnu/nios2-elf/lib/mhw-mulx/libc.a(lib_a-ctype_.o)
                0x000000000001bc84                _ctype_b
 .rodata        0x000000000001be04      0x100 /opt/intelFPGA/20.1.1/nios2eds/bin/gnu/H-x86_64-pc-linux-gnu/bin/../lib/gcc/nios2-elf/10.1.1/mhw-mulx/libgcc.a(_clz.o)
                0x000000000001be04                __clz_tab
 .rodata        0x000000000001bf04        0xa ../ucosii_binary_game_hal_part1_bsp//libucosii_bsp.a(alt_dev.o)
 *fill*         0x000000000001bf0e        0x2 
 .rodata        0x000000000001bf10        0xf ../ucosii_binary_game_hal_part1_bsp//libucosii_bsp.a(alt_main.o)
 *fill*         0x000000000001bf1f        0x1 
 .rodata        0x000000000001bf20      0x11e ../ucosii_binary_game_hal_part1_bsp//libucosii_bsp.a(os_core.o)
                0x000000000001bf20                OSUnMapTbl
 *fill*         0x000000000001c03e        0x2 
 .rodata        0x000000000001c040      0x159 ../ucosii_binary_game_hal_part1_bsp//libucosii_bsp.a(alt_sys_init.o)
 *(.rodata1)
                0x000000000001c19c                . = ALIGN (0x4)
 *fill*         0x000000000001c199        0x3 
                0x000000000001c19c                PROVIDE (__ram_rodata_end = ABSOLUTE (.))
                0x000000000001b778                PROVIDE (__flash_rodata_start = LOADADDR (.rodata))

.rwdata         0x000000000001c19c     0x1f74 load address 0x000000000001e110
                0x000000000001c19c                PROVIDE (__ram_rwdata_start = ABSOLUTE (.))
                0x000000000001c19c                . = ALIGN (0x4)
 *(.got.plt)
 *(.got)
 *(.data1)
 *(.data .data.* .gnu.linkonce.d.*)
 .data          0x000000000001c19c        0x0 ../ucosii_binary_game_hal_part1_bsp//obj/HAL/src/crt0.o
 .data          0x000000000001c19c        0x0 obj/default/hello_ucosii.o
 .data          0x000000000001c19c        0x0 /opt/intelFPGA/20.1.1/nios2eds/bin/gnu/H-x86_64-pc-linux-gnu/bin/../lib/gcc/nios2-elf/10.1.1/../../../../../H-x86_64-pc-linux-gnu/nios2-elf/lib/mhw-mulx/libc.a(lib_a-memcpy.o)
 .data          0x000000000001c19c        0x0 /opt/intelFPGA/20.1.1/nios2eds/bin/gnu/H-x86_64-pc-linux-gnu/bin/../lib/gcc/nios2-elf/10.1.1/../../../../../H-x86_64-pc-linux-gnu/nios2-elf/lib/mhw-mulx/libc.a(lib_a-printf.o)
 .data          0x000000000001c19c        0x0 /opt/intelFPGA/20.1.1/nios2eds/bin/gnu/H-x86_64-pc-linux-gnu/bin/../lib/gcc/nios2-elf/10.1.1/../../../../../H-x86_64-pc-linux-gnu/nios2-elf/lib/mhw-mulx/libc.a(lib_a-rand.o)
 .data          0x000000000001c19c        0x0 /opt/intelFPGA/20.1.1/nios2eds/bin/gnu/H-x86_64-pc-linux-gnu/bin/../lib/gcc/nios2-elf/10.1.1/../../../../../H-x86_64-pc-linux-gnu/nios2-elf/lib/mhw-mulx/libc.a(lib_a-time.o)
 .data          0x000000000001c19c        0x0 /opt/intelFPGA/20.1.1/nios2eds/bin/gnu/H-x86_64-pc-linux-gnu/bin/../lib/gcc/nios2-elf/10.1.1/../../../../../H-x86_64-pc-linux-gnu/nios2-elf/lib/mhw-mulx/libc.a(lib_a-vfprintf.o)
 .data          0x000000000001c19c        0x0 /opt/intelFPGA/20.1.1/nios2eds/bin/gnu/H-x86_64-pc-linux-gnu/bin/../lib/gcc/nios2-elf/10.1.1/../../../../../H-x86_64-pc-linux-gnu/nios2-elf/lib/mhw-mulx/libc.a(lib_a-wsetup.o)
 .data          0x000000000001c19c        0x0 /opt/intelFPGA/20.1.1/nios2eds/bin/gnu/H-x86_64-pc-linux-gnu/bin/../lib/gcc/nios2-elf/10.1.1/../../../../../H-x86_64-pc-linux-gnu/nios2-elf/lib/mhw-mulx/libc.a(lib_a-dtoa.o)
 .data          0x000000000001c19c        0x0 /opt/intelFPGA/20.1.1/nios2eds/bin/gnu/H-x86_64-pc-linux-gnu/bin/../lib/gcc/nios2-elf/10.1.1/../../../../../H-x86_64-pc-linux-gnu/nios2-elf/lib/mhw-mulx/libc.a(lib_a-fflush.o)
 .data          0x000000000001c19c        0x0 /opt/intelFPGA/20.1.1/nios2eds/bin/gnu/H-x86_64-pc-linux-gnu/bin/../lib/gcc/nios2-elf/10.1.1/../../../../../H-x86_64-pc-linux-gnu/nios2-elf/lib/mhw-mulx/libc.a(lib_a-findfp.o)
 .data          0x000000000001c19c        0x0 /opt/intelFPGA/20.1.1/nios2eds/bin/gnu/H-x86_64-pc-linux-gnu/bin/../lib/gcc/nios2-elf/10.1.1/../../../../../H-x86_64-pc-linux-gnu/nios2-elf/lib/mhw-mulx/libc.a(lib_a-freer.o)
 .data          0x000000000001c19c        0x0 /opt/intelFPGA/20.1.1/nios2eds/bin/gnu/H-x86_64-pc-linux-gnu/bin/../lib/gcc/nios2-elf/10.1.1/../../../../../H-x86_64-pc-linux-gnu/nios2-elf/lib/mhw-mulx/libc.a(lib_a-fwalk.o)
 .data          0x000000000001c19c        0x0 /opt/intelFPGA/20.1.1/nios2eds/bin/gnu/H-x86_64-pc-linux-gnu/bin/../lib/gcc/nios2-elf/10.1.1/../../../../../H-x86_64-pc-linux-gnu/nios2-elf/lib/mhw-mulx/libc.a(lib_a-gettimeofdayr.o)
 .data          0x000000000001c19c        0x0 /opt/intelFPGA/20.1.1/nios2eds/bin/gnu/H-x86_64-pc-linux-gnu/bin/../lib/gcc/nios2-elf/10.1.1/../../../../../H-x86_64-pc-linux-gnu/nios2-elf/lib/mhw-mulx/libc.a(lib_a-impure.o)
 .data.impure_data
                0x000000000001c19c      0x424 /opt/intelFPGA/20.1.1/nios2eds/bin/gnu/H-x86_64-pc-linux-gnu/bin/../lib/gcc/nios2-elf/10.1.1/../../../../../H-x86_64-pc-linux-gnu/nios2-elf/lib/mhw-mulx/libc.a(lib_a-impure.o)
 .data          0x000000000001c5c0        0x0 /opt/intelFPGA/20.1.1/nios2eds/bin/gnu/H-x86_64-pc-linux-gnu/bin/../lib/gcc/nios2-elf/10.1.1/../../../../../H-x86_64-pc-linux-gnu/nios2-elf/lib/mhw-mulx/libc.a(lib_a-int_errno.o)
 .data          0x000000000001c5c0        0x0 /opt/intelFPGA/20.1.1/nios2eds/bin/gnu/H-x86_64-pc-linux-gnu/bin/../lib/gcc/nios2-elf/10.1.1/../../../../../H-x86_64-pc-linux-gnu/nios2-elf/lib/mhw-mulx/libc.a(lib_a-localeconv.o)
 .data          0x000000000001c5c0        0x0 /opt/intelFPGA/20.1.1/nios2eds/bin/gnu/H-x86_64-pc-linux-gnu/bin/../lib/gcc/nios2-elf/10.1.1/../../../../../H-x86_64-pc-linux-gnu/nios2-elf/lib/mhw-mulx/libc.a(lib_a-makebuf.o)
 .data          0x000000000001c5c0        0x0 /opt/intelFPGA/20.1.1/nios2eds/bin/gnu/H-x86_64-pc-linux-gnu/bin/../lib/gcc/nios2-elf/10.1.1/../../../../../H-x86_64-pc-linux-gnu/nios2-elf/lib/mhw-mulx/libc.a(lib_a-mallocr.o)
 .data.__malloc_av_
                0x000000000001c5c0      0x408 /opt/intelFPGA/20.1.1/nios2eds/bin/gnu/H-x86_64-pc-linux-gnu/bin/../lib/gcc/nios2-elf/10.1.1/../../../../../H-x86_64-pc-linux-gnu/nios2-elf/lib/mhw-mulx/libc.a(lib_a-mallocr.o)
                0x000000000001c5c0                __malloc_av_
 .data          0x000000000001c9c8        0x0 /opt/intelFPGA/20.1.1/nios2eds/bin/gnu/H-x86_64-pc-linux-gnu/bin/../lib/gcc/nios2-elf/10.1.1/../../../../../H-x86_64-pc-linux-gnu/nios2-elf/lib/mhw-mulx/libc.a(lib_a-memchr.o)
 .data          0x000000000001c9c8        0x0 /opt/intelFPGA/20.1.1/nios2eds/bin/gnu/H-x86_64-pc-linux-gnu/bin/../lib/gcc/nios2-elf/10.1.1/../../../../../H-x86_64-pc-linux-gnu/nios2-elf/lib/mhw-mulx/libc.a(lib_a-memset.o)
 .data          0x000000000001c9c8        0x0 /opt/intelFPGA/20.1.1/nios2eds/bin/gnu/H-x86_64-pc-linux-gnu/bin/../lib/gcc/nios2-elf/10.1.1/../../../../../H-x86_64-pc-linux-gnu/nios2-elf/lib/mhw-mulx/libc.a(lib_a-mprec.o)
 .data          0x000000000001c9c8        0x0 /opt/intelFPGA/20.1.1/nios2eds/bin/gnu/H-x86_64-pc-linux-gnu/bin/../lib/gcc/nios2-elf/10.1.1/../../../../../H-x86_64-pc-linux-gnu/nios2-elf/lib/mhw-mulx/libc.a(lib_a-sbrkr.o)
 .data          0x000000000001c9c8        0x0 /opt/intelFPGA/20.1.1/nios2eds/bin/gnu/H-x86_64-pc-linux-gnu/bin/../lib/gcc/nios2-elf/10.1.1/../../../../../H-x86_64-pc-linux-gnu/nios2-elf/lib/mhw-mulx/libc.a(lib_a-stdio.o)
 .data          0x000000000001c9c8        0x0 /opt/intelFPGA/20.1.1/nios2eds/bin/gnu/H-x86_64-pc-linux-gnu/bin/../lib/gcc/nios2-elf/10.1.1/../../../../../H-x86_64-pc-linux-gnu/nios2-elf/lib/mhw-mulx/libc.a(lib_a-strlen.o)
 .data          0x000000000001c9c8        0x0 /opt/intelFPGA/20.1.1/nios2eds/bin/gnu/H-x86_64-pc-linux-gnu/bin/../lib/gcc/nios2-elf/10.1.1/../../../../../H-x86_64-pc-linux-gnu/nios2-elf/lib/mhw-mulx/libc.a(lib_a-vfiprintf.o)
 .data          0x000000000001c9c8        0x0 /opt/intelFPGA/20.1.1/nios2eds/bin/gnu/H-x86_64-pc-linux-gnu/bin/../lib/gcc/nios2-elf/10.1.1/../../../../../H-x86_64-pc-linux-gnu/nios2-elf/lib/mhw-mulx/libc.a(lib_a-writer.o)
 .data          0x000000000001c9c8        0x0 /opt/intelFPGA/20.1.1/nios2eds/bin/gnu/H-x86_64-pc-linux-gnu/bin/../lib/gcc/nios2-elf/10.1.1/../../../../../H-x86_64-pc-linux-gnu/nios2-elf/lib/mhw-mulx/libc.a(closer.o)
 .data          0x000000000001c9c8        0x0 /opt/intelFPGA/20.1.1/nios2eds/bin/gnu/H-x86_64-pc-linux-gnu/bin/../lib/gcc/nios2-elf/10.1.1/../../../../../H-x86_64-pc-linux-gnu/nios2-elf/lib/mhw-mulx/libc.a(lib_a-assert.o)
 .data          0x000000000001c9c8        0x0 /opt/intelFPGA/20.1.1/nios2eds/bin/gnu/H-x86_64-pc-linux-gnu/bin/../lib/gcc/nios2-elf/10.1.1/../../../../../H-x86_64-pc-linux-gnu/nios2-elf/lib/mhw-mulx/libc.a(lib_a-callocr.o)